Component: Arm Compiler for Embedded 6.19 Tool: armlink [5e73cb00]

==============================================================================

Section Cross References

    assist.o(.ARM.exidx.text.f_encoder_to_angle) refers to assist.o(.text.f_encoder_to_angle) for [Anonymous Symbol]
    assist.o(.ARM.exidx.text.f_encoder_to_radian) refers to assist.o(.text.f_encoder_to_radian) for [Anonymous Symbol]
    assist.o(.ARM.exidx.text.f_angle_conversion) refers to assist.o(.text.f_angle_conversion) for [Anonymous Symbol]
    assist.o(.ARM.exidx.text.f_get_diff) refers to assist.o(.text.f_get_diff) for [Anonymous Symbol]
    crc.o(.text.Get_CRC8_Check_Sum) refers to crc.o(.rodata.CRC8_TAB) for CRC8_TAB
    crc.o(.ARM.exidx.text.Get_CRC8_Check_Sum) refers to crc.o(.text.Get_CRC8_Check_Sum) for [Anonymous Symbol]
    crc.o(.text.Verify_CRC8_Check_Sum) refers to crc.o(.rodata.CRC8_TAB) for CRC8_TAB
    crc.o(.ARM.exidx.text.Verify_CRC8_Check_Sum) refers to crc.o(.text.Verify_CRC8_Check_Sum) for [Anonymous Symbol]
    crc.o(.text.Append_CRC8_Check_Sum) refers to crc.o(.rodata.CRC8_TAB) for CRC8_TAB
    crc.o(.ARM.exidx.text.Append_CRC8_Check_Sum) refers to crc.o(.text.Append_CRC8_Check_Sum) for [Anonymous Symbol]
    crc.o(.text.Get_CRC16_Check_Sum) refers to crc.o(.rodata.wCRC_Table) for wCRC_Table
    crc.o(.ARM.exidx.text.Get_CRC16_Check_Sum) refers to crc.o(.text.Get_CRC16_Check_Sum) for [Anonymous Symbol]
    crc.o(.text.Verify_CRC16_Check_Sum) refers to crc.o(.data.CRC_INIT) for CRC_INIT
    crc.o(.text.Verify_CRC16_Check_Sum) refers to crc.o(.rodata.wCRC_Table) for wCRC_Table
    crc.o(.ARM.exidx.text.Verify_CRC16_Check_Sum) refers to crc.o(.text.Verify_CRC16_Check_Sum) for [Anonymous Symbol]
    crc.o(.text.Append_CRC16_Check_Sum) refers to crc.o(.data.CRC_INIT) for CRC_INIT
    crc.o(.text.Append_CRC16_Check_Sum) refers to crc.o(.rodata.wCRC_Table) for wCRC_Table
    crc.o(.ARM.exidx.text.Append_CRC16_Check_Sum) refers to crc.o(.text.Append_CRC16_Check_Sum) for [Anonymous Symbol]
    filter.o(.ARM.exidx.text.LP_FilterInit) refers to filter.o(.text.LP_FilterInit) for [Anonymous Symbol]
    filter.o(.ARM.exidx.text.LP_FilterCalc) refers to filter.o(.text.LP_FilterCalc) for [Anonymous Symbol]
    filter.o(.ARM.exidx.text.Kalman_Init) refers to filter.o(.text.Kalman_Init) for [Anonymous Symbol]
    filter.o(.ARM.exidx.text.KalmanFilterCalc) refers to filter.o(.text.KalmanFilterCalc) for [Anonymous Symbol]
    kalman.o(.ARM.exidx.text.KalmanCreate) refers to kalman.o(.text.KalmanCreate) for [Anonymous Symbol]
    kalman.o(.ARM.exidx.text.KalmanFilter) refers to kalman.o(.text.KalmanFilter) for [Anonymous Symbol]
    kalman.o(.text.kalman_filter_init) refers to arm_mat_init_f32.o(.text.arm_mat_init_f32) for arm_mat_init_f32
    kalman.o(.text.kalman_filter_init) refers to arm_mat_trans_f32.o(.text.arm_mat_trans_f32) for arm_mat_trans_f32
    kalman.o(.ARM.exidx.text.kalman_filter_init) refers to kalman.o(.text.kalman_filter_init) for [Anonymous Symbol]
    kalman.o(.text.kalman_filter_calc) refers to arm_mat_init_f32.o(.text.arm_mat_init_f32) for arm_mat_init_f32
    kalman.o(.text.kalman_filter_calc) refers to arm_mat_mult_f32.o(.text.arm_mat_mult_f32) for arm_mat_mult_f32
    kalman.o(.text.kalman_filter_calc) refers to arm_mat_add_f32.o(.text.arm_mat_add_f32) for arm_mat_add_f32
    kalman.o(.text.kalman_filter_calc) refers to arm_mat_inverse_f32.o(.text.arm_mat_inverse_f32) for arm_mat_inverse_f32
    kalman.o(.text.kalman_filter_calc) refers to arm_mat_sub_f32.o(.text.arm_mat_sub_f32) for arm_mat_sub_f32
    kalman.o(.ARM.exidx.text.kalman_filter_calc) refers to kalman.o(.text.kalman_filter_calc) for [Anonymous Symbol]
    pid.o(.ARM.exidx.text.PID_Init_ByParamArray) refers to pid.o(.text.PID_Init_ByParamArray) for [Anonymous Symbol]
    pid.o(.ARM.exidx.text.PID_param_init) refers to pid.o(.text.PID_param_init) for [Anonymous Symbol]
    pid.o(.ARM.exidx.text.f_PID_Calculate) refers to pid.o(.text.f_PID_Calculate) for [Anonymous Symbol]
    pid.o(.text.PID_Init) refers to pid.o(.text.PID_clear) for PID_clear
    pid.o(.text.PID_Init) refers to pid.o(.text.PID_param_init) for PID_param_init
    pid.o(.ARM.exidx.text.PID_Init) refers to pid.o(.text.PID_Init) for [Anonymous Symbol]
    pid.o(.ARM.exidx.text.PID_clear) refers to pid.o(.text.PID_clear) for [Anonymous Symbol]
    chassis_task.o(.text.Chassis_Task) refers to chassis_task.o(.data.Chassis_Ctrl) for Chassis_Ctrl
    chassis_task.o(.text.Chassis_Task) refers to chassis.o(.text.Chassis_Set_Pid) for Chassis_Set_Pid
    chassis_task.o(.text.Chassis_Task) refers to chassis.o(.text.CHASSIS_Stop) for CHASSIS_Stop
    chassis_task.o(.text.Chassis_Task) refers to can_1.o(.bss.hcan1) for hcan1
    chassis_task.o(.text.Chassis_Task) refers to bsp_can.o(.data.CAN_TxMsg) for CAN_TxMsg
    chassis_task.o(.text.Chassis_Task) refers to bsp_pm01_api.o(.text.pm01_access_poll) for pm01_access_poll
[...]
    [Anonymous Symbol]                       0x08000fa0   Section        0  stm32f4xx_hal_cortex.o(.text.HAL_NVIC_SetPriority)
    [Anonymous Symbol]                       0x08000ff8   Section        0  stm32f4xx_hal_cortex.o(.text.HAL_NVIC_SetPriorityGrouping)
    [Anonymous Symbol]                       0x08001018   Section        0  stm32f4xx_hal_pwr_ex.o(.text.HAL_PWREx_EnableOverDrive)
    [Anonymous Symbol]                       0x08001094   Section        0  stm32f4xx_hal_rcc.o(.text.HAL_RCC_ClockConfig)
    [Anonymous Symbol]                       0x080011f4   Section        0  stm32f4xx_hal_rcc.o(.text.HAL_RCC_GetClockConfig)
    [Anonymous Symbol]                       0x08001234   Section        0  stm32f4xx_hal_rcc.o(.text.HAL_RCC_GetPCLK1Freq)
    [Anonymous Symbol]                       0x0800125c   Section        0  stm32f4xx_hal_rcc.o(.text.HAL_RCC_GetPCLK2Freq)
    [Anonymous Symbol]                       0x08001284   Section        0  stm32f4xx_hal_rcc.o(.text.HAL_RCC_GetSysClockFreq)
    [Anonymous Symbol]                       0x080012ec   Section        0  stm32f4xx_hal_rcc.o(.text.HAL_RCC_OscConfig)
    [Anonymous Symbol]                       0x0800164c   Section        0  stm32f4xx_hal_spi.o(.text.HAL_SPI_Init)
    [Anonymous Symbol]                       0x08001700   Section        0  spi.o(.text.HAL_SPI_MspInit)
    [Anonymous Symbol]                       0x0800176c   Section        0  stm32f4xx_hal_tim_ex.o(.text.HAL_TIMEx_BreakCallback)
    [Anonymous Symbol]                       0x08001770   Section        0  stm32f4xx_hal_tim_ex.o(.text.HAL_TIMEx_CommutCallback)
    [Anonymous Symbol]                       0x08001774   Section        0  stm32f4xx_hal_tim.o(.text.HAL_TIM_Base_Init)
    [Anonymous Symbol]                       0x080017d0   Section        0  stm32f4xx_hal_tim.o(.text.HAL_TIM_Base_MspInit)
    [Anonymous Symbol]                       0x080017d4   Section        0  stm32f4xx_hal_tim.o(.text.HAL_TIM_Base_Start_IT)
    [Anonymous Symbol]                       0x0800187c   Section        0  stm32f4xx_hal_tim.o(.text.HAL_TIM_IC_CaptureCallback)
    [Anonymous Symbol]                       0x08001880   Section        0  stm32f4xx_hal_tim.o(.text.HAL_TIM_IRQHandler)
    [Anonymous Symbol]                       0x080019ec   Section        0  stm32f4xx_hal_tim.o(.text.HAL_TIM_OC_DelayElapsedCallback)
    [Anonymous Symbol]                       0x080019f0   Section        0  stm32f4xx_hal_tim.o(.text.HAL_TIM_PWM_PulseFinishedCallback)
    [Anonymous Symbol]                       0x080019f4   Section        0  main.o(.text.HAL_TIM_PeriodElapsedCallback)
    [Anonymous Symbol]                       0x08001a04   Section        0  stm32f4xx_hal_tim.o(.text.HAL_TIM_TriggerCallback)
    [Anonymous Symbol]                       0x08001a08   Section        0  stm32f4xx_hal_uart.o(.text.HAL_UART_Init)
    [Anonymous Symbol]                       0x08001a68   Section        0  usart.o(.text.HAL_UART_MspInit)
    [Anonymous Symbol]                       0x08001ad4   Section        0  stm32f4xx_it.o(.text.HardFault_Handler)
    [Anonymous Symbol]                       0x08001ad8   Section        0  kalman.o(.text.KalmanCreate)
    [Anonymous Symbol]                       0x08001af4   Section        0  bsp_rc.o(.text.Key_SHIFT)
    [Anonymous Symbol]                       0x08001b90   Section        0  can_1.o(.text.MX_CAN1_Init)
    [Anonymous Symbol]                       0x08001bc8   Section        0  can_1.o(.text.MX_CAN2_Init)
    [Anonymous Symbol]                       0x08001c00   Section        0  freertos.o(.text.MX_FREERTOS_Init)
    [Anonymous Symbol]                       0x08001c94   Section        0  gpio.o(.text.MX_GPIO_Init)
    [Anonymous Symbol]                       0x08001d1c   Section        0  spi.o(.text.MX_SPI5_Init)
    [Anonymous Symbol]                       0x08001d64   Section        0  usart.o(.text.MX_USART3_UART_Init)
    [Anonymous Symbol]                       0x08001da0   Section        0  stm32f4xx_it.o(.text.MemManage_Handler)
    [Anonymous Symbol]                       0x08001da4   Section        0  stm32f4xx_it.o(.text.NMI_Handler)
    [Anonymous Symbol]                       0x08001da8   Section        0  pid.o(.text.PID_Init_ByParamArray)
    [Anonymous Symbol]                       0x08001de0   Section        0  port.o(.text.PendSV_Handler)
    pxCurrentTCBConst                        0x08001e40   Number         0  port.o(.text.PendSV_Handler)
    [Anonymous Symbol]                       0x08001e50   Section        0  port.o(.text.SVC_Handler)
    pxCurrentTCBConst2                       0x08001e70   Number         0  port.o(.text.SVC_Handler)
    [Anonymous Symbol]                       0x08001e74   Section        0  freertos.o(.text.StartDefaultTask)
    [Anonymous Symbol]                       0x08001e7c   Section        0  port.o(.text.SysTick_Handler)
    [Anonymous Symbol]                       0x08001eac   Section        0  main.o(.text.SystemClock_Config)
    [Anonymous Symbol]                       0x08001f70   Section        0  system_stm32f4xx.o(.text.SystemInit)
    [Anonymous Symbol]                       0x08001f84   Section        0  stm32f4xx_it.o(.text.TIM2_IRQHandler)
    [Anonymous Symbol]                       0x08001f90   Section        0  stm32f4xx_hal_tim.o(.text.TIM_Base_SetConfig)
    UART_SetConfig                           0x080020b5   Thumb Code   234  stm32f4xx_hal_uart.o(.text.UART_SetConfig)
    [Anonymous Symbol]                       0x080020b4   Section        0  stm32f4xx_hal_uart.o(.text.UART_SetConfig)
    [Anonymous Symbol]                       0x080021a0   Section        0  bsp_can.o(.text.USER_CAN_TxMessage)
    [Anonymous Symbol]                       0x080021cc   Section        0  stm32f4xx_it.o(.text.UsageFault_Handler)
    [Anonymous Symbol]                       0x080021d0   Section        0  chassis.o(.text.control_switch)
    [Anonymous Symbol]                       0x08002224   Section        0  motor.o(.text.get_DJI_Motor_Info)
    [Anonymous Symbol]                       0x08002408   Section        0  bsp_rc.o(.text.get_rc_ctrl_data)
    [Anonymous Symbol]                       0x08002448   Section        0  main.o(.text.main)
    [Anonymous Symbol]                       0x08002470   Section        0  cmsis_os.o(.text.osDelay)
    [Anonymous Symbol]                       0x08002480   Section        0  cmsis_os.o(.text.osKernelStart)
    [Anonymous Symbol]                       0x0800248c   Section        0  cmsis_os.o(.text.osThreadCreate)
    [Anonymous Symbol]                       0x080024e8   Section        0  bsp_pm01_api.o(.text.pm01_access_poll)
    prvAddNewTaskToReadyList                 0x080026b1   Thumb Code   318  tasks.o(.text.prvAddNewTaskToReadyList)
    [Anonymous Symbol]                       0x080026b0   Section        0  tasks.o(.text.prvAddNewTaskToReadyList)
    prvIdleTask                              0x080027f1   Thumb Code   150  tasks.o(.text.prvIdleTask)
    [Anonymous Symbol]                       0x080027f0   Section        0  tasks.o(.text.prvIdleTask)
    prvInitialiseNewTask                     0x08002889   Thumb Code   278  tasks.o(.text.prvInitialiseNewTask)
    [Anonymous Symbol]                       0x08002888   Section        0  tasks.o(.text.prvInitialiseNewTask)
    prvPortStartFirstTask                    0x080029a1   Thumb Code    34  port.o(.text.prvPortStartFirstTask)
    [Anonymous Symbol]                       0x080029a0   Section        0  port.o(.text.prvPortStartFirstTask)
    prvTaskExitError                         0x080029c9   Thumb Code    62  port.o(.text.prvTaskExitError)
    [Anonymous Symbol]                       0x080029c8   Section        0  port.o(.text.prvTaskExitError)
    [Anonymous Symbol]                       0x08002a08   Section        0  heap_4.o(.text.pvPortMalloc)
    [Anonymous Symbol]                       0x08002c2c   Section        0  port.o(.text.pxPortInitialiseStack)
    [Anonymous Symbol]                       0x08002c54   Section        0  list.o(.text.uxListRemove)
    [Anonymous Symbol]                       0x08002c78   Section        0  freertos.o(.text.vApplicationGetIdleTaskMemory)
    [Anonymous Symbol]                       0x08002c94   Section        0  list.o(.text.vListInitialise)
    [Anonymous Symbol]                       0x08002cac   Section        0  list.o(.text.vListInitialiseItem)
    [Anonymous Symbol]                       0x08002cb4   Section        0  list.o(.text.vListInsert)
    [Anonymous Symbol]                       0x08002d14   Section        0  list.o(.text.vListInsertEnd)
    vPortEnableVFP                           0x08002d31   Thumb Code    14  port.o(.text.vPortEnableVFP)
    [Anonymous Symbol]                       0x08002d30   Section        0  port.o(.text.vPortEnableVFP)
    [Anonymous Symbol]                       0x08002d44   Section        0  port.o(.text.vPortEnterCritical)
    [Anonymous Symbol]                       0x08002d8c   Section        0  port.o(.text.vPortExitCritical)
    [Anonymous Symbol]                       0x08002dbc   Section        0  heap_4.o(.text.vPortFree)
    [Anonymous Symbol]                       0x08002ea0   Section        0  port.o(.text.vPortSetupTimerInterrupt)
    [Anonymous Symbol]                       0x08002ed4   Section        0  tasks.o(.text.vTaskDelay)
    [Anonymous Symbol]                       0x08002f98   Section        0  tasks.o(.text.vTaskStartScheduler)
    [Anonymous Symbol]                       0x0800307c   Section        0  tasks.o(.text.vTaskSuspendAll)
    [Anonymous Symbol]                       0x0800308c   Section        0  tasks.o(.text.vTaskSwitchContext)
    [Anonymous Symbol]                       0x08003110   Section        0  port.o(.text.xPortStartScheduler)
    [Anonymous Symbol]                       0x08003298   Section        0  tasks.o(.text.xTaskCreate)
    [Anonymous Symbol]                       0x080032f8   Section        0  tasks.o(.text.xTaskCreateStatic)
    [Anonymous Symbol]                       0x08003370   Section        0  tasks.o(.text.xTaskIncrementTick)
    [Anonymous Symbol]                       0x080034f0   Section        0  tasks.o(.text.xTaskResumeAll)
    $v0                                      0x08003628   Number         0  fpinit.o(x$fpl$fpinit)
    x$fpl$fpinit                             0x08003628   Section       26  fpinit.o(x$fpl$fpinit)
    [Anonymous Symbol]                       0x0800365a   Section        0  freertos.o(.rodata.str1.1)
    pm01_access_poll.m_can_id                0x200006b8   Data           2  bsp_pm01_api.o(.data.pm01_access_poll.m_can_id)
    [Anonymous Symbol]                       0x200006b8   Section        0  bsp_pm01_api.o(.data.pm01_access_poll.m_can_id)
    uxCriticalNesting                        0x200006c8   Data           4  port.o(.data.uxCriticalNesting)
    [Anonymous Symbol]                       0x200006c8   Section        0  port.o(.data.uxCriticalNesting)
    .bss                                     0x200006d0   Section       96  libspace.o(.bss)
    HAL_RCC_CAN1_CLK_ENABLED                 0x2000075c   Data           4  can_1.o(.bss.HAL_RCC_CAN1_CLK_ENABLED)
    [Anonymous Symbol]                       0x2000075c   Section        0  can_1.o(.bss.HAL_RCC_CAN1_CLK_ENABLED)
    Key_SHIFT.res                            0x200007cc   Data           1  bsp_rc.o(.bss.Key_SHIFT.res)
    [Anonymous Symbol]                       0x200007cc   Section        0  bsp_rc.o(.bss.Key_SHIFT.res)
    pm01_access_poll.i                       0x2000090e   Data           2  bsp_pm01_api.o(.bss.pm01_access_poll.i)
    [Anonymous Symbol]                       0x2000090e   Section        0  bsp_pm01_api.o(.bss.pm01_access_poll.i)
    pm01_access_poll.m_state                 0x20000910   Data           1  bsp_pm01_api.o(.bss.pm01_access_poll.m_state)
    [Anonymous Symbol]                       0x20000910   Section        0  bsp_pm01_api.o(.bss.pm01_access_poll.m_state)
    pm01_access_poll.m_timeout               0x20000914   Data           4  bsp_pm01_api.o(.bss.pm01_access_poll.m_timeout)
    [Anonymous Symbol]                       0x20000914   Section        0  bsp_pm01_api.o(.bss.pm01_access_poll.m_timeout)
    pxDelayedTaskList                        0x20000940   Data           4  tasks.o(.bss.pxDelayedTaskList)
    [Anonymous Symbol]                       0x20000940   Section        0  tasks.o(.bss.pxDelayedTaskList)
    pxEnd                                    0x20000944   Data           4  heap_4.o(.bss.pxEnd)
    [Anonymous Symbol]                       0x20000944   Section        0  heap_4.o(.bss.pxEnd)
    pxOverflowDelayedTaskList                0x20000948   Data           4  tasks.o(.bss.pxOverflowDelayedTaskList)
    [Anonymous Symbol]                       0x20000948   Section        0  tasks.o(.bss.pxOverflowDelayedTaskList)
    pxReadyTasksLists                        0x2000094c   Data         140  tasks.o(.bss.pxReadyTasksLists)
    [Anonymous Symbol]                       0x2000094c   Section        0  tasks.o(.bss.pxReadyTasksLists)
    ucHeap                                   0x200009f0   Data       15360  heap_4.o(.bss.ucHeap)
    [Anonymous Symbol]                       0x200009f0   Section        0  heap_4.o(.bss.ucHeap)
    ucMaxSysCallPriority                     0x200045f0   Data           1  port.o(.bss.ucMaxSysCallPriority)
    [Anonymous Symbol]                       0x200045f0   Section        0  port.o(.bss.ucMaxSysCallPriority)
    ulMaxPRIGROUPValue                       0x200045f4   Data           4  port.o(.bss.ulMaxPRIGROUPValue)
    [Anonymous Symbol]                       0x200045f4   Section        0  port.o(.bss.ulMaxPRIGROUPValue)
    uxCurrentNumberOfTasks                   0x200045fc   Data           4  tasks.o(.bss.uxCurrentNumberOfTasks)
    [Anonymous Symbol]                       0x200045fc   Section        0  tasks.o(.bss.uxCurrentNumberOfTasks)
    uxDeletedTasksWaitingCleanUp             0x20004600   Data           4  tasks.o(.bss.uxDeletedTasksWaitingCleanUp)
    [Anonymous Symbol]                       0x20004600   Section        0  tasks.o(.bss.uxDeletedTasksWaitingCleanUp)
    uxSchedulerSuspended                     0x20004604   Data           4  tasks.o(.bss.uxSchedulerSuspended)
    [Anonymous Symbol]                       0x20004604   Section        0  tasks.o(.bss.uxSchedulerSuspended)
    uxTaskNumber                             0x20004608   Data           4  tasks.o(.bss.uxTaskNumber)
    [Anonymous Symbol]                       0x20004608   Section        0  tasks.o(.bss.uxTaskNumber)
    uxTopReadyPriority                       0x2000460c   Data           4  tasks.o(.bss.uxTopReadyPriority)
    [Anonymous Symbol]                       0x2000460c   Section        0  tasks.o(.bss.uxTopReadyPriority)
    xBlockAllocatedBit                       0x20004610   Data           1  heap_4.o(.bss.xBlockAllocatedBit)
    [Anonymous Symbol]                       0x20004610   Section        0  heap_4.o(.bss.xBlockAllocatedBit)
    xDelayedTaskList1                        0x20004614   Data          20  tasks.o(.bss.xDelayedTaskList1)
    [Anonymous Symbol]                       0x20004614   Section        0  tasks.o(.bss.xDelayedTaskList1)
    xDelayedTaskList2                        0x20004628   Data          20  tasks.o(.bss.xDelayedTaskList2)
    [Anonymous Symbol]                       0x20004628   Section        0  tasks.o(.bss.xDelayedTaskList2)
    xFreeBytesRemaining                      0x2000463c   Data           4  heap_4.o(.bss.xFreeBytesRemaining)
    [Anonymous Symbol]                       0x2000463c   Section        0  heap_4.o(.bss.xFreeBytesRemaining)
    xIdleStack                               0x20004640   Data         512  freertos.o(.bss.xIdleStack)
    [Anonymous Symbol]                       0x20004640   Section        0  freertos.o(.bss.xIdleStack)
    xIdleTaskHandle                          0x20004840   Data           4  tasks.o(.bss.xIdleTaskHandle)
    [Anonymous Symbol]                       0x20004840   Section        0  tasks.o(.bss.xIdleTaskHandle)
    xIdleTaskTCBBuffer                       0x20004844   Data          84  freertos.o(.bss.xIdleTaskTCBBuffer)
    [Anonymous Symbol]                       0x20004844   Section        0  freertos.o(.bss.xIdleTaskTCBBuffer)
    xMinimumEverFreeBytesRemaining           0x20004898   Data           4  heap_4.o(.bss.xMinimumEverFreeBytesRemaining)
    [Anonymous Symbol]                       0x20004898   Section        0  heap_4.o(.bss.xMinimumEverFreeBytesRemaining)
    xNextTaskUnblockTime                     0x2000489c   Data           4  tasks.o(.bss.xNextTaskUnblockTime)
    [Anonymous Symbol]                       0x2000489c   Section        0  tasks.o(.bss.xNextTaskUnblockTime)
    xNumOfOverflows                          0x200048a0   Data           4  tasks.o(.bss.xNumOfOverflows)
    [Anonymous Symbol]                       0x200048a0   Section        0  tasks.o(.bss.xNumOfOverflows)
    xNumberOfSuccessfulAllocations           0x200048a4   Data           4  heap_4.o(.bss.xNumberOfSuccessfulAllocations)
    [Anonymous Symbol]                       0x200048a4   Section        0  heap_4.o(.bss.xNumberOfSuccessfulAllocations)
    xNumberOfSuccessfulFrees                 0x200048a8   Data           4  heap_4.o(.bss.xNumberOfSuccessfulFrees)
    [Anonymous Symbol]                       0x200048a8   Section        0  heap_4.o(.bss.xNumberOfSuccessfulFrees)
    xPendedTicks                             0x200048ac   Data           4  tasks.o(.bss.xPendedTicks)
    [Anonymous Symbol]                       0x200048ac   Section        0  tasks.o(.bss.xPendedTicks)
    xPendingReadyList                        0x200048b0   Data          20  tasks.o(.bss.xPendingReadyList)
    [Anonymous Symbol]                       0x200048b0   Section        0  tasks.o(.bss.xPendingReadyList)
    xSchedulerRunning                        0x200048c4   Data           4  tasks.o(.bss.xSchedulerRunning)
    [Anonymous Symbol]                       0x200048c4   Section        0  tasks.o(.bss.xSchedulerRunning)
    xStart                                   0x200048c8   Data           8  heap_4.o(.bss.xStart)
    [Anonymous Symbol]                       0x200048c8   Section        0  heap_4.o(.bss.xStart)
    xSuspendedTaskList                       0x200048d0   Data          20  tasks.o(.bss.xSuspendedTaskList)
    [Anonymous Symbol]                       0x200048d0   Section        0  tasks.o(.bss.xSuspendedTaskList)
    xTasksWaitingTermination                 0x200048e4   Data          20  tasks.o(.bss.xTasksWaitingTermination)
    [Anonymous Symbol]                       0x200048e4   Section        0  tasks.o(.bss.xTasksWaitingTermination)
    xTickCount                               0x200048f8   Data           4  tasks.o(.bss.xTickCount)
    [Anonymous Symbol]                       0x200048f8   Section        0  tasks.o(.bss.xTickCount)
    xYieldPending                            0x200048fc   Data           4  tasks.o(.bss.xYieldPending)
    [Anonymous Symbol]                       0x200048fc   Section        0  tasks.o(.bss.xYieldPending)
    Heap_Mem                                 0x20004900   Data         512  startup_stm32f427xx.o(HEAP)
    HEAP                                     0x20004900   Section      512  startup_stm32f427xx.o(HEAP)
    Stack_Mem                                0x20004b00   Data        1024  startup_stm32f427xx.o(STACK)
    STACK                                    0x20004b00   Section     1024  startup_stm32f427xx.o(STACK)
    __initial_sp                             0x20004f00   Data           0  startup_stm32f427xx.o(STACK)

    Global Symbols

    Symbol Name                              Value     Ov Type        Size  Object(Section)

    BuildAttributes$$THM_ISAv4$E$P$D$K$B$S$7EM$VFPi3$EXTD16$VFPS$VFMA$PE$A:L22UL41UL21$X:L11$S22US41US21$IEEE1$IW$~IW$USESV6$~STKCKD$USESV7$~SHL$OTIME$ROPI$IEEEX$EBA8$UX$STANDARDLIB$REQ8$PRES8$EABIv2 0x00000000   Number         0  anon$$obj.o ABSOLUTE
    __ARM_exceptions_init                     - Undefined Weak Reference
    __alloca_initialize                       - Undefined Weak Reference
    __arm_preinit_                            - Undefined Weak Reference
    __arm_relocate_pie_                       - Undefined Weak Reference
    __cpp_initialize__aeabi_                  - Undefined Weak Reference
    __cxa_finalize                            - Undefined Weak Reference
    __rt_locale                               - Undefined Weak Reference
    __sigvec_lookup                           - Undefined Weak Reference
    _atexit_init                              - Undefined Weak Reference
    _call_atexit_fns                          - Undefined Weak Reference
    _clock_init                               - Undefined Weak Reference
    _fp_trap_init                             - Undefined Weak Reference
    _fp_trap_shutdown                         - Undefined Weak Reference
    _get_lc_collate                           - Undefined Weak Reference
    _get_lc_ctype                             - Undefined Weak Reference
    _get_lc_monetary                          - Undefined Weak Reference
    _get_lc_numeric                           - Undefined Weak Reference
    _get_lc_time                              - Undefined Weak Reference
    _getenv_init                              - Undefined Weak Reference
    _handle_redirection                       - Undefined Weak Reference
    _init_alloc                               - Undefined Weak Reference
    _init_user_alloc                          - Undefined Weak Reference
    _initio                                   - Undefined Weak Reference
    _rand_init                                - Undefined Weak Reference
    _signal_finish                            - Undefined Weak Reference
    _signal_init                              - Undefined Weak Reference
    _terminate_alloc                          - Undefined Weak Reference
    _terminate_user_alloc                     - Undefined Weak Reference
    _terminateio                              - Undefined Weak Reference
    __Vectors_Size                           0x000001ac   Number         0  startup_stm32f427xx.o ABSOLUTE
    __Vectors                                0x08000000   Data           4  startup_stm32f427xx.o(RESET)
    __Vectors_End                            0x080001ac   Data           0  startup_stm32f427xx.o(RESET)
    __main                                   0x080001ad   Thumb Code     8  __main.o(!!!main)
    __scatterload                            0x080001b5   Thumb Code     0  __scatter.o(!!!scatter)
    __scatterload_rt2                        0x080001b5   Thumb Code    44  __scatter.o(!!!scatter)
    __scatterload_rt2_thumb_only             0x080001b5   Thumb Code     0  __scatter.o(!!!scatter)
    __scatterload_null                       0x080001c3   Thumb Code     0  __scatter.o(!!!scatter)
    __decompress                             0x080001e9   Thumb Code    58  __dczerorl.o(!!dczerorl)
    __decompress0                            0x080001e9   Thumb Code     0  __dczerorl.o(!!dczerorl)
    __scatterload_zeroinit                   0x08000225   Thumb Code    28  __scatter_zi.o(!!handler_zi)
    __rt_lib_init                            0x08000241   Thumb Code     0  libinit.o(.ARM.Collect$$libinit$$00000000)
    __rt_lib_init_fp_1                       0x08000243   Thumb Code     0  libinit2.o(.ARM.Collect$$libinit$$00000001)
    __rt_lib_init_alloca_1                   0x08000247   Thumb Code     0  libinit2.o(.ARM.Collect$$libinit$$00000030)
    __rt_lib_init_argv_1                     0x08000247   Thumb Code     0  libinit2.o(.ARM.Collect$$libinit$$0000002E)
    __rt_lib_init_atexit_1                   0x08000247   Thumb Code     0  libinit2.o(.ARM.Collect$$libinit$$0000001D)
    __rt_lib_init_clock_1                    0x08000247   Thumb Code     0  libinit2.o(.ARM.Collect$$libinit$$00000023)
    __rt_lib_init_cpp_1                      0x08000247   Thumb Code     0  libinit2.o(.ARM.Collect$$libinit$$00000034)
    __rt_lib_init_exceptions_1               0x08000247   Thumb Code     0  libinit2.o(.ARM.Collect$$libinit$$00000032)
    __rt_lib_init_fp_trap_1                  0x08000247   Thumb Code     0  libinit2.o(.ARM.Collect$$libinit$$00000021)
    __rt_lib_init_getenv_1                   0x08000247   Thumb Code     0  libinit2.o(.ARM.Collect$$libinit$$00000025)
    __rt_lib_init_heap_1                     0x08000247   Thumb Code     0  libinit2.o(.ARM.Collect$$libinit$$0000000C)
    __rt_lib_init_lc_collate_1               0x08000247   Thumb Code     0  libinit2.o(.ARM.Collect$$libinit$$00000013)
    __rt_lib_init_lc_ctype_1                 0x08000247   Thumb Code     0  libinit2.o(.ARM.Collect$$libinit$$00000015)
    __rt_lib_init_lc_monetary_1              0x08000247   Thumb Code     0  libinit2.o(.ARM.Collect$$libinit$$00000017)
    __rt_lib_init_lc_numeric_1               0x08000247   Thumb Code     0  libinit2.o(.ARM.Collect$$libinit$$00000019)
    __rt_lib_init_lc_time_1                  0x08000247   Thumb Code     0  libinit2.o(.ARM.Collect$$libinit$$0000001B)
    __rt_lib_init_preinit_1                  0x08000247   Thumb Code     0  libinit2.o(.ARM.Collect$$libinit$$00000006)
    __rt_lib_init_rand_1                     0x08000247   Thumb Code     0  libinit2.o(.ARM.Collect$$libinit$$00000010)
    __rt_lib_init_relocate_pie_1             0x08000247   Thumb Code     0  libinit2.o(.ARM.Collect$$libinit$$00000004)
    __rt_lib_init_return                     0x08000247   Thumb Code     0  libinit2.o(.ARM.Collect$$libinit$$00000035)
    __rt_lib_init_signal_1                   0x08000247   Thumb Code     0  libinit2.o(.ARM.Collect$$libinit$$0000001F)
    __rt_lib_init_stdio_1                    0x08000247   Thumb Code     0  libinit2.o(.ARM.Collect$$libinit$$00000027)
    __rt_lib_init_user_alloc_1               0x08000247   Thumb Code     0  libinit2.o(.ARM.Collect$$libinit$$0000000E)
    __rt_lib_shutdown                        0x08000249   Thumb Code     0  libshutdown.o(.ARM.Collect$$libshutdown$$00000000)
    __rt_lib_shutdown_cpp_1                  0x0800024b   Thumb Code     0  libshutdown2.o(.ARM.Collect$$libshutdown$$00000002)
    __rt_lib_shutdown_fp_trap_1              0x0800024b   Thumb Code     0  libshutdown2.o(.ARM.Collect$$libshutdown$$00000007)
    __rt_lib_shutdown_heap_1                 0x0800024b   Thumb Code     0  libshutdown2.o(.ARM.Collect$$libshutdown$$0000000F)
    __rt_lib_shutdown_return                 0x0800024b   Thumb Code     0  libshutdown2.o(.ARM.Collect$$libshutdown$$00000010)
    __rt_lib_shutdown_signal_1               0x0800024b   Thumb Code     0  libshutdown2.o(.ARM.Collect$$libshutdown$$0000000A)
    __rt_lib_shutdown_stdio_1                0x0800024b   Thumb Code     0  libshutdown2.o(.ARM.Collect$$libshutdown$$00000004)
    __rt_lib_shutdown_user_alloc_1           0x0800024b   Thumb Code     0  libshutdown2.o(.ARM.Collect$$libshutdown$$0000000C)
    __rt_entry                               0x0800024d   Thumb Code     0  __rtentry.o(.ARM.Collect$$rtentry$$00000000)
    __rt_entry_presh_1                       0x0800024d   Thumb Code     0  __rtentry2.o(.ARM.Collect$$rtentry$$00000002)
    __rt_entry_sh                            0x0800024d   Thumb Code     0  __rtentry4.o(.ARM.Collect$$rtentry$$00000004)
    __rt_entry_li                            0x08000253   Thumb Code     0  __rtentry2.o(.ARM.Collect$$rtentry$$0000000A)
    __rt_entry_postsh_1                      0x08000253   Thumb Code     0  __rtentry2.o(.ARM.Collect$$rtentry$$00000009)
    __rt_entry_main                          0x08000257   Thumb Code     0  __rtentry2.o(.ARM.Collect$$rtentry$$0000000D)
    __rt_entry_postli_1                      0x08000257   Thumb Code     0  __rtentry2.o(.ARM.Collect$$rtentry$$0000000C)
    __rt_exit                                0x0800025f   Thumb Code     0  rtexit.o(.ARM.Collect$$rtexit$$00000000)
    __rt_exit_ls                             0x08000261   Thumb Code     0  rtexit2.o(.ARM.Collect$$rtexit$$00000003)
    __rt_exit_prels_1                        0x08000261   Thumb Code     0  rtexit2.o(.ARM.Collect$$rtexit$$00000002)
    __rt_exit_exit                           0x08000265   Thumb Code     0  rtexit2.o(.ARM.Collect$$rtexit$$00000004)
    Reset_Handler                            0x0800026d   Thumb Code     8  startup_stm32f427xx.o(.text)
    ADC_IRQHandler                           0x08000287   Thumb Code     0  startup_stm32f427xx.o(.text)
    CAN1_RX1_IRQHandler                      0x08000287   Thumb Code     0  startup_stm32f427xx.o(.text)
    CAN1_SCE_IRQHandler                      0x08000287   Thumb Code     0  startup_stm32f427xx.o(.text)
    CAN1_TX_IRQHandler                       0x08000287   Thumb Code     0  startup_stm32f427xx.o(.text)
    CAN2_RX1_IRQHandler                      0x08000287   Thumb Code     0  startup_stm32f427xx.o(.text)
    CAN2_SCE_IRQHandler                      0x08000287   Thumb Code     0  startup_stm32f427xx.o(.text)
    CAN2_TX_IRQHandler                       0x08000287   Thumb Code     0  startup_stm32f427xx.o(.text)
    DCMI_IRQHandler                          0x08000287   Thumb Code     0  startup_stm32f427xx.o(.text)
    DMA1_Stream0_IRQHandler                  0x08000287   Thumb Code     0  startup_stm32f427xx.o(.text)
    DMA1_Stream1_IRQHandler                  0x08000287   Thumb Code     0  startup_stm32f427xx.o(.text)
    DMA1_Stream2_IRQHandler                  0x08000287   Thumb Code     0  startup_stm32f427xx.o(.text)
    DMA1_Stream3_IRQHandler                  0x08000287   Thumb Code     0  startup_stm32f427xx.o(.text)
    DMA1_Stream4_IRQHandler                  0x08000287   Thumb Code     0  startup_stm32f427xx.o(.text)
    DMA1_Stream5_IRQHandler                  0x08000287   Thumb Code     0  startup_stm32f427xx.o(.text)
    DMA1_Stream6_IRQHandler                  0x08000287   Thumb Code     0  startup_stm32f427xx.o(.text)
    DMA1_Stream7_IRQHandler                  0x08000287   Thumb Code     0  startup_stm32f427xx.o(.text)
    DMA2D_IRQHandler                         0x08000287   Thumb Code     0  startup_stm32f427xx.o(.text)
    DMA2_Stream0_IRQHandler                  0x08000287   Thumb Code     0  startup_stm32f427xx.o(.text)
    DMA2_Stream1_IRQHandler                  0x08000287   Thumb Code     0  startup_stm32f427xx.o(.text)
    DMA2_Stream2_IRQHandler                  0x08000287   Thumb Code     0  startup_stm32f427xx.o(.text)
    DMA2_Stream3_IRQHandler                  0x08000287   Thumb Code     0  startup_stm32f427xx.o(.text)
    DMA2_Stream4_IRQHandler                  0x08000287   Thumb Code     0  startup_stm32f427xx.o(.text)
    DMA2_Stream5_IRQHandler                  0x08000287   Thumb Code     0  startup_stm32f427xx.o(.text)
    DMA2_Stream6_IRQHandler                  0x08000287   Thumb Code     0  startup_stm32f427xx.o(.text)
    DMA2_Stream7_IRQHandler                  0x08000287   Thumb Code     0  startup_stm32f427xx.o(.text)
    ETH_IRQHandler                           0x08000287   Thumb Code     0  startup_stm32f427xx.o(.text)
    ETH_WKUP_IRQHandler                      0x08000287   Thumb Code     0  startup_stm32f427xx.o(.text)
    EXTI0_IRQHandler                         0x08000287   Thumb Code     0  startup_stm32f427xx.o(.text)
    EXTI15_10_IRQHandler                     0x08000287   Thumb Code     0  startup_stm32f427xx.o(.text)
    EXTI1_IRQHandler                         0x08000287   Thumb Code     0  startup_stm32f427xx.o(.text)
    EXTI2_IRQHandler                         0x08000287   Thumb Code     0  startup_stm32f427xx.o(.text)
    EXTI3_IRQHandler                         0x08000287   Thumb Code     0  startup_stm32f427xx.o(.text)
    EXTI4_IRQHandler                         0x08000287   Thumb Code     0  startup_stm32f427xx.o(.text)
    EXTI9_5_IRQHandler                       0x08000287   Thumb Code     0  startup_stm32f427xx.o(.text)
    FLASH_IRQHandler                         0x08000287   Thumb Code     0  startup_stm32f427xx.o(.text)
    FMC_IRQHandler                           0x08000287   Thumb Code     0  startup_stm32f427xx.o(.text)
    FPU_IRQHandler                           0x08000287   Thumb Code     0  startup_stm32f427xx.o(.text)
    HASH_RNG_IRQHandler                      0x08000287   Thumb Code     0  startup_stm32f427xx.o(.text)
    I2C1_ER_IRQHandler                       0x08000287   Thumb Code     0  startup_stm32f427xx.o(.text)
    I2C1_EV_IRQHandler                       0x08000287   Thumb Code     0  startup_stm32f427xx.o(.text)
    I2C2_ER_IRQHandler                       0x08000287   Thumb Code     0  startup_stm32f427xx.o(.text)
    I2C2_EV_IRQHandler                       0x08000287   Thumb Code     0  startup_stm32f427xx.o(.text)
    I2C3_ER_IRQHandler                       0x08000287   Thumb Code     0  startup_stm32f427xx.o(.text)
    I2C3_EV_IRQHandler                       0x08000287   Thumb Code     0  startup_stm32f427xx.o(.text)
    OTG_FS_IRQHandler                        0x08000287   Thumb Code     0  startup_stm32f427xx.o(.text)
    OTG_FS_WKUP_IRQHandler                   0x08000287   Thumb Code     0  startup_stm32f427xx.o(.text)
    OTG_HS_EP1_IN_IRQHandler                 0x08000287   Thumb Code     0  startup_stm32f427xx.o(.text)
    OTG_HS_EP1_OUT_IRQHandler                0x08000287   Thumb Code     0  startup_stm32f427xx.o(.text)
    OTG_HS_IRQHandler                        0x08000287   Thumb Code     0  startup_stm32f427xx.o(.text)
    OTG_HS_WKUP_IRQHandler                   0x08000287   Thumb Code     0  startup_stm32f427xx.o(.text)
    PVD_IRQHandler                           0x08000287   Thumb Code     0  startup_stm32f427xx.o(.text)
    RCC_IRQHandler                           0x08000287   Thumb Code     0  startup_stm32f427xx.o(.text)
    RTC_Alarm_IRQHandler                     0x08000287   Thumb Code     0  startup_stm32f427xx.o(.text)
    RTC_WKUP_IRQHandler                      0x08000287   Thumb Code     0  startup_stm32f427xx.o(.text)
    SAI1_IRQHandler                          0x08000287   Thumb Code     0  startup_stm32f427xx.o(.text)
    SDIO_IRQHandler                          0x08000287   Thumb Code     0  startup_stm32f427xx.o(.text)
    SPI1_IRQHandler                          0x08000287   Thumb Code     0  startup_stm32f427xx.o(.text)
    SPI2_IRQHandler                          0x08000287   Thumb Code     0  startup_stm32f427xx.o(.text)
    SPI3_IRQHandler                          0x08000287   Thumb Code     0  startup_stm32f427xx.o(.text)
    SPI4_IRQHandler                          0x08000287   Thumb Code     0  startup_stm32f427xx.o(.text)
    SPI5_IRQHandler                          0x08000287   Thumb Code     0  startup_stm32f427xx.o(.text)
    SPI6_IRQHandler                          0x08000287   Thumb Code     0  startup_stm32f427xx.o(.text)
    TAMP_STAMP_IRQHandler                    0x08000287   Thumb Code     0  startup_stm32f427xx.o(.text)
    TIM1_BRK_TIM9_IRQHandler                 0x08000287   Thumb Code     0  startup_stm32f427xx.o(.text)
    TIM1_CC_IRQHandler                       0x08000287   Thumb Code     0  startup_stm32f427xx.o(.text)
    TIM1_TRG_COM_TIM11_IRQHandler            0x08000287   Thumb Code     0  startup_stm32f427xx.o(.text)
    TIM1_UP_TIM10_IRQHandler                 0x08000287   Thumb Code     0  startup_stm32f427xx.o(.text)
    TIM3_IRQHandler                          0x08000287   Thumb Code     0  startup_stm32f427xx.o(.text)
    TIM4_IRQHandler                          0x08000287   Thumb Code     0  startup_stm32f427xx.o(.text)
    TIM5_IRQHandler                          0x08000287   Thumb Code     0  startup_stm32f427xx.o(.text)
    TIM6_DAC_IRQHandler                      0x08000287   Thumb Code     0  startup_stm32f427xx.o(.text)
    TIM7_IRQHandler                          0x08000287   Thumb Code     0  startup_stm32f427xx.o(.text)
    TIM8_BRK_TIM12_IRQHandler                0x08000287   Thumb Code     0  startup_stm32f427xx.o(.text)
    TIM8_CC_IRQHandler                       0x08000287   Thumb Code     0  startup_stm32f427xx.o(.text)
    TIM8_TRG_COM_TIM14_IRQHandler            0x08000287   Thumb Code     0  startup_stm32f427xx.o(.text)
    TIM8_UP_TIM13_IRQHandler                 0x08000287   Thumb Code     0  startup_stm32f427xx.o(.text)
    UART4_IRQHandler                         0x08000287   Thumb Code     0  startup_stm32f427xx.o(.text)
    UART5_IRQHandler                         0x08000287   Thumb Code     0  startup_stm32f427xx.o(.text)
    UART7_IRQHandler                         0x08000287   Thumb Code     0  startup_stm32f427xx.o(.text)
    UART8_IRQHandler                         0x08000287   Thumb Code     0  startup_stm32f427xx.o(.text)
    USART1_IRQHandler                        0x08000287   Thumb Code     0  startup_stm32f427xx.o(.text)
    USART2_IRQHandler                        0x08000287   Thumb Code     0  startup_stm32f427xx.o(.text)
    USART3_IRQHandler                        0x08000287   Thumb Code     0  startup_stm32f427xx.o(.text)
    USART6_IRQHandler                        0x08000287   Thumb Code     0  startup_stm32f427xx.o(.text)
    WWDG_IRQHandler                          0x08000287   Thumb Code     0  startup_stm32f427xx.o(.text)
    __user_initial_stackheap                 0x08000289   Thumb Code     0  startup_stm32f427xx.o(.text)
    __aeabi_uldivmod                         0x080002ad   Thumb Code     0  lludivv7m.o(.text)
    _ll_udiv                                 0x080002ad   Thumb Code   240  lludivv7m.o(.text)
    __use_two_region_memory                  0x0800039d   Thumb Code     2  heapauxi.o(.text)
    __rt_heap_escrow$2region                 0x0800039f   Thumb Code     2  heapauxi.o(.text)
    __rt_heap_expand$2region                 0x080003a1   Thumb Code     2  heapauxi.o(.text)
    __user_libspace                          0x080003a5   Thumb Code     8  libspace.o(.text)
    __user_perproc_libspace                  0x080003a5   Thumb Code     0  libspace.o(.text)
    __user_perthread_libspace                0x080003a5   Thumb Code     0  libspace.o(.text)
    __user_setup_stackheap                   0x080003ad   Thumb Code    74  sys_stackheap_outer.o(.text)
    exit                                     0x080003f7   Thumb Code    18  exit.o(.text)
    _sys_exit                                0x08000409   Thumb Code     8  sys_exit.o(.text)
    __I$use$semihosting                      0x08000415   Thumb Code     0  use_no_semi.o(.text)
    __use_no_semihosting_swi                 0x08000415   Thumb Code     2  use_no_semi.o(.text)
    __semihosting_library_function           0x08000417   Thumb Code     0  indicate_semi.o(.text)
    BusFault_Handler                         0x08000419   Thumb Code     2  stm32f4xx_it.o(.text.BusFault_Handler)
    CAN1_RX0_IRQHandler                      0x0800041d   Thumb Code    12  stm32f4xx_it.o(.text.CAN1_RX0_IRQHandler)
    CAN2_RX0_IRQHandler                      0x08000429   Thumb Code    12  stm32f4xx_it.o(.text.CAN2_RX0_IRQHandler)
    CHASSIS_Stop                             0x08000435   Thumb Code    84  chassis.o(.text.CHASSIS_Stop)
    Chassis_Set_Pid                          0x08000489   Thumb Code   122  chassis.o(.text.Chassis_Set_Pid)
    Chassis_Task                             0x08000505   Thumb Code    64  chassis_task.o(.text.Chassis_Task)
    DebugMon_Handler                         0x08000545   Thumb Code     2  stm32f4xx_it.o(.text.DebugMon_Handler)
    Error_Handler                            0x08000549   Thumb Code    10  main.o(.text.Error_Handler)
    HAL_CAN_AddTxMessage                     0x08000555   Thumb Code   168  stm32f4xx_hal_can.o(.text.HAL_CAN_AddTxMessage)
    HAL_CAN_ErrorCallback                    0x080005fd   Thumb Code     2  stm32f4xx_hal_can.o(.text.HAL_CAN_ErrorCallback)
    HAL_CAN_GetRxMessage                     0x08000601   Thumb Code   282  stm32f4xx_hal_can.o(.text.HAL_CAN_GetRxMessage)
    HAL_CAN_GetTxMailboxesFreeLevel          0x0800071d   Thumb Code    40  stm32f4xx_hal_can.o(.text.HAL_CAN_GetTxMailboxesFreeLevel)
    HAL_CAN_IRQHandler                       0x08000745   Thumb Code   578  stm32f4xx_hal_can.o(.text.HAL_CAN_IRQHandler)
    HAL_CAN_Init                             0x08000989   Thumb Code   244  stm32f4xx_hal_can.o(.text.HAL_CAN_Init)
    HAL_CAN_MspInit                          0x08000a7d   Thumb Code   286  can_1.o(.text.HAL_CAN_MspInit)
    HAL_CAN_RxFifo0FullCallback              0x08000b9d   Thumb Code     2  stm32f4xx_hal_can.o(.text.HAL_CAN_RxFifo0FullCallback)
    HAL_CAN_RxFifo0MsgPendingCallback        0x08000ba1   Thumb Code   176  bsp_can.o(.text.HAL_CAN_RxFifo0MsgPendingCallback)
    HAL_CAN_RxFifo1FullCallback              0x08000c51   Thumb Code     2  stm32f4xx_hal_can.o(.text.HAL_CAN_RxFifo1FullCallback)
    HAL_CAN_RxFifo1MsgPendingCallback        0x08000c55   Thumb Code     2  stm32f4xx_hal_can.o(.text.HAL_CAN_RxFifo1MsgPendingCallback)
    HAL_CAN_SleepCallback                    0x08000c59   Thumb Code     2  stm32f4xx_hal_can.o(.text.HAL_CAN_SleepCallback)
    HAL_CAN_TxMailbox0AbortCallback          0x08000c5d   Thumb Code     2  stm32f4xx_hal_can.o(.text.HAL_CAN_TxMailbox0AbortCallback)
    HAL_CAN_TxMailbox0CompleteCallback       0x08000c61   Thumb Code     2  stm32f4xx_hal_can.o(.text.HAL_CAN_TxMailbox0CompleteCallback)
    HAL_CAN_TxMailbox1AbortCallback          0x08000c65   Thumb Code     2  stm32f4xx_hal_can.o(.text.HAL_CAN_TxMailbox1AbortCallback)
    HAL_CAN_TxMailbox1CompleteCallback       0x08000c69   Thumb Code     2  stm32f4xx_hal_can.o(.text.HAL_CAN_TxMailbox1CompleteCallback)
    HAL_CAN_TxMailbox2AbortCallback          0x08000c6d   Thumb Code     2  stm32f4xx_hal_can.o(.text.HAL_CAN_TxMailbox2AbortCallback)
    HAL_CAN_TxMailbox2CompleteCallback       0x08000c71   Thumb Code     2  stm32f4xx_hal_can.o(.text.HAL_CAN_TxMailbox2CompleteCallback)
    HAL_CAN_WakeUpFromRxMsgCallback          0x08000c75   Thumb Code     2  stm32f4xx_hal_can.o(.text.HAL_CAN_WakeUpFromRxMsgCallback)
    HAL_GPIO_Init                            0x08000c79   Thumb Code   420  stm32f4xx_hal_gpio.o(.text.HAL_GPIO_Init)
    HAL_GPIO_WritePin                        0x08000e1d   Thumb Code    10  stm32f4xx_hal_gpio.o(.text.HAL_GPIO_WritePin)
    HAL_GetTick                              0x08000e29   Thumb Code    12  stm32f4xx_hal.o(.text.HAL_GetTick)
    HAL_IncTick                              0x08000e35   Thumb Code    26  stm32f4xx_hal.o(.text.HAL_IncTick)
    HAL_Init                                 0x08000e51   Thumb Code    54  stm32f4xx_hal.o(.text.HAL_Init)
    HAL_InitTick                             0x08000e89   Thumb Code   172  stm32f4xx_hal_timebase_tim.o(.text.HAL_InitTick)
    HAL_MspInit                              0x08000f35   Thumb Code    66  stm32f4xx_hal_msp.o(.text.HAL_MspInit)
    HAL_NVIC_EnableIRQ                       0x08000f79   Thumb Code    38  stm32f4xx_hal_cortex.o(.text.HAL_NVIC_EnableIRQ)
    HAL_NVIC_SetPriority                     0x08000fa1   Thumb Code    86  stm32f4xx_hal_cortex.o(.text.HAL_NVIC_SetPriority)
    HAL_NVIC_SetPriorityGrouping             0x08000ff9   Thumb Code    32  stm32f4xx_hal_cortex.o(.text.HAL_NVIC_SetPriorityGrouping)
    HAL_PWREx_EnableOverDrive                0x08001019   Thumb Code   122  stm32f4xx_hal_pwr_ex.o(.text.HAL_PWREx_EnableOverDrive)
    HAL_RCC_ClockConfig                      0x08001095   Thumb Code   352  stm32f4xx_hal_rcc.o(.text.HAL_RCC_ClockConfig)
    HAL_RCC_GetClockConfig                   0x080011f5   Thumb Code    62  stm32f4xx_hal_rcc.o(.text.HAL_RCC_GetClockConfig)
    HAL_RCC_GetPCLK1Freq                     0x08001235   Thumb Code    38  stm32f4xx_hal_rcc.o(.text.HAL_RCC_GetPCLK1Freq)
    HAL_RCC_GetPCLK2Freq                     0x0800125d   Thumb Code    38  stm32f4xx_hal_rcc.o(.text.HAL_RCC_GetPCLK2Freq)
    HAL_RCC_GetSysClockFreq                  0x08001285   Thumb Code   104  stm32f4xx_hal_rcc.o(.text.HAL_RCC_GetSysClockFreq)
    HAL_RCC_OscConfig                        0x080012ed   Thumb Code   864  stm32f4xx_hal_rcc.o(.text.HAL_RCC_OscConfig)
    HAL_SPI_Init                             0x0800164d   Thumb Code   180  stm32f4xx_hal_spi.o(.text.HAL_SPI_Init)
    HAL_SPI_MspInit                          0x08001701   Thumb Code   106  spi.o(.text.HAL_SPI_MspInit)
    HAL_TIMEx_BreakCallback                  0x0800176d   Thumb Code     2  stm32f4xx_hal_tim_ex.o(.text.HAL_TIMEx_BreakCallback)
    HAL_TIMEx_CommutCallback                 0x08001771   Thumb Code     2  stm32f4xx_hal_tim_ex.o(.text.HAL_TIMEx_CommutCallback)
    HAL_TIM_Base_Init                        0x08001775   Thumb Code    90  stm32f4xx_hal_tim.o(.text.HAL_TIM_Base_Init)
    HAL_TIM_Base_MspInit                     0x080017d1   Thumb Code     2  stm32f4xx_hal_tim.o(.text.HAL_TIM_Base_MspInit)
    HAL_TIM_Base_Start_IT                    0x080017d5   Thumb Code   168  stm32f4xx_hal_tim.o(.text.HAL_TIM_Base_Start_IT)
    HAL_TIM_IC_CaptureCallback               0x0800187d   Thumb Code     2  stm32f4xx_hal_tim.o(.text.HAL_TIM_IC_CaptureCallback)
    HAL_TIM_IRQHandler                       0x08001881   Thumb Code   362  stm32f4xx_hal_tim.o(.text.HAL_TIM_IRQHandler)
    HAL_TIM_OC_DelayElapsedCallback          0x080019ed   Thumb Code     2  stm32f4xx_hal_tim.o(.text.HAL_TIM_OC_DelayElapsedCallback)
    HAL_TIM_PWM_PulseFinishedCallback        0x080019f1   Thumb Code     2  stm32f4xx_hal_tim.o(.text.HAL_TIM_PWM_PulseFinishedCallback)
    HAL_TIM_PeriodElapsedCallback            0x080019f5   Thumb Code    14  main.o(.text.HAL_TIM_PeriodElapsedCallback)
    HAL_TIM_TriggerCallback                  0x08001a05   Thumb Code     2  stm32f4xx_hal_tim.o(.text.HAL_TIM_TriggerCallback)
    HAL_UART_Init                            0x08001a09   Thumb Code    94  stm32f4xx_hal_uart.o(.text.HAL_UART_Init)
    HAL_UART_MspInit                         0x08001a69   Thumb Code   106  usart.o(.text.HAL_UART_MspInit)
    HardFault_Handler                        0x08001ad5   Thumb Code     2  stm32f4xx_it.o(.text.HardFault_Handler)
    KalmanCreate                             0x08001ad9   Thumb Code    28  kalman.o(.text.KalmanCreate)
    Key_SHIFT                                0x08001af5   Thumb Code   156  bsp_rc.o(.text.Key_SHIFT)
    MX_CAN1_Init                             0x08001b91   Thumb Code    54  can_1.o(.text.MX_CAN1_Init)
    MX_CAN2_Init                             0x08001bc9   Thumb Code    54  can_1.o(.text.MX_CAN2_Init)
    MX_FREERTOS_Init                         0x08001c01   Thumb Code   148  freertos.o(.text.MX_FREERTOS_Init)
    MX_GPIO_Init                             0x08001c95   Thumb Code   136  gpio.o(.text.MX_GPIO_Init)
    MX_SPI5_Init                             0x08001d1d   Thumb Code    70  spi.o(.text.MX_SPI5_Init)
    MX_USART3_UART_Init                      0x08001d65   Thumb Code    60  usart.o(.text.MX_USART3_UART_Init)
    MemManage_Handler                        0x08001da1   Thumb Code     2  stm32f4xx_it.o(.text.MemManage_Handler)
    NMI_Handler                              0x08001da5   Thumb Code     2  stm32f4xx_it.o(.text.NMI_Handler)
    PID_Init_ByParamArray                    0x08001da9   Thumb Code    54  pid.o(.text.PID_Init_ByParamArray)
    PendSV_Handler                           0x08001de1   Thumb Code   100  port.o(.text.PendSV_Handler)
    SVC_Handler                              0x08001e51   Thumb Code    36  port.o(.text.SVC_Handler)
    StartDefaultTask                         0x08001e75   Thumb Code     8  freertos.o(.text.StartDefaultTask)
    SysTick_Handler                          0x08001e7d   Thumb Code    46  port.o(.text.SysTick_Handler)
    SystemClock_Config                       0x08001ead   Thumb Code   194  main.o(.text.SystemClock_Config)
    SystemInit                               0x08001f71   Thumb Code    18  system_stm32f4xx.o(.text.SystemInit)
    TIM2_IRQHandler                          0x08001f85   Thumb Code    12  stm32f4xx_it.o(.text.TIM2_IRQHandler)
    TIM_Base_SetConfig                       0x08001f91   Thumb Code   292  stm32f4xx_hal_tim.o(.text.TIM_Base_SetConfig)
    USER_CAN_TxMessage                       0x080021a1   Thumb Code    44  bsp_can.o(.text.USER_CAN_TxMessage)
    UsageFault_Handler                       0x080021cd   Thumb Code     2  stm32f4xx_it.o(.text.UsageFault_Handler)
    control_switch                           0x080021d1   Thumb Code    82  chassis.o(.text.control_switch)
    get_DJI_Motor_Info                       0x08002225   Thumb Code   484  motor.o(.text.get_DJI_Motor_Info)
    get_rc_ctrl_data                         0x08002409   Thumb Code    62  bsp_rc.o(.text.get_rc_ctrl_data)
    main                                     0x08002449   Thumb Code    38  main.o(.text.main)
    osDelay                                  0x08002471   Thumb Code    16  cmsis_os.o(.text.osDelay)
    osKernelStart                            0x08002481   Thumb Code    10  cmsis_os.o(.text.osKernelStart)
    osThreadCreate                           0x0800248d   Thumb Code    92  cmsis_os.o(.text.osThreadCreate)
    pm01_access_poll                         0x080024e9   Thumb Code   432  bsp_pm01_api.o(.text.pm01_access_poll)
    pvPortMalloc                             0x08002a09   Thumb Code   548  heap_4.o(.text.pvPortMalloc)
    pxPortInitialiseStack                    0x08002c2d   Thumb Code    40  port.o(.text.pxPortInitialiseStack)
    uxListRemove                             0x08002c55   Thumb Code    36  list.o(.text.uxListRemove)
    vApplicationGetIdleTaskMemory            0x08002c79   Thumb Code    26  freertos.o(.text.vApplicationGetIdleTaskMemory)
    vListInitialise                          0x08002c95   Thumb Code    22  list.o(.text.vListInitialise)
    vListInitialiseItem                      0x08002cad   Thumb Code     6  list.o(.text.vListInitialiseItem)
    vListInsert                              0x08002cb5   Thumb Code    96  list.o(.text.vListInsert)
    vListInsertEnd                           0x08002d15   Thumb Code    28  list.o(.text.vListInsertEnd)
    vPortEnterCritical                       0x08002d45   Thumb Code    70  port.o(.text.vPortEnterCritical)
    vPortExitCritical                        0x08002d8d   Thumb Code    46  port.o(.text.vPortExitCritical)
    vPortFree                                0x08002dbd   Thumb Code   228  heap_4.o(.text.vPortFree)
    vPortSetupTimerInterrupt                 0x08002ea1   Thumb Code    52  port.o(.text.vPortSetupTimerInterrupt)
    vTaskDelay                               0x08002ed5   Thumb Code   194  tasks.o(.text.vTaskDelay)
    vTaskStartScheduler                      0x08002f99   Thumb Code   220  tasks.o(.text.vTaskStartScheduler)
    vTaskSuspendAll                          0x0800307d   Thumb Code    16  tasks.o(.text.vTaskSuspendAll)
    vTaskSwitchContext                       0x0800308d   Thumb Code   130  tasks.o(.text.vTaskSwitchContext)
    xPortStartScheduler                      0x08003111   Thumb Code   390  port.o(.text.xPortStartScheduler)
    xTaskCreate                              0x08003299   Thumb Code    94  tasks.o(.text.xTaskCreate)
    xTaskCreateStatic                        0x080032f9   Thumb Code   118  tasks.o(.text.xTaskCreateStatic)
    xTaskIncrementTick                       0x08003371   Thumb Code   384  tasks.o(.text.xTaskIncrementTick)
    xTaskResumeAll                           0x080034f1   Thumb Code   312  tasks.o(.text.xTaskResumeAll)
    _fp_init                                 0x08003629   Thumb Code    26  fpinit.o(x$fpl$fpinit)
    __fplib_config_fpu_vfp                   0x08003641   Thumb Code     0  fpinit.o(x$fpl$fpinit)
    __fplib_config_pureend_doubles           0x08003641   Thumb Code     0  fpinit.o(x$fpl$fpinit)
    AHBPrescTable                            0x08003642   Data          16  system_stm32f4xx.o(.rodata.AHBPrescTable)
    APBPrescTable                            0x08003652   Data           8  system_stm32f4xx.o(.rodata.APBPrescTable)
    Region$$Table$$Base                      0x08003674   Number         0  anon$$obj.o(Region$$Table)
    Region$$Table$$Limit                     0x08003694   Number         0  anon$$obj.o(Region$$Table)
    CAN_TxMsg                                0x20000000   Data         504  bsp_can.o(.data.CAN_TxMsg)
    Chassis_Ctrl                             0x200001f8   Data          88  chassis_task.o(.data.Chassis_Ctrl)
    DJI_Motor                                0x20000250   Data        1020  motor.o(.data.DJI_Motor)
    SystemCoreClock                          0x2000064c   Data           4  system_stm32f4xx.o(.data.SystemCoreClock)
    f_PID_Folo_Para                          0x20000650   Data          48  chassis.o(.data.f_PID_Folo_Para)
    f_PID_Wheel_Para                         0x20000680   Data          48  chassis.o(.data.f_PID_Wheel_Para)
    g_cmd_set                                0x200006b0   Data           2  bsp_pm01_api.o(.data.g_cmd_set)
    g_iout_set                               0x200006b2   Data           2  bsp_pm01_api.o(.data.g_iout_set)
    g_power_set                              0x200006b4   Data           2  bsp_pm01_api.o(.data.g_power_set)
    g_vout_set                               0x200006b6   Data           2  bsp_pm01_api.o(.data.g_vout_set)
    pm01_switch                              0x200006bc   Data           4  chassis.o(.data.pm01_switch)
    uwTickFreq                               0x200006c0   Data           1  stm32f4xx_hal.o(.data.uwTickFreq)
    uwTickPrio                               0x200006c4   Data           4  stm32f4xx_hal.o(.data.uwTickPrio)
    __libspace_start                         0x200006d0   Data          96  libspace.o(.bss)
    CAN_RxInstance                           0x20000730   Data          40  bsp_can.o(.bss.CAN_RxInstance)
    __temporary_stack_top$libspace           0x20000730   Data           0  libspace.o(.bss)
    ChassisTaskHandle                        0x20000758   Data           4  freertos.o(.bss.ChassisTaskHandle)
    Key_Info                                 0x20000760   Data         108  bsp_rc.o(.bss.Key_Info)
    defaultTaskHandle                        0x200007d0   Data           4  freertos.o(.bss.defaultTaskHandle)
    g_power_set_offset                       0x200007d4   Data           2  bsp_pm01_api.o(.bss.g_power_set_offset)
    hcan1                                    0x200007d8   Data          40  can_1.o(.bss.hcan1)
    hcan2                                    0x20000800   Data          40  can_1.o(.bss.hcan2)
    hspi5                                    0x20000828   Data          88  spi.o(.bss.hspi5)
    htim2                                    0x20000880   Data          72  stm32f4xx_hal_timebase_tim.o(.bss.htim2)
    huart3                                   0x200008c8   Data          68  usart.o(.bss.huart3)
    pm01_access_id                           0x2000090c   Data           2  bsp_pm01_api.o(.bss.pm01_access_id)
    pm01_od                                  0x20000918   Data          32  bsp_pm01_api.o(.bss.pm01_od)
    pm01_response_flg                        0x20000938   Data           2  bsp_pm01_api.o(.bss.pm01_response_flg)
    pxCurrentTCB                             0x2000093c   Data           4  tasks.o(.bss.pxCurrentTCB)
    rc_ctrl                                  0x200009d8   Data          24  bsp_rc.o(.bss.rc_ctrl)
    uwTick                                   0x200045f8   Data           4  stm32f4xx_hal.o(.bss.uwTick)



==============================================================================

Memory Map of the image

  Image Entry point : 0x080001ad

  Load Region LR_IROM1 (Base: 0x08000000, Size: 0x00003d68, Max: 0x00200000, ABSOLUTE, COMPRESSED[0x00003720])

    Execution Region ER_IROM1 (Exec base: 0x08000000, Load base: 0x08000000, Size: 0x00003694, Max: 0x00200000, ABSOLUTE)

    Exec Addr    Load Addr    Size         Type   Attr      Idx    E Section Name        Object

    0x08000000   0x08000000   0x000001ac   Data   RO         1675    RESET               startup_stm32f427xx.o
    0x080001ac   0x080001ac   0x00000008   Code   RO         2321  * !!!main             c_w.l(__main.o)
    0x080001b4   0x080001b4   0x00000034   Code   RO         2688    !!!scatter          c_w.l(__scatter.o)
    0x080001e8   0x080001e8   0x0000003a   Code   RO         2686    !!dczerorl          c_w.l(__dczerorl.o)
    0x08000222   0x08000222   0x00000002   PAD
    0x08000224   0x08000224   0x0000001c   Code   RO         2690    !!handler_zi        c_w.l(__scatter_zi.o)
    0x08000240   0x08000240   0x00000002   Code   RO         2545    .ARM.Collect$$libinit$$00000000  c_w.l(libinit.o)
    0x08000242   0x08000242   0x00000004   Code   RO         2558    .ARM.Collect$$libinit$$00000001  c_w.l(libinit2.o)
    0x08000246   0x08000246   0x00000000   Code   RO         2561    .ARM.Collect$$libinit$$00000004  c_w.l(libinit2.o)
    0x08000246   0x08000246   0x00000000   Code   RO         2563    .ARM.Collect$$libinit$$00000006  c_w.l(libinit2.o)
    0x08000246   0x08000246   0x00000000   Code   RO         2566    .ARM.Collect$$libinit$$0000000C  c_w.l(libinit2.o)
    0x08000246   0x08000246   0x00000000   Code   RO         2568    .ARM.Collect$$libinit$$0000000E  c_w.l(libinit2.o)
    0x08000246   0x08000246   0x00000000   Code   RO         2570    .ARM.Collect$$libinit$$00000010  c_w.l(libinit2.o)
    0x08000246   0x08000246   0x00000000   Code   RO         2573    .ARM.Collect$$libinit$$00000013  c_w.l(libinit2.o)
    0x08000246   0x08000246   0x00000000   Code   RO         2575    .ARM.Collect$$libinit$$00000015  c_w.l(libinit2.o)
    0x08000246   0x08000246   0x00000000   Code   RO         2577    .ARM.Collect$$libinit$$00000017  c_w.l(libinit2.o)
    0x08000246   0x08000246   0x00000000   Code   RO         2579    .ARM.Collect$$libinit$$00000019  c_w.l(libinit2.o)
    0x08000246   0x08000246   0x00000000   Code   RO         2581    .ARM.Collect$$libinit$$0000001B  c_w.l(libinit2.o)
    0x08000246   0x08000246   0x00000000   Code   RO         2583    .ARM.Collect$$libinit$$0000001D  c_w.l(libinit2.o)
    0x08000246   0x08000246   0x00000000   Code   RO         2585    .ARM.Collect$$libinit$$0000001F  c_w.l(libinit2.o)
    0x08000246   0x08000246   0x00000000   Code   RO         2587    .ARM.Collect$$libinit$$00000021  c_w.l(libinit2.o)
    0x08000246   0x08000246   0x00000000   Code   RO         2589    .ARM.Collect$$libinit$$00000023  c_w.l(libinit2.o)
    0x08000246   0x08000246   0x00000000   Code   RO         2591    .ARM.Collect$$libinit$$00000025  c_w.l(libinit2.o)
    0x08000246   0x08000246   0x00000000   Code   RO         2593    .ARM.Collect$$libinit$$00000027  c_w.l(libinit2.o)
    0x08000246   0x08000246   0x00000000   Code   RO         2597    .ARM.Collect$$libinit$$0000002E  c_w.l(libinit2.o)
    0x08000246   0x08000246   0x00000000   Code   RO         2599    .ARM.Collect$$libinit$$00000030  c_w.l(libinit2.o)
    0x08000246   0x08000246   0x00000000   Code   RO         2601    .ARM.Collect$$libinit$$00000032  c_w.l(libinit2.o)
    0x08000246   0x08000246   0x00000000   Code   RO         2603    .ARM.Collect$$libinit$$00000034  c_w.l(libinit2.o)
    0x08000246   0x08000246   0x00000002   Code   RO         2604    .ARM.Collect$$libinit$$00000035  c_w.l(libinit2.o)
    0x08000248   0x08000248   0x00000002   Code   RO         2641    .ARM.Collect$$libshutdown$$00000000  c_w.l(libshutdown.o)
    0x0800024a   0x0800024a   0x00000000   Code   RO         2669    .ARM.Collect$$libshutdown$$00000002  c_w.l(libshutdown2.o)
    0x0800024a   0x0800024a   0x00000000   Code   RO         2671    .ARM.Collect$$libshutdown$$00000004  c_w.l(libshutdown2.o)
    0x0800024a   0x0800024a   0x00000000   Code   RO         2674    .ARM.Collect$$libshutdown$$00000007  c_w.l(libshutdown2.o)
    0x0800024a   0x0800024a   0x00000000   Code   RO         2677    .ARM.Collect$$libshutdown$$0000000A  c_w.l(libshutdown2.o)
    0x0800024a   0x0800024a   0x00000000   Code   RO         2679    .ARM.Collect$$libshutdown$$0000000C  c_w.l(libshutdown2.o)
    0x0800024a   0x0800024a   0x00000000   Code   RO         2682    .ARM.Collect$$libshutdown$$0000000F  c_w.l(libshutdown2.o)
    0x0800024a   0x0800024a   0x00000002   Code   RO         2683    .ARM.Collect$$libshutdown$$00000010  c_w.l(libshutdown2.o)
    0x0800024c   0x0800024c   0x00000000   Code   RO         2399    .ARM.Collect$$rtentry$$00000000  c_w.l(__rtentry.o)
    0x0800024c   0x0800024c   0x00000000   Code   RO         2500    .ARM.Collect$$rtentry$$00000002  c_w.l(__rtentry2.o)
    0x0800024c   0x0800024c   0x00000006   Code   RO         2512    .ARM.Collect$$rtentry$$00000004  c_w.l(__rtentry4.o)
    0x08000252   0x08000252   0x00000000   Code   RO         2502    .ARM.Collect$$rtentry$$00000009  c_w.l(__rtentry2.o)
    0x08000252   0x08000252   0x00000004   Code   RO         2503    .ARM.Collect$$rtentry$$0000000A  c_w.l(__rtentry2.o)
    0x08000256   0x08000256   0x00000000   Code   RO         2505    .ARM.Collect$$rtentry$$0000000C  c_w.l(__rtentry2.o)
    0x08000256   0x08000256   0x00000008   Code   RO         2506    .ARM.Collect$$rtentry$$0000000D  c_w.l(__rtentry2.o)
    0x0800025e   0x0800025e   0x00000002   Code   RO         2550    .ARM.Collect$$rtexit$$00000000  c_w.l(rtexit.o)
    0x08000260   0x08000260   0x00000000   Code   RO         2612    .ARM.Collect$$rtexit$$00000002  c_w.l(rtexit2.o)
    0x08000260   0x08000260   0x00000004   Code   RO         2613    .ARM.Collect$$rtexit$$00000003  c_w.l(rtexit2.o)
    0x08000264   0x08000264   0x00000006   Code   RO         2614    .ARM.Collect$$rtexit$$00000004  c_w.l(rtexit2.o)
    0x0800026a   0x0800026a   0x00000002   PAD
    0x0800026c   0x0800026c   0x00000040   Code   RO         1676    .text               startup_stm32f427xx.o
    0x080002ac   0x080002ac   0x000000f0   Code   RO         2309    .text               c_w.l(lludivv7m.o)
    0x0800039c   0x0800039c   0x00000006   Code   RO         2319    .text               c_w.l(heapauxi.o)
    0x080003a2   0x080003a2   0x00000002   PAD
    0x080003a4   0x080003a4   0x00000008   Code   RO         2529    .text               c_w.l(libspace.o)
    0x080003ac   0x080003ac   0x0000004a   Code   RO         2532    .text               c_w.l(sys_stackheap_outer.o)
    0x080003f6   0x080003f6   0x00000012   Code   RO         2534    .text               c_w.l(exit.o)
    0x08000408   0x08000408   0x0000000c   Code   RO         2607    .text               c_w.l(sys_exit.o)
    0x08000414   0x08000414   0x00000002   Code   RO         2630    .text               c_w.l(use_no_semi.o)
    0x08000416   0x08000416   0x00000000   Code   RO         2632    .text               c_w.l(indicate_semi.o)
    0x08000416   0x08000416   0x00000002   PAD
    0x08000418   0x08000418   0x00000002   Code   RO          577    .text.BusFault_Handler  stm32f4xx_it.o
    0x0800041a   0x0800041a   0x00000002   PAD
    0x0800041c   0x0800041c   0x0000000c   Code   RO          583    .text.CAN1_RX0_IRQHandler  stm32f4xx_it.o
    0x08000428   0x08000428   0x0000000c   Code   RO          587    .text.CAN2_RX0_IRQHandler  stm32f4xx_it.o
    0x08000434   0x08000434   0x00000054   Code   RO          334    .text.CHASSIS_Stop  chassis.o
    0x08000488   0x08000488   0x0000007a   Code   RO          336    .text.Chassis_Set_Pid  chassis.o
    0x08000502   0x08000502   0x00000002   PAD
    0x08000504   0x08000504   0x00000040   Code   RO           92    .text.Chassis_Task  chassis_task.o
    0x08000544   0x08000544   0x00000002   Code   RO          581    .text.DebugMon_Handler  stm32f4xx_it.o
    0x08000546   0x08000546   0x00000002   PAD
    0x08000548   0x08000548   0x0000000a   Code   RO          480    .text.Error_Handler  main.o
    0x08000552   0x08000552   0x00000002   PAD
    0x08000554   0x08000554   0x000000a8   Code   RO          640    .text.HAL_CAN_AddTxMessage  stm32f4xx_hal_can.o
    0x080005fc   0x080005fc   0x00000002   Code   RO          684    .text.HAL_CAN_ErrorCallback  stm32f4xx_hal_can.o
    0x080005fe   0x080005fe   0x00000002   PAD
    0x08000600   0x08000600   0x0000011a   Code   RO          650    .text.HAL_CAN_GetRxMessage  stm32f4xx_hal_can.o
    0x0800071a   0x0800071a   0x00000002   PAD
    0x0800071c   0x0800071c   0x00000028   Code   RO          644    .text.HAL_CAN_GetTxMailboxesFreeLevel  stm32f4xx_hal_can.o
    0x08000744   0x08000744   0x00000242   Code   RO          658    .text.HAL_CAN_IRQHandler  stm32f4xx_hal_can.o
    0x08000986   0x08000986   0x00000002   PAD
    0x08000988   0x08000988   0x000000f4   Code   RO          620    .text.HAL_CAN_Init  stm32f4xx_hal_can.o
    0x08000a7c   0x08000a7c   0x0000011e   Code   RO          526    .text.HAL_CAN_MspInit  can_1.o
    0x08000b9a   0x08000b9a   0x00000002   PAD
    0x08000b9c   0x08000b9c   0x00000002   Code   RO          672    .text.HAL_CAN_RxFifo0FullCallback  stm32f4xx_hal_can.o
    0x08000b9e   0x08000b9e   0x00000002   PAD
    0x08000ba0   0x08000ba0   0x000000b0   Code   RO          177    .text.HAL_CAN_RxFifo0MsgPendingCallback  bsp_can.o
    0x08000c50   0x08000c50   0x00000002   Code   RO          676    .text.HAL_CAN_RxFifo1FullCallback  stm32f4xx_hal_can.o
    0x08000c52   0x08000c52   0x00000002   PAD
    0x08000c54   0x08000c54   0x00000002   Code   RO          678    .text.HAL_CAN_RxFifo1MsgPendingCallback  stm32f4xx_hal_can.o
    0x08000c56   0x08000c56   0x00000002   PAD
    0x08000c58   0x08000c58   0x00000002   Code   RO          680    .text.HAL_CAN_SleepCallback  stm32f4xx_hal_can.o
    0x08000c5a   0x08000c5a   0x00000002   PAD
    0x08000c5c   0x08000c5c   0x00000002   Code   RO          662    .text.HAL_CAN_TxMailbox0AbortCallback  stm32f4xx_hal_can.o
    0x08000c5e   0x08000c5e   0x00000002   PAD
    0x08000c60   0x08000c60   0x00000002   Code   RO          660    .text.HAL_CAN_TxMailbox0CompleteCallback  stm32f4xx_hal_can.o
    0x08000c62   0x08000c62   0x00000002   PAD
    0x08000c64   0x08000c64   0x00000002   Code   RO          666    .text.HAL_CAN_TxMailbox1AbortCallback  stm32f4xx_hal_can.o
    0x08000c66   0x08000c66   0x00000002   PAD
    0x08000c68   0x08000c68   0x00000002   Code   RO          664    .text.HAL_CAN_TxMailbox1CompleteCallback  stm32f4xx_hal_can.o
    0x08000c6a   0x08000c6a   0x00000002   PAD
    0x08000c6c   0x08000c6c   0x00000002   Code   RO          670    .text.HAL_CAN_TxMailbox2AbortCallback  stm32f4xx_hal_can.o
    0x08000c6e   0x08000c6e   0x00000002   PAD
    0x08000c70   0x08000c70   0x00000002   Code   RO          668    .text.HAL_CAN_TxMailbox2CompleteCallback  stm32f4xx_hal_can.o
    0x08000c72   0x08000c72   0x00000002   PAD
    0x08000c74   0x08000c74   0x00000002   Code   RO          682    .text.HAL_CAN_WakeUpFromRxMsgCallback  stm32f4xx_hal_can.o
    0x08000c76   0x08000c76   0x00000002   PAD
    0x08000c78   0x08000c78   0x000001a4   Code   RO          824    .text.HAL_GPIO_Init  stm32f4xx_hal_gpio.o
    0x08000e1c   0x08000e1c   0x0000000a   Code   RO          830    .text.HAL_GPIO_WritePin  stm32f4xx_hal_gpio.o
    0x08000e26   0x08000e26   0x00000002   PAD
    0x08000e28   0x08000e28   0x0000000c   Code   RO         1021    .text.HAL_GetTick   stm32f4xx_hal.o
    0x08000e34   0x08000e34   0x0000001a   Code   RO         1019    .text.HAL_IncTick   stm32f4xx_hal.o
    0x08000e4e   0x08000e4e   0x00000002   PAD
    0x08000e50   0x08000e50   0x00000036   Code   RO         1009    .text.HAL_Init      stm32f4xx_hal.o
    0x08000e86   0x08000e86   0x00000002   PAD
    0x08000e88   0x08000e88   0x000000ac   Code   RO          605    .text.HAL_InitTick  stm32f4xx_hal_timebase_tim.o
    0x08000f34   0x08000f34   0x00000042   Code   RO          596    .text.HAL_MspInit   stm32f4xx_hal_msp.o
    0x08000f76   0x08000f76   0x00000002   PAD
    0x08000f78   0x08000f78   0x00000026   Code   RO          967    .text.HAL_NVIC_EnableIRQ  stm32f4xx_hal_cortex.o
    0x08000f9e   0x08000f9e   0x00000002   PAD
    0x08000fa0   0x08000fa0   0x00000056   Code   RO          965    .text.HAL_NVIC_SetPriority  stm32f4xx_hal_cortex.o
    0x08000ff6   0x08000ff6   0x00000002   PAD
    0x08000ff8   0x08000ff8   0x00000020   Code   RO          963    .text.HAL_NVIC_SetPriorityGrouping  stm32f4xx_hal_cortex.o
    0x08001018   0x08001018   0x0000007a   Code   RO          949    .text.HAL_PWREx_EnableOverDrive  stm32f4xx_hal_pwr_ex.o
    0x08001092   0x08001092   0x00000002   PAD
    0x08001094   0x08001094   0x00000160   Code   RO          704    .text.HAL_RCC_ClockConfig  stm32f4xx_hal_rcc.o
    0x080011f4   0x080011f4   0x0000003e   Code   RO          722    .text.HAL_RCC_GetClockConfig  stm32f4xx_hal_rcc.o
    0x08001232   0x08001232   0x00000002   PAD
    0x08001234   0x08001234   0x00000026   Code   RO          716    .text.HAL_RCC_GetPCLK1Freq  stm32f4xx_hal_rcc.o
    0x0800125a   0x0800125a   0x00000002   PAD
    0x0800125c   0x0800125c   0x00000026   Code   RO          718    .text.HAL_RCC_GetPCLK2Freq  stm32f4xx_hal_rcc.o
    0x08001282   0x08001282   0x00000002   PAD
    0x08001284   0x08001284   0x00000068   Code   RO          706    .text.HAL_RCC_GetSysClockFreq  stm32f4xx_hal_rcc.o
    0x080012ec   0x080012ec   0x00000360   Code   RO          702    .text.HAL_RCC_OscConfig  stm32f4xx_hal_rcc.o
    0x0800164c   0x0800164c   0x000000b4   Code   RO         1104    .text.HAL_SPI_Init  stm32f4xx_hal_spi.o
    0x08001700   0x08001700   0x0000006a   Code   RO          543    .text.HAL_SPI_MspInit  spi.o
    0x0800176a   0x0800176a   0x00000002   PAD
    0x0800176c   0x0800176c   0x00000002   Code   RO         1525    .text.HAL_TIMEx_BreakCallback  stm32f4xx_hal_tim_ex.o
    0x0800176e   0x0800176e   0x00000002   PAD
    0x08001770   0x08001770   0x00000002   Code   RO         1521    .text.HAL_TIMEx_CommutCallback  stm32f4xx_hal_tim_ex.o
    0x08001772   0x08001772   0x00000002   PAD
    0x08001774   0x08001774   0x0000005a   Code   RO         1220    .text.HAL_TIM_Base_Init  stm32f4xx_hal_tim.o
    0x080017ce   0x080017ce   0x00000002   PAD
    0x080017d0   0x080017d0   0x00000002   Code   RO         1222    .text.HAL_TIM_Base_MspInit  stm32f4xx_hal_tim.o
    0x080017d2   0x080017d2   0x00000002   PAD
    0x080017d4   0x080017d4   0x000000a8   Code   RO         1234    .text.HAL_TIM_Base_Start_IT  stm32f4xx_hal_tim.o
    0x0800187c   0x0800187c   0x00000002   Code   RO         1356    .text.HAL_TIM_IC_CaptureCallback  stm32f4xx_hal_tim.o
    0x0800187e   0x0800187e   0x00000002   PAD
    0x08001880   0x08001880   0x0000016a   Code   RO         1354    .text.HAL_TIM_IRQHandler  stm32f4xx_hal_tim.o
    0x080019ea   0x080019ea   0x00000002   PAD
    0x080019ec   0x080019ec   0x00000002   Code   RO         1358    .text.HAL_TIM_OC_DelayElapsedCallback  stm32f4xx_hal_tim.o
    0x080019ee   0x080019ee   0x00000002   PAD
    0x080019f0   0x080019f0   0x00000002   Code   RO         1360    .text.HAL_TIM_PWM_PulseFinishedCallback  stm32f4xx_hal_tim.o
    0x080019f2   0x080019f2   0x00000002   PAD
    0x080019f4   0x080019f4   0x0000000e   Code   RO          482    .text.HAL_TIM_PeriodElapsedCallback  main.o
    0x08001a02   0x08001a02   0x00000002   PAD
    0x08001a04   0x08001a04   0x00000002   Code   RO         1364    .text.HAL_TIM_TriggerCallback  stm32f4xx_hal_tim.o
    0x08001a06   0x08001a06   0x00000002   PAD
    0x08001a08   0x08001a08   0x0000005e   Code   RO         1539    .text.HAL_UART_Init  stm32f4xx_hal_uart.o
    0x08001a66   0x08001a66   0x00000002   PAD
    0x08001a68   0x08001a68   0x0000006a   Code   RO          558    .text.HAL_UART_MspInit  usart.o
    0x08001ad2   0x08001ad2   0x00000002   PAD
    0x08001ad4   0x08001ad4   0x00000002   Code   RO          573    .text.HardFault_Handler  stm32f4xx_it.o
    0x08001ad6   0x08001ad6   0x00000002   PAD
    0x08001ad8   0x08001ad8   0x0000001c   Code   RO           58    .text.KalmanCreate  kalman.o
    0x08001af4   0x08001af4   0x0000009c   Code   RO          213    .text.Key_SHIFT     bsp_rc.o
    0x08001b90   0x08001b90   0x00000036   Code   RO          522    .text.MX_CAN1_Init  can_1.o
    0x08001bc6   0x08001bc6   0x00000002   PAD
    0x08001bc8   0x08001bc8   0x00000036   Code   RO          524    .text.MX_CAN2_Init  can_1.o
    0x08001bfe   0x08001bfe   0x00000002   PAD
    0x08001c00   0x08001c00   0x00000094   Code   RO          503    .text.MX_FREERTOS_Init  freertos.o
    0x08001c94   0x08001c94   0x00000088   Code   RO          493    .text.MX_GPIO_Init  gpio.o
    0x08001d1c   0x08001d1c   0x00000046   Code   RO          541    .text.MX_SPI5_Init  spi.o
    0x08001d62   0x08001d62   0x00000002   PAD
    0x08001d64   0x08001d64   0x0000003c   Code   RO          556    .text.MX_USART3_UART_Init  usart.o
    0x08001da0   0x08001da0   0x00000002   Code   RO          575    .text.MemManage_Handler  stm32f4xx_it.o
    0x08001da2   0x08001da2   0x00000002   PAD
    0x08001da4   0x08001da4   0x00000002   Code   RO          571    .text.NMI_Handler   stm32f4xx_it.o
    0x08001da6   0x08001da6   0x00000002   PAD
    0x08001da8   0x08001da8   0x00000036   Code   RO           74    .text.PID_Init_ByParamArray  pid.o
    0x08001dde   0x08001dde   0x00000002   PAD
    0x08001de0   0x08001de0   0x00000064   Code   RO         2117    .text.PendSV_Handler  port.o
    0x08001e44   0x08001e44   0x0000000c   PAD
    0x08001e50   0x08001e50   0x00000024   Code   RO         2101    .text.SVC_Handler   port.o
    0x08001e74   0x08001e74   0x00000008   Code   RO          505    .text.StartDefaultTask  freertos.o
    0x08001e7c   0x08001e7c   0x0000002e   Code   RO         2119    .text.SysTick_Handler  port.o
    0x08001eaa   0x08001eaa   0x00000002   PAD
    0x08001eac   0x08001eac   0x000000c2   Code   RO          478    .text.SystemClock_Config  main.o
    0x08001f6e   0x08001f6e   0x00000002   PAD
    0x08001f70   0x08001f70   0x00000012   Code   RO         1659    .text.SystemInit    system_stm32f4xx.o
    0x08001f82   0x08001f82   0x00000002   PAD
    0x08001f84   0x08001f84   0x0000000c   Code   RO          585    .text.TIM2_IRQHandler  stm32f4xx_it.o
    0x08001f90   0x08001f90   0x00000124   Code   RO         1224    .text.TIM_Base_SetConfig  stm32f4xx_hal_tim.o
    0x080020b4   0x080020b4   0x000000ea   Code   RO         1543    .text.UART_SetConfig  stm32f4xx_hal_uart.o
    0x0800219e   0x0800219e   0x00000002   PAD
    0x080021a0   0x080021a0   0x0000002c   Code   RO          171    .text.USER_CAN_TxMessage  bsp_can.o
    0x080021cc   0x080021cc   0x00000002   Code   RO          579    .text.UsageFault_Handler  stm32f4xx_it.o
    0x080021ce   0x080021ce   0x00000002   PAD
    0x080021d0   0x080021d0   0x00000052   Code   RO          330    .text.control_switch  chassis.o
    0x08002222   0x08002222   0x00000002   PAD
    0x08002224   0x08002224   0x000001e4   Code   RO          305    .text.get_DJI_Motor_Info  motor.o
    0x08002408   0x08002408   0x0000003e   Code   RO          193    .text.get_rc_ctrl_data  bsp_rc.o
    0x08002446   0x08002446   0x00000002   PAD
    0x08002448   0x08002448   0x00000026   Code   RO          476    .text.main          main.o
    0x0800246e   0x0800246e   0x00000002   PAD
    0x08002470   0x08002470   0x00000010   Code   RO         1973    .text.osDelay       cmsis_os.o
    0x08002480   0x08002480   0x0000000a   Code   RO         1955    .text.osKernelStart  cmsis_os.o
    0x0800248a   0x0800248a   0x00000002   PAD
    0x0800248c   0x0800248c   0x0000005c   Code   RO         1961    .text.osThreadCreate  cmsis_os.o
    0x080024e8   0x080024e8   0x000001c8   Code   RO          134    .text.pm01_access_poll  bsp_pm01_api.o
    0x080026b0   0x080026b0   0x0000013e   Code   RO         1833    .text.prvAddNewTaskToReadyList  tasks.o
    0x080027ee   0x080027ee   0x00000002   PAD
    0x080027f0   0x080027f0   0x00000096   Code   RO         1865    .text.prvIdleTask   tasks.o
    0x08002886   0x08002886   0x00000002   PAD
    0x08002888   0x08002888   0x00000116   Code   RO         1831    .text.prvInitialiseNewTask  tasks.o
    0x0800299e   0x0800299e   0x00000002   PAD
    0x080029a0   0x080029a0   0x00000028   Code   RO         2109    .text.prvPortStartFirstTask  port.o
    0x080029c8   0x080029c8   0x0000003e   Code   RO         2099    .text.prvTaskExitError  port.o
    0x08002a06   0x08002a06   0x00000002   PAD
    0x08002a08   0x08002a08   0x00000224   Code   RO         2069    .text.pvPortMalloc  heap_4.o
    0x08002c2c   0x08002c2c   0x00000028   Code   RO         2097    .text.pxPortInitialiseStack  port.o
    0x08002c54   0x08002c54   0x00000024   Code   RO         1720    .text.uxListRemove  list.o
    0x08002c78   0x08002c78   0x0000001a   Code   RO          501    .text.vApplicationGetIdleTaskMemory  freertos.o
    0x08002c92   0x08002c92   0x00000002   PAD
    0x08002c94   0x08002c94   0x00000016   Code   RO         1712    .text.vListInitialise  list.o
    0x08002caa   0x08002caa   0x00000002   PAD
    0x08002cac   0x08002cac   0x00000006   Code   RO         1714    .text.vListInitialiseItem  list.o
    0x08002cb2   0x08002cb2   0x00000002   PAD
    0x08002cb4   0x08002cb4   0x00000060   Code   RO         1718    .text.vListInsert   list.o
    0x08002d14   0x08002d14   0x0000001c   Code   RO         1716    .text.vListInsertEnd  list.o
    0x08002d30   0x08002d30   0x00000014   Code   RO         2107    .text.vPortEnableVFP  port.o
    0x08002d44   0x08002d44   0x00000046   Code   RO         2113    .text.vPortEnterCritical  port.o
    0x08002d8a   0x08002d8a   0x00000002   PAD
    0x08002d8c   0x08002d8c   0x0000002e   Code   RO         2115    .text.vPortExitCritical  port.o
    0x08002dba   0x08002dba   0x00000002   PAD
    0x08002dbc   0x08002dbc   0x000000e4   Code   RO         2071    .text.vPortFree     heap_4.o
    0x08002ea0   0x08002ea0   0x00000034   Code   RO         2105    .text.vPortSetupTimerInterrupt  port.o
    0x08002ed4   0x08002ed4   0x000000c2   Code   RO         1847    .text.vTaskDelay    tasks.o
    0x08002f96   0x08002f96   0x00000002   PAD
    0x08002f98   0x08002f98   0x000000e4   Code   RO         1863    .text.vTaskStartScheduler  tasks.o
    0x0800307c   0x0800307c   0x00000010   Code   RO         1841    .text.vTaskSuspendAll  tasks.o
    0x0800308c   0x0800308c   0x00000082   Code   RO         1857    .text.vTaskSwitchContext  tasks.o
    0x0800310e   0x0800310e   0x00000002   PAD
    0x08003110   0x08003110   0x00000186   Code   RO         2103    .text.xPortStartScheduler  port.o
    0x08003296   0x08003296   0x00000002   PAD
    0x08003298   0x08003298   0x0000005e   Code   RO         1835    .text.xTaskCreate   tasks.o
    0x080032f6   0x080032f6   0x00000002   PAD
    0x080032f8   0x080032f8   0x00000076   Code   RO         1829    .text.xTaskCreateStatic  tasks.o
    0x0800336e   0x0800336e   0x00000002   PAD
    0x08003370   0x08003370   0x00000180   Code   RO         1869    .text.xTaskIncrementTick  tasks.o
    0x080034f0   0x080034f0   0x00000138   Code   RO         1845    .text.xTaskResumeAll  tasks.o
    0x08003628   0x08003628   0x0000001a   Code   RO         2624    x$fpl$fpinit        fz_wm.l(fpinit.o)
    0x08003642   0x08003642   0x00000010   Data   RO         1664    .rodata.AHBPrescTable  system_stm32f4xx.o
    0x08003652   0x08003652   0x00000008   Data   RO         1665    .rodata.APBPrescTable  system_stm32f4xx.o
    0x0800365a   0x0800365a   0x00000018   Data   RO          511    .rodata.str1.1      freertos.o
    0x08003672   0x08003672   0x00000002   PAD
    0x08003674   0x08003674   0x00000020   Data   RO         2685    Region$$Table       anon$$obj.o


    Execution Region RW_IRAM2 (Exec base: 0x10000000, Load base: 0x08003720, Size: 0x00000000, Max: 0x00010000, ABSOLUTE)

    **** No section assigned to this execution region ****


    Execution Region RW_IRAM1 (Exec base: 0x20000000, Load base: 0x08003698, Size: 0x00004f00, Max: 0x00030000, ABSOLUTE, COMPRESSED[0x00000088])

    Exec Addr    Load Addr    Size         Type   Attr      Idx    E Section Name        Object

    0x20000000   COMPRESSED   0x000001f8   Data   RW          180    .data.CAN_TxMsg     bsp_can.o
    0x200001f8   COMPRESSED   0x00000058   Data   RW          108    .data.Chassis_Ctrl  chassis_task.o
    0x20000250   COMPRESSED   0x000003fc   Data   RW          307    .data.DJI_Motor     motor.o
    0x2000064c   COMPRESSED   0x00000004   Data   RW         1663    .data.SystemCoreClock  system_stm32f4xx.o
    0x20000650   COMPRESSED   0x00000030   Data   RW          346    .data.f_PID_Folo_Para  chassis.o
    0x20000680   COMPRESSED   0x00000030   Data   RW          345    .data.f_PID_Wheel_Para  chassis.o
    0x200006b0   COMPRESSED   0x00000002   Data   RW          138    .data.g_cmd_set     bsp_pm01_api.o
    0x200006b2   COMPRESSED   0x00000002   Data   RW          142    .data.g_iout_set    bsp_pm01_api.o
    0x200006b4   COMPRESSED   0x00000002   Data   RW          139    .data.g_power_set   bsp_pm01_api.o
    0x200006b6   COMPRESSED   0x00000002   Data   RW          141    .data.g_vout_set    bsp_pm01_api.o
    0x200006b8   COMPRESSED   0x00000002   Data   RW          144    .data.pm01_access_poll.m_can_id  bsp_pm01_api.o
    0x200006ba   COMPRESSED   0x00000002   PAD
    0x200006bc   COMPRESSED   0x00000004   Data   RW          338    .data.pm01_switch   chassis.o
    0x200006c0   COMPRESSED   0x00000001   Data   RW         1068    .data.uwTickFreq    stm32f4xx_hal.o
    0x200006c1   COMPRESSED   0x00000003   PAD
    0x200006c4   COMPRESSED   0x00000004   Data   RW         1067    .data.uwTickPrio    stm32f4xx_hal.o
    0x200006c8   COMPRESSED   0x00000004   Data   RW         2125    .data.uxCriticalNesting  port.o
    0x200006cc   COMPRESSED   0x00000004   PAD
    0x200006d0        -       0x00000060   Zero   RW         2530    .bss                c_w.l(libspace.o)
    0x20000730        -       0x00000028   Zero   RW          179    .bss.CAN_RxInstance  bsp_can.o
    0x20000758        -       0x00000004   Zero   RW          513    .bss.ChassisTaskHandle  freertos.o
    0x2000075c        -       0x00000004   Zero   RW          532    .bss.HAL_RCC_CAN1_CLK_ENABLED  can_1.o
    0x20000760        -       0x0000006c   Zero   RW          246    .bss.Key_Info       bsp_rc.o
    0x200007cc        -       0x00000001   Zero   RW          251    .bss.Key_SHIFT.res  bsp_rc.o
    0x200007cd   COMPRESSED   0x00000003   PAD
    0x200007d0        -       0x00000004   Zero   RW          512    .bss.defaultTaskHandle  freertos.o
    0x200007d4        -       0x00000002   Zero   RW          140    .bss.g_power_set_offset  bsp_pm01_api.o
    0x200007d6   COMPRESSED   0x00000002   PAD
    0x200007d8        -       0x00000028   Zero   RW          530    .bss.hcan1          can_1.o
    0x20000800        -       0x00000028   Zero   RW          531    .bss.hcan2          can_1.o
    0x20000828        -       0x00000058   Zero   RW          547    .bss.hspi5          spi.o
    0x20000880        -       0x00000048   Zero   RW          611    .bss.htim2          stm32f4xx_hal_timebase_tim.o
    0x200008c8        -       0x00000044   Zero   RW          562    .bss.huart3         usart.o
    0x2000090c        -       0x00000002   Zero   RW          147    .bss.pm01_access_id  bsp_pm01_api.o
    0x2000090e        -       0x00000002   Zero   RW          146    .bss.pm01_access_poll.i  bsp_pm01_api.o
    0x20000910        -       0x00000001   Zero   RW          143    .bss.pm01_access_poll.m_state  bsp_pm01_api.o
    0x20000911   COMPRESSED   0x00000003   PAD
    0x20000914        -       0x00000004   Zero   RW          145    .bss.pm01_access_poll.m_timeout  bsp_pm01_api.o
    0x20000918        -       0x00000020   Zero   RW          149    .bss.pm01_od        bsp_pm01_api.o
    0x20000938        -       0x00000002   Zero   RW          148    .bss.pm01_response_flg  bsp_pm01_api.o
    0x2000093a   COMPRESSED   0x00000002   PAD
    0x2000093c        -       0x00000004   Zero   RW         1925    .bss.pxCurrentTCB   tasks.o
    0x20000940        -       0x00000004   Zero   RW         1941    .bss.pxDelayedTaskList  tasks.o
    0x20000944        -       0x00000004   Zero   RW         2081    .bss.pxEnd          heap_4.o
    0x20000948        -       0x00000004   Zero   RW         1942    .bss.pxOverflowDelayedTaskList  tasks.o
    0x2000094c        -       0x0000008c   Zero   RW         1926    .bss.pxReadyTasksLists  tasks.o
    0x200009d8        -       0x00000018   Zero   RW          242    .bss.rc_ctrl        bsp_rc.o
    0x200009f0        -       0x00003c00   Zero   RW         2088    .bss.ucHeap         heap_4.o
    0x200045f0        -       0x00000001   Zero   RW         2123    .bss.ucMaxSysCallPriority  port.o
    0x200045f1   COMPRESSED   0x00000003   PAD
    0x200045f4        -       0x00000004   Zero   RW         2124    .bss.ulMaxPRIGROUPValue  port.o
    0x200045f8        -       0x00000004   Zero   RW         1069    .bss.uwTick         stm32f4xx_hal.o
    0x200045fc        -       0x00000004   Zero   RW         1931    .bss.uxCurrentNumberOfTasks  tasks.o
    0x20004600        -       0x00000004   Zero   RW         1930    .bss.uxDeletedTasksWaitingCleanUp  tasks.o
    0x20004604        -       0x00000004   Zero   RW         1933    .bss.uxSchedulerSuspended  tasks.o
    0x20004608        -       0x00000004   Zero   RW         1928    .bss.uxTaskNumber   tasks.o
    0x2000460c        -       0x00000004   Zero   RW         1927    .bss.uxTopReadyPriority  tasks.o
    0x20004610        -       0x00000001   Zero   RW         2082    .bss.xBlockAllocatedBit  heap_4.o
    0x20004611   COMPRESSED   0x00000003   PAD
    0x20004614        -       0x00000014   Zero   RW         1944    .bss.xDelayedTaskList1  tasks.o
    0x20004628        -       0x00000014   Zero   RW         1945    .bss.xDelayedTaskList2  tasks.o
    0x2000463c        -       0x00000004   Zero   RW         2083    .bss.xFreeBytesRemaining  heap_4.o
    0x20004640        -       0x00000200   Zero   RW          510    .bss.xIdleStack     freertos.o
    0x20004840        -       0x00000004   Zero   RW         1937    .bss.xIdleTaskHandle  tasks.o
    0x20004844        -       0x00000054   Zero   RW          509    .bss.xIdleTaskTCBBuffer  freertos.o
    0x20004898        -       0x00000004   Zero   RW         2085    .bss.xMinimumEverFreeBytesRemaining  heap_4.o
    0x2000489c        -       0x00000004   Zero   RW         1938    .bss.xNextTaskUnblockTime  tasks.o
    0x200048a0        -       0x00000004   Zero   RW         1943    .bss.xNumOfOverflows  tasks.o
    0x200048a4        -       0x00000004   Zero   RW         2086    .bss.xNumberOfSuccessfulAllocations  heap_4.o
    0x200048a8        -       0x00000004   Zero   RW         2087    .bss.xNumberOfSuccessfulFrees  heap_4.o
    0x200048ac        -       0x00000004   Zero   RW         1940    .bss.xPendedTicks   tasks.o
    0x200048b0        -       0x00000014   Zero   RW         1936    .bss.xPendingReadyList  tasks.o
    0x200048c4        -       0x00000004   Zero   RW         1932    .bss.xSchedulerRunning  tasks.o
    0x200048c8        -       0x00000008   Zero   RW         2084    .bss.xStart         heap_4.o
    0x200048d0        -       0x00000014   Zero   RW         1935    .bss.xSuspendedTaskList  tasks.o
    0x200048e4        -       0x00000014   Zero   RW         1929    .bss.xTasksWaitingTermination  tasks.o
    0x200048f8        -       0x00000004   Zero   RW         1934    .bss.xTickCount     tasks.o
    0x200048fc        -       0x00000004   Zero   RW         1939    .bss.xYieldPending  tasks.o
    0x20004900        -       0x00000200   Zero   RW         1674    HEAP                startup_stm32f427xx.o
    0x20004b00        -       0x00000400   Zero   RW         1673    STACK               startup_stm32f427xx.o


==============================================================================

Image component sizes


      Code (inc. data)   RO Data    RW Data    ZI Data      Debug   Object Name

       220          0          0        504         40       7511   bsp_can.o
       456         36          0         10         45       5103   bsp_pm01_api.o
       218          0          0          0        133      20678   bsp_rc.o
       394          0          0          0         84       6780   can_1.o
       288          0          0        100          0      10253   chassis.o
        64          0          0         88          0       7498   chassis_task.o
       118          0          0          0          0      24363   cmsis_os.o
       182         56         24          0        604       3348   freertos.o
       136          0          0          0          0       1577   gpio.o
       776          0          0          0      15389       5473   heap_4.o
        28          0          0          0          0       3378   kalman.o
       188          0          0          0          0       2327   list.o
       256          0          0          0          0       6205   main.o
       484         16          0       1020          0       5458   motor.o
        54          0          0          0          0       3501   pid.o
       902         16          0          4          5       4172   port.o
       176          0          0          0         88       5091   spi.o
        64         26        428          0       1536        844   startup_stm32f427xx.o
        92          0          0          5          4       7654   stm32f4xx_hal.o
      1336          6          0          0          0      13743   stm32f4xx_hal_can.o
       156          0          0          0          0      10648   stm32f4xx_hal_cortex.o
       430          0          0          0          0       5300   stm32f4xx_hal_gpio.o
        66          0          0          0          0       3698   stm32f4xx_hal_msp.o
       122          0          0          0          0       4581   stm32f4xx_hal_pwr_ex.o
      1458          0          0          0          0       7387   stm32f4xx_hal_rcc.o
       180          0          0          0          0      24739   stm32f4xx_hal_spi.o
       922          0          0          0          0      54457   stm32f4xx_hal_tim.o
         4          0          0          0          0      21124   stm32f4xx_hal_tim_ex.o
       172          0          0          0         72       7422   stm32f4xx_hal_timebase_tim.o
       328          0          0          0          0      30134   stm32f4xx_hal_uart.o
        48          0          0          0          0       5980   stm32f4xx_it.o
        18          0         24          4          0       2690   system_stm32f4xx.o
      2222          8          0          0        300      28859   tasks.o
       166          0          0          0         68       5051   usart.o

    ----------------------------------------------------------------------
     12880        176        510       1740      18388     357027   Object Totals
         0          0         32          0          0          0   (incl. Generated)
       156         12          2          5         20          0   (incl. Padding)

    ----------------------------------------------------------------------

      Code (inc. data)   RO Data    RW Data    ZI Data      Debug   Library Member Name

        58          0          0          0          0          0   __dczerorl.o
         8          0          0          0          0         68   __main.o
         0          0          0          0          0          0   __rtentry.o
        12          0          0          0          0          0   __rtentry2.o
         6          0          0          0          0          0   __rtentry4.o
        52          8          0          0          0          0   __scatter.o
        28          0          0          0          0          0   __scatter_zi.o
        18          0          0          0          0         80   exit.o
         6          0          0          0          0        152   heapauxi.o
         0          0          0          0          0          0   indicate_semi.o
         2          0          0          0          0          0   libinit.o
         6          0          0          0          0          0   libinit2.o
         2          0          0          0          0          0   libshutdown.o
         2          0          0          0          0          0   libshutdown2.o
         8          4          0          0         96         68   libspace.o
       240          0          0          0          0        100   lludivv7m.o
         2          0          0          0          0          0   rtexit.o
        10          0          0          0          0          0   rtexit2.o
        12          4          0          0          0         68   sys_exit.o
        74          0          0          0          0         80   sys_stackheap_outer.o
         2          0          0          0          0         68   use_no_semi.o
        26          0          0          0          0        116   fpinit.o

    ----------------------------------------------------------------------
       582         16          0          0         96        800   Library Totals
         8          0          0          0          0          0   (incl. Padding)

    ----------------------------------------------------------------------

      Code (inc. data)   RO Data    RW Data    ZI Data      Debug   Library Name

       548         16          0          0         96        684   c_w.l
        26          0          0          0          0        116   fz_wm.l

    ----------------------------------------------------------------------
       582         16          0          0         96        800   Library Totals

    ----------------------------------------------------------------------

==============================================================================


      Code (inc. data)   RO Data    RW Data    ZI Data      Debug   

     13462        192        510       1740      18484     356979   Grand Totals
     13462        192        510        136      18484     356979   ELF Image Totals (compressed)
     13462        192        510        136          0          0   ROM Totals

==============================================================================

    Total RO  Size (Code + RO Data)                13972 (  13.64kB)
    Total RW  Size (RW Data + ZI Data)             20224 (  19.75kB)
    Total ROM Size (Code + RO Data + RW Data)      14108 (  13.78kB)

==============================================================================

