Component: ARM Compiler 6.14 Tool: armlink [5db06800]

==============================================================================

Section Cross References

    assist.o(.ARM.exidx.text.f_encoder_to_angle) refers to assist.o(.text.f_encoder_to_angle) for [Anonymous Symbol]
    assist.o(.ARM.exidx.text.f_encoder_to_radian) refers to assist.o(.text.f_encoder_to_radian) for [Anonymous Symbol]
    assist.o(.ARM.exidx.text.f_angle_conversion) refers to assist.o(.text.f_angle_conversion) for [Anonymous Symbol]
    assist.o(.ARM.exidx.text.f_get_diff) refers to assist.o(.text.f_get_diff) for [Anonymous Symbol]
    crc.o(.text.Get_CRC8_Check_Sum) refers to crc.o(.rodata.CRC8_TAB) for CRC8_TAB
    crc.o(.ARM.exidx.text.Get_CRC8_Check_Sum) refers to crc.o(.text.Get_CRC8_Check_Sum) for [Anonymous Symbol]
    crc.o(.text.Verify_CRC8_Check_Sum) refers to crc.o(.rodata.CRC8_TAB) for CRC8_TAB
    crc.o(.ARM.exidx.text.Verify_CRC8_Check_Sum) refers to crc.o(.text.Verify_CRC8_Check_Sum) for [Anonymous Symbol]
    crc.o(.text.Append_CRC8_Check_Sum) refers to crc.o(.rodata.CRC8_TAB) for CRC8_TAB
    crc.o(.ARM.exidx.text.Append_CRC8_Check_Sum) refers to crc.o(.text.Append_CRC8_Check_Sum) for [Anonymous Symbol]
    crc.o(.text.Get_CRC16_Check_Sum) refers to crc.o(.rodata.wCRC_Table) for wCRC_Table
    crc.o(.ARM.exidx.text.Get_CRC16_Check_Sum) refers to crc.o(.text.Get_CRC16_Check_Sum) for [Anonymous Symbol]
    crc.o(.text.Verify_CRC16_Check_Sum) refers to crc.o(.data.CRC_INIT) for CRC_INIT
    crc.o(.text.Verify_CRC16_Check_Sum) refers to crc.o(.rodata.wCRC_Table) for wCRC_Table
    crc.o(.ARM.exidx.text.Verify_CRC16_Check_Sum) refers to crc.o(.text.Verify_CRC16_Check_Sum) for [Anonymous Symbol]
    crc.o(.text.Append_CRC16_Check_Sum) refers to crc.o(.data.CRC_INIT) for CRC_INIT
    crc.o(.text.Append_CRC16_Check_Sum) refers to crc.o(.rodata.wCRC_Table) for wCRC_Table
    crc.o(.ARM.exidx.text.Append_CRC16_Check_Sum) refers to crc.o(.text.Append_CRC16_Check_Sum) for [Anonymous Symbol]
    filter.o(.ARM.exidx.text.LP_FilterInit) refers to filter.o(.text.LP_FilterInit) for [Anonymous Symbol]
    filter.o(.ARM.exidx.text.LP_FilterCalc) refers to filter.o(.text.LP_FilterCalc) for [Anonymous Symbol]
    filter.o(.ARM.exidx.text.Kalman_Init) refers to filter.o(.text.Kalman_Init) for [Anonymous Symbol]
    filter.o(.ARM.exidx.text.KalmanFilterCalc) refers to filter.o(.text.KalmanFilterCalc) for [Anonymous Symbol]
    kalman.o(.ARM.exidx.text.KalmanCreate) refers to kalman.o(.text.KalmanCreate) for [Anonymous Symbol]
    kalman.o(.ARM.exidx.text.KalmanFilter) refers to kalman.o(.text.KalmanFilter) for [Anonymous Symbol]
    kalman.o(.text.kalman_filter_init) refers to arm_mat_init_f32.o(.text.arm_mat_init_f32) for arm_mat_init_f32
    kalman.o(.text.kalman_filter_init) refers to arm_mat_trans_f32.o(.text.arm_mat_trans_f32) for arm_mat_trans_f32
    kalman.o(.ARM.exidx.text.kalman_filter_init) refers to kalman.o(.text.kalman_filter_init) for [Anonymous Symbol]
    kalman.o(.text.kalman_filter_calc) refers to arm_mat_init_f32.o(.text.arm_mat_init_f32) for arm_mat_init_f32
    kalman.o(.text.kalman_filter_calc) refers to arm_mat_mult_f32.o(.text.arm_mat_mult_f32) for arm_mat_mult_f32
    kalman.o(.text.kalman_filter_calc) refers to arm_mat_add_f32.o(.text.arm_mat_add_f32) for arm_mat_add_f32
    kalman.o(.text.kalman_filter_calc) refers to arm_mat_inverse_f32.o(.text.arm_mat_inverse_f32) for arm_mat_inverse_f32
    kalman.o(.text.kalman_filter_calc) refers to arm_mat_sub_f32.o(.text.arm_mat_sub_f32) for arm_mat_sub_f32
    kalman.o(.ARM.exidx.text.kalman_filter_calc) refers to kalman.o(.text.kalman_filter_calc) for [Anonymous Symbol]
    pid.o(.ARM.exidx.text.f_PID_Calculate) refers to pid.o(.text.f_PID_Calculate) for [Anonymous Symbol]
    pid.o(.text.PID_Init) refers to pid.o(.text.PID_clear) for PID_clear
    pid.o(.text.PID_Init) refers to pid.o(.text.PID_param_init) for PID_param_init
    pid.o(.ARM.exidx.text.PID_Init) refers to pid.o(.text.PID_Init) for [Anonymous Symbol]
    pid.o(.ARM.exidx.text.PID_clear) refers to pid.o(.text.PID_clear) for [Anonymous Symbol]
    pid.o(.ARM.exidx.text.PID_param_init) refers to pid.o(.text.PID_param_init) for [Anonymous Symbol]
    chassis_task.o(.text.Chassis_Task) refers to cmsis_os.o(.text.osDelay) for osDelay
    chassis_task.o(.ARM.exidx.text.Chassis_Task) refers to chassis_task.o(.text.Chassis_Task) for [Anonymous Symbol]
    chassis_task.o(.text.chassis_mode_set) refers to bsp_rc.o(.text.Key_SHIFT) for Key_SHIFT
    chassis_task.o(.ARM.exidx.text.chassis_mode_set) refers to chassis_task.o(.text.chassis_mode_set) for [Anonymous Symbol]
    chassis_task.o(.text.chassis_info_update) refers to bsp_rc.o(.text.Key_W) for Key_W
    chassis_task.o(.text.chassis_info_update) refers to bsp_rc.o(.text.Key_S) for Key_S
    chassis_task.o(.text.chassis_info_update) refers to bsp_rc.o(.text.Key_A) for Key_A
    chassis_task.o(.text.chassis_info_update) refers to bsp_rc.o(.text.Key_D) for Key_D
[...]
    stream_buffer.c                          0x00000000   Number         0  stream_buffer.o ABSOLUTE
    system_stm32f4xx.c                       0x00000000   Number         0  system_stm32f4xx.o ABSOLUTE
    tasks.c                                  0x00000000   Number         0  tasks.o ABSOLUTE
    timers.c                                 0x00000000   Number         0  timers.o ABSOLUTE
    usart.c                                  0x00000000   Number         0  usart.o ABSOLUTE
    user_lib.c                               0x00000000   Number         0  user_lib.o ABSOLUTE
    RESET                                    0x08000000   Section      428  startup_stm32f427xx.o(RESET)
    !!!main                                  0x080001ac   Section        8  __main.o(!!!main)
    !!!scatter                               0x080001b4   Section       52  __scatter.o(!!!scatter)
    !!handler_copy                           0x080001e8   Section       26  __scatter_copy.o(!!handler_copy)
    !!handler_zi                             0x08000204   Section       28  __scatter_zi.o(!!handler_zi)
    .ARM.Collect$$libinit$$00000000          0x08000220   Section        2  libinit.o(.ARM.Collect$$libinit$$00000000)
    .ARM.Collect$$libinit$$00000001          0x08000222   Section        4  libinit2.o(.ARM.Collect$$libinit$$00000001)
    .ARM.Collect$$libinit$$00000004          0x08000226   Section        0  libinit2.o(.ARM.Collect$$libinit$$00000004)
    .ARM.Collect$$libinit$$0000000A          0x08000226   Section        0  libinit2.o(.ARM.Collect$$libinit$$0000000A)
    .ARM.Collect$$libinit$$0000000C          0x08000226   Section        0  libinit2.o(.ARM.Collect$$libinit$$0000000C)
    .ARM.Collect$$libinit$$0000000E          0x08000226   Section        0  libinit2.o(.ARM.Collect$$libinit$$0000000E)
    .ARM.Collect$$libinit$$00000011          0x08000226   Section        0  libinit2.o(.ARM.Collect$$libinit$$00000011)
    .ARM.Collect$$libinit$$00000013          0x08000226   Section        0  libinit2.o(.ARM.Collect$$libinit$$00000013)
    .ARM.Collect$$libinit$$00000015          0x08000226   Section        0  libinit2.o(.ARM.Collect$$libinit$$00000015)
    .ARM.Collect$$libinit$$00000017          0x08000226   Section        0  libinit2.o(.ARM.Collect$$libinit$$00000017)
    .ARM.Collect$$libinit$$00000019          0x08000226   Section        0  libinit2.o(.ARM.Collect$$libinit$$00000019)
    .ARM.Collect$$libinit$$0000001B          0x08000226   Section        0  libinit2.o(.ARM.Collect$$libinit$$0000001B)
    .ARM.Collect$$libinit$$0000001D          0x08000226   Section        0  libinit2.o(.ARM.Collect$$libinit$$0000001D)
    .ARM.Collect$$libinit$$0000001F          0x08000226   Section        0  libinit2.o(.ARM.Collect$$libinit$$0000001F)
    .ARM.Collect$$libinit$$00000021          0x08000226   Section        0  libinit2.o(.ARM.Collect$$libinit$$00000021)
    .ARM.Collect$$libinit$$00000023          0x08000226   Section        0  libinit2.o(.ARM.Collect$$libinit$$00000023)
    .ARM.Collect$$libinit$$00000025          0x08000226   Section        0  libinit2.o(.ARM.Collect$$libinit$$00000025)
    .ARM.Collect$$libinit$$0000002C          0x08000226   Section        0  libinit2.o(.ARM.Collect$$libinit$$0000002C)
    .ARM.Collect$$libinit$$0000002E          0x08000226   Section        0  libinit2.o(.ARM.Collect$$libinit$$0000002E)
    .ARM.Collect$$libinit$$00000030          0x08000226   Section        0  libinit2.o(.ARM.Collect$$libinit$$00000030)
    .ARM.Collect$$libinit$$00000032          0x08000226   Section        0  libinit2.o(.ARM.Collect$$libinit$$00000032)
    .ARM.Collect$$libinit$$00000033          0x08000226   Section        2  libinit2.o(.ARM.Collect$$libinit$$00000033)
    .ARM.Collect$$libshutdown$$00000000      0x08000228   Section        2  libshutdown.o(.ARM.Collect$$libshutdown$$00000000)
    .ARM.Collect$$libshutdown$$00000002      0x0800022a   Section        0  libshutdown2.o(.ARM.Collect$$libshutdown$$00000002)
    .ARM.Collect$$libshutdown$$00000004      0x0800022a   Section        0  libshutdown2.o(.ARM.Collect$$libshutdown$$00000004)
    .ARM.Collect$$libshutdown$$00000007      0x0800022a   Section        0  libshutdown2.o(.ARM.Collect$$libshutdown$$00000007)
    .ARM.Collect$$libshutdown$$0000000A      0x0800022a   Section        0  libshutdown2.o(.ARM.Collect$$libshutdown$$0000000A)
    .ARM.Collect$$libshutdown$$0000000C      0x0800022a   Section        0  libshutdown2.o(.ARM.Collect$$libshutdown$$0000000C)
    .ARM.Collect$$libshutdown$$0000000F      0x0800022a   Section        0  libshutdown2.o(.ARM.Collect$$libshutdown$$0000000F)
    .ARM.Collect$$libshutdown$$00000010      0x0800022a   Section        2  libshutdown2.o(.ARM.Collect$$libshutdown$$00000010)
    .ARM.Collect$$rtentry$$00000000          0x0800022c   Section        0  __rtentry.o(.ARM.Collect$$rtentry$$00000000)
    .ARM.Collect$$rtentry$$00000002          0x0800022c   Section        0  __rtentry2.o(.ARM.Collect$$rtentry$$00000002)
    .ARM.Collect$$rtentry$$00000004          0x0800022c   Section        6  __rtentry4.o(.ARM.Collect$$rtentry$$00000004)
    .ARM.Collect$$rtentry$$00000009          0x08000232   Section        0  __rtentry2.o(.ARM.Collect$$rtentry$$00000009)
    .ARM.Collect$$rtentry$$0000000A          0x08000232   Section        4  __rtentry2.o(.ARM.Collect$$rtentry$$0000000A)
    .ARM.Collect$$rtentry$$0000000C          0x08000236   Section        0  __rtentry2.o(.ARM.Collect$$rtentry$$0000000C)
    .ARM.Collect$$rtentry$$0000000D          0x08000236   Section        8  __rtentry2.o(.ARM.Collect$$rtentry$$0000000D)
    .ARM.Collect$$rtexit$$00000000           0x0800023e   Section        2  rtexit.o(.ARM.Collect$$rtexit$$00000000)
    .ARM.Collect$$rtexit$$00000002           0x08000240   Section        0  rtexit2.o(.ARM.Collect$$rtexit$$00000002)
    .ARM.Collect$$rtexit$$00000003           0x08000240   Section        4  rtexit2.o(.ARM.Collect$$rtexit$$00000003)
    .ARM.Collect$$rtexit$$00000004           0x08000244   Section        6  rtexit2.o(.ARM.Collect$$rtexit$$00000004)
    $v0                                      0x0800024c   Number         0  startup_stm32f427xx.o(.text)
    .text                                    0x0800024c   Section       64  startup_stm32f427xx.o(.text)
    .text                                    0x0800028c   Section      240  lludivv7m.o(.text)
    .text                                    0x0800037c   Section        0  heapauxi.o(.text)
    .text                                    0x08000384   Section        8  libspace.o(.text)
    .text                                    0x0800038c   Section       74  sys_stackheap_outer.o(.text)
    .text                                    0x080003d6   Section        0  exit.o(.text)
    .text                                    0x080003e8   Section        0  sys_exit.o(.text)
    .text                                    0x080003f4   Section        2  use_no_semi.o(.text)
    .text                                    0x080003f6   Section        0  indicate_semi.o(.text)
    [Anonymous Symbol]                       0x080003f8   Section        0  stm32f4xx_it.o(.text.BusFault_Handler)
    [Anonymous Symbol]                       0x080003fc   Section        0  stm32f4xx_it.o(.text.CAN1_RX0_IRQHandler)
    [Anonymous Symbol]                       0x08000408   Section        0  stm32f4xx_it.o(.text.CAN2_RX0_IRQHandler)
    [Anonymous Symbol]                       0x08000414   Section        0  stm32f4xx_it.o(.text.DebugMon_Handler)
    [Anonymous Symbol]                       0x08000418   Section        0  main.o(.text.Error_Handler)
    [Anonymous Symbol]                       0x08000424   Section        0  stm32f4xx_hal_can.o(.text.HAL_CAN_ErrorCallback)
    [Anonymous Symbol]                       0x08000428   Section        0  stm32f4xx_hal_can.o(.text.HAL_CAN_GetRxMessage)
    [Anonymous Symbol]                       0x08000544   Section        0  stm32f4xx_hal_can.o(.text.HAL_CAN_IRQHandler)
    [Anonymous Symbol]                       0x08000788   Section        0  stm32f4xx_hal_can.o(.text.HAL_CAN_Init)
    [Anonymous Symbol]                       0x08000888   Section        0  can_1.o(.text.HAL_CAN_MspInit)
    [Anonymous Symbol]                       0x080009a8   Section        0  stm32f4xx_hal_can.o(.text.HAL_CAN_RxFifo0FullCallback)
    [Anonymous Symbol]                       0x080009ac   Section        0  bsp_can.o(.text.HAL_CAN_RxFifo0MsgPendingCallback)
    [Anonymous Symbol]                       0x08000a5c   Section        0  stm32f4xx_hal_can.o(.text.HAL_CAN_RxFifo1FullCallback)
    [Anonymous Symbol]                       0x08000a60   Section        0  stm32f4xx_hal_can.o(.text.HAL_CAN_RxFifo1MsgPendingCallback)
    [Anonymous Symbol]                       0x08000a64   Section        0  stm32f4xx_hal_can.o(.text.HAL_CAN_SleepCallback)
    [Anonymous Symbol]                       0x08000a68   Section        0  stm32f4xx_hal_can.o(.text.HAL_CAN_TxMailbox0AbortCallback)
    [Anonymous Symbol]                       0x08000a6c   Section        0  stm32f4xx_hal_can.o(.text.HAL_CAN_TxMailbox0CompleteCallback)
    [Anonymous Symbol]                       0x08000a70   Section        0  stm32f4xx_hal_can.o(.text.HAL_CAN_TxMailbox1AbortCallback)
    [Anonymous Symbol]                       0x08000a74   Section        0  stm32f4xx_hal_can.o(.text.HAL_CAN_TxMailbox1CompleteCallback)
    [Anonymous Symbol]                       0x08000a78   Section        0  stm32f4xx_hal_can.o(.text.HAL_CAN_TxMailbox2AbortCallback)
    [Anonymous Symbol]                       0x08000a7c   Section        0  stm32f4xx_hal_can.o(.text.HAL_CAN_TxMailbox2CompleteCallback)
    [Anonymous Symbol]                       0x08000a80   Section        0  stm32f4xx_hal_can.o(.text.HAL_CAN_WakeUpFromRxMsgCallback)
    [Anonymous Symbol]                       0x08000a84   Section        0  stm32f4xx_hal_gpio.o(.text.HAL_GPIO_Init)
    [Anonymous Symbol]                       0x08000c40   Section        0  stm32f4xx_hal.o(.text.HAL_GetTick)
    [Anonymous Symbol]                       0x08000c4c   Section        0  stm32f4xx_hal.o(.text.HAL_IncTick)
    [Anonymous Symbol]                       0x08000c68   Section        0  stm32f4xx_hal.o(.text.HAL_Init)
    [Anonymous Symbol]                       0x08000ca0   Section        0  stm32f4xx_hal_timebase_tim.o(.text.HAL_InitTick)
    [Anonymous Symbol]                       0x08000d4c   Section        0  stm32f4xx_hal_msp.o(.text.HAL_MspInit)
    [Anonymous Symbol]                       0x08000d90   Section        0  stm32f4xx_hal_cortex.o(.text.HAL_NVIC_EnableIRQ)
    [Anonymous Symbol]                       0x08000db0   Section        0  stm32f4xx_hal_cortex.o(.text.HAL_NVIC_SetPriority)
    [Anonymous Symbol]                       0x08000e08   Section        0  stm32f4xx_hal_cortex.o(.text.HAL_NVIC_SetPriorityGrouping)
    [Anonymous Symbol]                       0x08000e28   Section        0  stm32f4xx_hal_pwr_ex.o(.text.HAL_PWREx_EnableOverDrive)
    [Anonymous Symbol]                       0x08000ea4   Section        0  stm32f4xx_hal_rcc.o(.text.HAL_RCC_ClockConfig)
    [Anonymous Symbol]                       0x08001004   Section        0  stm32f4xx_hal_rcc.o(.text.HAL_RCC_GetClockConfig)
    [Anonymous Symbol]                       0x08001044   Section        0  stm32f4xx_hal_rcc.o(.text.HAL_RCC_GetPCLK1Freq)
    [Anonymous Symbol]                       0x0800106c   Section        0  stm32f4xx_hal_rcc.o(.text.HAL_RCC_GetPCLK2Freq)
    [Anonymous Symbol]                       0x08001094   Section        0  stm32f4xx_hal_rcc.o(.text.HAL_RCC_GetSysClockFreq)
    [Anonymous Symbol]                       0x080010fc   Section        0  stm32f4xx_hal_rcc.o(.text.HAL_RCC_OscConfig)
    [Anonymous Symbol]                       0x08001464   Section        0  stm32f4xx_hal_tim_ex.o(.text.HAL_TIMEx_BreakCallback)
    [Anonymous Symbol]                       0x08001468   Section        0  stm32f4xx_hal_tim_ex.o(.text.HAL_TIMEx_CommutCallback)
    [Anonymous Symbol]                       0x0800146c   Section        0  stm32f4xx_hal_tim.o(.text.HAL_TIM_Base_Init)
    [Anonymous Symbol]                       0x080014c8   Section        0  stm32f4xx_hal_tim.o(.text.HAL_TIM_Base_MspInit)
    [Anonymous Symbol]                       0x080014cc   Section        0  stm32f4xx_hal_tim.o(.text.HAL_TIM_Base_Start_IT)
    [Anonymous Symbol]                       0x08001574   Section        0  stm32f4xx_hal_tim.o(.text.HAL_TIM_IC_CaptureCallback)
    [Anonymous Symbol]                       0x08001578   Section        0  stm32f4xx_hal_tim.o(.text.HAL_TIM_IRQHandler)
    [Anonymous Symbol]                       0x080016e4   Section        0  stm32f4xx_hal_tim.o(.text.HAL_TIM_OC_DelayElapsedCallback)
    [Anonymous Symbol]                       0x080016e8   Section        0  stm32f4xx_hal_tim.o(.text.HAL_TIM_PWM_PulseFinishedCallback)
    [Anonymous Symbol]                       0x080016ec   Section        0  main.o(.text.HAL_TIM_PeriodElapsedCallback)
    [Anonymous Symbol]                       0x080016fc   Section        0  stm32f4xx_hal_tim.o(.text.HAL_TIM_TriggerCallback)
    [Anonymous Symbol]                       0x08001700   Section        0  stm32f4xx_hal_uart.o(.text.HAL_UART_Init)
    [Anonymous Symbol]                       0x08001760   Section        0  usart.o(.text.HAL_UART_MspInit)
    [Anonymous Symbol]                       0x080017d4   Section        0  stm32f4xx_it.o(.text.HardFault_Handler)
    [Anonymous Symbol]                       0x080017d8   Section        0  can_1.o(.text.MX_CAN1_Init)
    [Anonymous Symbol]                       0x08001810   Section        0  can_1.o(.text.MX_CAN2_Init)
    [Anonymous Symbol]                       0x08001848   Section        0  freertos.o(.text.MX_FREERTOS_Init)
    [Anonymous Symbol]                       0x08001884   Section        0  gpio.o(.text.MX_GPIO_Init)
    [Anonymous Symbol]                       0x080018f8   Section        0  usart.o(.text.MX_USART3_UART_Init)
    [Anonymous Symbol]                       0x08001934   Section        0  stm32f4xx_it.o(.text.MemManage_Handler)
    [Anonymous Symbol]                       0x08001938   Section        0  stm32f4xx_it.o(.text.NMI_Handler)
    [Anonymous Symbol]                       0x08001940   Section        0  port.o(.text.PendSV_Handler)
    pxCurrentTCBConst                        0x080019a0   Number         0  port.o(.text.PendSV_Handler)
    [Anonymous Symbol]                       0x080019b0   Section        0  port.o(.text.SVC_Handler)
    pxCurrentTCBConst2                       0x080019d0   Number         0  port.o(.text.SVC_Handler)
    [Anonymous Symbol]                       0x080019d4   Section        0  freertos.o(.text.StartDefaultTask)
    [Anonymous Symbol]                       0x080019dc   Section        0  port.o(.text.SysTick_Handler)
    [Anonymous Symbol]                       0x08001a0c   Section        0  main.o(.text.SystemClock_Config)
    [Anonymous Symbol]                       0x08001ad0   Section        0  system_stm32f4xx.o(.text.SystemInit)
    [Anonymous Symbol]                       0x08001ae4   Section        0  stm32f4xx_it.o(.text.TIM2_IRQHandler)
    [Anonymous Symbol]                       0x08001af0   Section        0  stm32f4xx_hal_tim.o(.text.TIM_Base_SetConfig)
    UART_SetConfig                           0x08001c15   Thumb Code   220  stm32f4xx_hal_uart.o(.text.UART_SetConfig)
    [Anonymous Symbol]                       0x08001c14   Section        0  stm32f4xx_hal_uart.o(.text.UART_SetConfig)
    [Anonymous Symbol]                       0x08001cf0   Section        0  stm32f4xx_it.o(.text.UsageFault_Handler)
    [Anonymous Symbol]                       0x08001cf4   Section        0  motor.o(.text.get_DJI_Motor_Info)
    [Anonymous Symbol]                       0x08001efc   Section        0  bsp_rc.o(.text.get_rc_ctrl_data)
    [Anonymous Symbol]                       0x08001f3c   Section        0  main.o(.text.main)
    [Anonymous Symbol]                       0x08001f60   Section        0  cmsis_os.o(.text.osDelay)
    [Anonymous Symbol]                       0x08001f70   Section        0  cmsis_os.o(.text.osKernelStart)
    [Anonymous Symbol]                       0x08001f7c   Section        0  cmsis_os.o(.text.osThreadCreate)
    prvAddNewTaskToReadyList                 0x08001fdd   Thumb Code   318  tasks.o(.text.prvAddNewTaskToReadyList)
    [Anonymous Symbol]                       0x08001fdc   Section        0  tasks.o(.text.prvAddNewTaskToReadyList)
    prvIdleTask                              0x0800211d   Thumb Code   150  tasks.o(.text.prvIdleTask)
    [Anonymous Symbol]                       0x0800211c   Section        0  tasks.o(.text.prvIdleTask)
    prvInitialiseNewTask                     0x080021b5   Thumb Code   276  tasks.o(.text.prvInitialiseNewTask)
    [Anonymous Symbol]                       0x080021b4   Section        0  tasks.o(.text.prvInitialiseNewTask)
    prvPortStartFirstTask                    0x080022c9   Thumb Code    34  port.o(.text.prvPortStartFirstTask)
    [Anonymous Symbol]                       0x080022c8   Section        0  port.o(.text.prvPortStartFirstTask)
    prvTaskExitError                         0x080022f1   Thumb Code    62  port.o(.text.prvTaskExitError)
    [Anonymous Symbol]                       0x080022f0   Section        0  port.o(.text.prvTaskExitError)
    [Anonymous Symbol]                       0x08002330   Section        0  heap_4.o(.text.pvPortMalloc)
    [Anonymous Symbol]                       0x0800258c   Section        0  port.o(.text.pxPortInitialiseStack)
    [Anonymous Symbol]                       0x080025b4   Section        0  list.o(.text.uxListRemove)
    [Anonymous Symbol]                       0x080025d8   Section        0  freertos.o(.text.vApplicationGetIdleTaskMemory)
    [Anonymous Symbol]                       0x080025f4   Section        0  list.o(.text.vListInitialise)
    [Anonymous Symbol]                       0x0800260c   Section        0  list.o(.text.vListInitialiseItem)
    [Anonymous Symbol]                       0x08002614   Section        0  list.o(.text.vListInsert)
    [Anonymous Symbol]                       0x08002674   Section        0  list.o(.text.vListInsertEnd)
    vPortEnableVFP                           0x08002691   Thumb Code    14  port.o(.text.vPortEnableVFP)
    [Anonymous Symbol]                       0x08002690   Section        0  port.o(.text.vPortEnableVFP)
    [Anonymous Symbol]                       0x080026a4   Section        0  port.o(.text.vPortEnterCritical)
    [Anonymous Symbol]                       0x080026ec   Section        0  port.o(.text.vPortExitCritical)
    [Anonymous Symbol]                       0x0800271c   Section        0  heap_4.o(.text.vPortFree)
    [Anonymous Symbol]                       0x08002804   Section        0  port.o(.text.vPortSetupTimerInterrupt)
    [Anonymous Symbol]                       0x08002838   Section        0  tasks.o(.text.vTaskDelay)
    [Anonymous Symbol]                       0x080028fc   Section        0  tasks.o(.text.vTaskStartScheduler)
    [Anonymous Symbol]                       0x080029e0   Section        0  tasks.o(.text.vTaskSuspendAll)
    [Anonymous Symbol]                       0x080029f0   Section        0  tasks.o(.text.vTaskSwitchContext)
    [Anonymous Symbol]                       0x08002a74   Section        0  port.o(.text.xPortStartScheduler)
    [Anonymous Symbol]                       0x08002bf4   Section        0  tasks.o(.text.xTaskCreate)
    [Anonymous Symbol]                       0x08002c54   Section        0  tasks.o(.text.xTaskCreateStatic)
    [Anonymous Symbol]                       0x08002ccc   Section        0  tasks.o(.text.xTaskIncrementTick)
    [Anonymous Symbol]                       0x08002e4c   Section        0  tasks.o(.text.xTaskResumeAll)
    $v0                                      0x08002f90   Number         0  fpinit.o(x$fpl$fpinit)
    x$fpl$fpinit                             0x08002f90   Section       26  fpinit.o(x$fpl$fpinit)
    .L__const.MX_FREERTOS_Init.os_thread_def_defaultTask 0x08002fac   Data          28  freertos.o(.rodata..L__const.MX_FREERTOS_Init.os_thread_def_defaultTask)
    .L.str                                   0x08002fe0   Data          12  freertos.o(.rodata.str1.1)
    [Anonymous Symbol]                       0x08002fe0   Section        0  freertos.o(.rodata.str1.1)
    uxCriticalNesting                        0x200000e4   Data           4  port.o(.data.uxCriticalNesting)
    [Anonymous Symbol]                       0x200000e4   Section        0  port.o(.data.uxCriticalNesting)
    .bss                                     0x200000e8   Section       96  libspace.o(.bss)
    HAL_RCC_CAN1_CLK_ENABLED                 0x20000170   Data           4  can_1.o(.bss.HAL_RCC_CAN1_CLK_ENABLED)
    [Anonymous Symbol]                       0x20000170   Section        0  can_1.o(.bss.HAL_RCC_CAN1_CLK_ENABLED)
    pxDelayedTaskList                        0x20000258   Data           4  tasks.o(.bss.pxDelayedTaskList)
    [Anonymous Symbol]                       0x20000258   Section        0  tasks.o(.bss.pxDelayedTaskList)
    pxEnd                                    0x2000025c   Data           4  heap_4.o(.bss.pxEnd)
    [Anonymous Symbol]                       0x2000025c   Section        0  heap_4.o(.bss.pxEnd)
    pxOverflowDelayedTaskList                0x20000260   Data           4  tasks.o(.bss.pxOverflowDelayedTaskList)
    [Anonymous Symbol]                       0x20000260   Section        0  tasks.o(.bss.pxOverflowDelayedTaskList)
    pxReadyTasksLists                        0x20000264   Data         140  tasks.o(.bss.pxReadyTasksLists)
    [Anonymous Symbol]                       0x20000264   Section        0  tasks.o(.bss.pxReadyTasksLists)
    ucHeap                                   0x20000308   Data       15360  heap_4.o(.bss.ucHeap)
    [Anonymous Symbol]                       0x20000308   Section        0  heap_4.o(.bss.ucHeap)
    ucMaxSysCallPriority                     0x20003f08   Data           1  port.o(.bss.ucMaxSysCallPriority)
    [Anonymous Symbol]                       0x20003f08   Section        0  port.o(.bss.ucMaxSysCallPriority)
    ulMaxPRIGROUPValue                       0x20003f0c   Data           4  port.o(.bss.ulMaxPRIGROUPValue)
    [Anonymous Symbol]                       0x20003f0c   Section        0  port.o(.bss.ulMaxPRIGROUPValue)
    uxCurrentNumberOfTasks                   0x20003f14   Data           4  tasks.o(.bss.uxCurrentNumberOfTasks)
    [Anonymous Symbol]                       0x20003f14   Section        0  tasks.o(.bss.uxCurrentNumberOfTasks)
    uxDeletedTasksWaitingCleanUp             0x20003f18   Data           4  tasks.o(.bss.uxDeletedTasksWaitingCleanUp)
    [Anonymous Symbol]                       0x20003f18   Section        0  tasks.o(.bss.uxDeletedTasksWaitingCleanUp)
    uxSchedulerSuspended                     0x20003f1c   Data           4  tasks.o(.bss.uxSchedulerSuspended)
    [Anonymous Symbol]                       0x20003f1c   Section        0  tasks.o(.bss.uxSchedulerSuspended)
    uxTaskNumber                             0x20003f20   Data           4  tasks.o(.bss.uxTaskNumber)
    [Anonymous Symbol]                       0x20003f20   Section        0  tasks.o(.bss.uxTaskNumber)
    uxTopReadyPriority                       0x20003f24   Data           4  tasks.o(.bss.uxTopReadyPriority)
    [Anonymous Symbol]                       0x20003f24   Section        0  tasks.o(.bss.uxTopReadyPriority)
    xBlockAllocatedBit                       0x20003f28   Data           1  heap_4.o(.bss.xBlockAllocatedBit)
    [Anonymous Symbol]                       0x20003f28   Section        0  heap_4.o(.bss.xBlockAllocatedBit)
    xDelayedTaskList1                        0x20003f2c   Data          20  tasks.o(.bss.xDelayedTaskList1)
    [Anonymous Symbol]                       0x20003f2c   Section        0  tasks.o(.bss.xDelayedTaskList1)
    xDelayedTaskList2                        0x20003f40   Data          20  tasks.o(.bss.xDelayedTaskList2)
    [Anonymous Symbol]                       0x20003f40   Section        0  tasks.o(.bss.xDelayedTaskList2)
    xFreeBytesRemaining                      0x20003f54   Data           4  heap_4.o(.bss.xFreeBytesRemaining)
    [Anonymous Symbol]                       0x20003f54   Section        0  heap_4.o(.bss.xFreeBytesRemaining)
    xIdleStack                               0x20003f58   Data         512  freertos.o(.bss.xIdleStack)
    [Anonymous Symbol]                       0x20003f58   Section        0  freertos.o(.bss.xIdleStack)
    xIdleTaskHandle                          0x20004158   Data           4  tasks.o(.bss.xIdleTaskHandle)
    [Anonymous Symbol]                       0x20004158   Section        0  tasks.o(.bss.xIdleTaskHandle)
    xIdleTaskTCBBuffer                       0x2000415c   Data          84  freertos.o(.bss.xIdleTaskTCBBuffer)
    [Anonymous Symbol]                       0x2000415c   Section        0  freertos.o(.bss.xIdleTaskTCBBuffer)
    xMinimumEverFreeBytesRemaining           0x200041b0   Data           4  heap_4.o(.bss.xMinimumEverFreeBytesRemaining)
    [Anonymous Symbol]                       0x200041b0   Section        0  heap_4.o(.bss.xMinimumEverFreeBytesRemaining)
    xNextTaskUnblockTime                     0x200041b4   Data           4  tasks.o(.bss.xNextTaskUnblockTime)
    [Anonymous Symbol]                       0x200041b4   Section        0  tasks.o(.bss.xNextTaskUnblockTime)
    xNumOfOverflows                          0x200041b8   Data           4  tasks.o(.bss.xNumOfOverflows)
    [Anonymous Symbol]                       0x200041b8   Section        0  tasks.o(.bss.xNumOfOverflows)
    xNumberOfSuccessfulAllocations           0x200041bc   Data           4  heap_4.o(.bss.xNumberOfSuccessfulAllocations)
    [Anonymous Symbol]                       0x200041bc   Section        0  heap_4.o(.bss.xNumberOfSuccessfulAllocations)
    xNumberOfSuccessfulFrees                 0x200041c0   Data           4  heap_4.o(.bss.xNumberOfSuccessfulFrees)
    [Anonymous Symbol]                       0x200041c0   Section        0  heap_4.o(.bss.xNumberOfSuccessfulFrees)
    xPendedTicks                             0x200041c4   Data           4  tasks.o(.bss.xPendedTicks)
    [Anonymous Symbol]                       0x200041c4   Section        0  tasks.o(.bss.xPendedTicks)
    xPendingReadyList                        0x200041c8   Data          20  tasks.o(.bss.xPendingReadyList)
    [Anonymous Symbol]                       0x200041c8   Section        0  tasks.o(.bss.xPendingReadyList)
    xSchedulerRunning                        0x200041dc   Data           4  tasks.o(.bss.xSchedulerRunning)
    [Anonymous Symbol]                       0x200041dc   Section        0  tasks.o(.bss.xSchedulerRunning)
    xStart                                   0x200041e0   Data           8  heap_4.o(.bss.xStart)
    [Anonymous Symbol]                       0x200041e0   Section        0  heap_4.o(.bss.xStart)
    xSuspendedTaskList                       0x200041e8   Data          20  tasks.o(.bss.xSuspendedTaskList)
    [Anonymous Symbol]                       0x200041e8   Section        0  tasks.o(.bss.xSuspendedTaskList)
    xTasksWaitingTermination                 0x200041fc   Data          20  tasks.o(.bss.xTasksWaitingTermination)
    [Anonymous Symbol]                       0x200041fc   Section        0  tasks.o(.bss.xTasksWaitingTermination)
    xTickCount                               0x20004210   Data           4  tasks.o(.bss.xTickCount)
    [Anonymous Symbol]                       0x20004210   Section        0  tasks.o(.bss.xTickCount)
    xYieldPending                            0x20004214   Data           4  tasks.o(.bss.xYieldPending)
    [Anonymous Symbol]                       0x20004214   Section        0  tasks.o(.bss.xYieldPending)
    Heap_Mem                                 0x20004218   Data         512  startup_stm32f427xx.o(HEAP)
    HEAP                                     0x20004218   Section      512  startup_stm32f427xx.o(HEAP)
    Stack_Mem                                0x20004418   Data        1024  startup_stm32f427xx.o(STACK)
    STACK                                    0x20004418   Section     1024  startup_stm32f427xx.o(STACK)
    __initial_sp                             0x20004818   Data           0  startup_stm32f427xx.o(STACK)

    Global Symbols

    Symbol Name                              Value     Ov Type        Size  Object(Section)

    BuildAttributes$$THM_ISAv4$E$P$D$K$B$S$7EM$VFPi3$EXTD16$VFPS$VFMA$PE$A:L22UL41UL21$X:L11$S22US41US21$IEEE1$IW$~IW$USESV6$~STKCKD$USESV7$~SHL$OTIME$ROPI$IEEEX$EBA8$UX$STANDARDLIB$REQ8$PRES8$EABIv2 0x00000000   Number         0  anon$$obj.o ABSOLUTE
    __ARM_exceptions_init                     - Undefined Weak Reference
    __alloca_initialize                       - Undefined Weak Reference
    __arm_preinit_                            - Undefined Weak Reference
    __cpp_initialize__aeabi_                  - Undefined Weak Reference
    __cxa_finalize                            - Undefined Weak Reference
    __rt_locale                               - Undefined Weak Reference
    __sigvec_lookup                           - Undefined Weak Reference
    _atexit_init                              - Undefined Weak Reference
    _call_atexit_fns                          - Undefined Weak Reference
    _clock_init                               - Undefined Weak Reference
    _fp_trap_init                             - Undefined Weak Reference
    _fp_trap_shutdown                         - Undefined Weak Reference
    _get_lc_collate                           - Undefined Weak Reference
    _get_lc_ctype                             - Undefined Weak Reference
    _get_lc_monetary                          - Undefined Weak Reference
    _get_lc_numeric                           - Undefined Weak Reference
    _get_lc_time                              - Undefined Weak Reference
    _getenv_init                              - Undefined Weak Reference
    _handle_redirection                       - Undefined Weak Reference
    _init_alloc                               - Undefined Weak Reference
    _init_user_alloc                          - Undefined Weak Reference
    _initio                                   - Undefined Weak Reference
    _rand_init                                - Undefined Weak Reference
    _signal_finish                            - Undefined Weak Reference
    _signal_init                              - Undefined Weak Reference
    _terminate_alloc                          - Undefined Weak Reference
    _terminate_user_alloc                     - Undefined Weak Reference
    _terminateio                              - Undefined Weak Reference
    __Vectors_Size                           0x000001ac   Number         0  startup_stm32f427xx.o ABSOLUTE
    __Vectors                                0x08000000   Data           4  startup_stm32f427xx.o(RESET)
    __Vectors_End                            0x080001ac   Data           0  startup_stm32f427xx.o(RESET)
    __main                                   0x080001ad   Thumb Code     8  __main.o(!!!main)
    __scatterload                            0x080001b5   Thumb Code     0  __scatter.o(!!!scatter)
    __scatterload_rt2                        0x080001b5   Thumb Code    44  __scatter.o(!!!scatter)
    __scatterload_rt2_thumb_only             0x080001b5   Thumb Code     0  __scatter.o(!!!scatter)
    __scatterload_null                       0x080001c3   Thumb Code     0  __scatter.o(!!!scatter)
    __scatterload_copy                       0x080001e9   Thumb Code    26  __scatter_copy.o(!!handler_copy)
    __scatterload_zeroinit                   0x08000205   Thumb Code    28  __scatter_zi.o(!!handler_zi)
    __rt_lib_init                            0x08000221   Thumb Code     0  libinit.o(.ARM.Collect$$libinit$$00000000)
    __rt_lib_init_fp_1                       0x08000223   Thumb Code     0  libinit2.o(.ARM.Collect$$libinit$$00000001)
    __rt_lib_init_alloca_1                   0x08000227   Thumb Code     0  libinit2.o(.ARM.Collect$$libinit$$0000002E)
    __rt_lib_init_argv_1                     0x08000227   Thumb Code     0  libinit2.o(.ARM.Collect$$libinit$$0000002C)
    __rt_lib_init_atexit_1                   0x08000227   Thumb Code     0  libinit2.o(.ARM.Collect$$libinit$$0000001B)
    __rt_lib_init_clock_1                    0x08000227   Thumb Code     0  libinit2.o(.ARM.Collect$$libinit$$00000021)
    __rt_lib_init_cpp_1                      0x08000227   Thumb Code     0  libinit2.o(.ARM.Collect$$libinit$$00000032)
    __rt_lib_init_exceptions_1               0x08000227   Thumb Code     0  libinit2.o(.ARM.Collect$$libinit$$00000030)
    __rt_lib_init_fp_trap_1                  0x08000227   Thumb Code     0  libinit2.o(.ARM.Collect$$libinit$$0000001F)
    __rt_lib_init_getenv_1                   0x08000227   Thumb Code     0  libinit2.o(.ARM.Collect$$libinit$$00000023)
    __rt_lib_init_heap_1                     0x08000227   Thumb Code     0  libinit2.o(.ARM.Collect$$libinit$$0000000A)
    __rt_lib_init_lc_collate_1               0x08000227   Thumb Code     0  libinit2.o(.ARM.Collect$$libinit$$00000011)
    __rt_lib_init_lc_ctype_1                 0x08000227   Thumb Code     0  libinit2.o(.ARM.Collect$$libinit$$00000013)
    __rt_lib_init_lc_monetary_1              0x08000227   Thumb Code     0  libinit2.o(.ARM.Collect$$libinit$$00000015)
    __rt_lib_init_lc_numeric_1               0x08000227   Thumb Code     0  libinit2.o(.ARM.Collect$$libinit$$00000017)
    __rt_lib_init_lc_time_1                  0x08000227   Thumb Code     0  libinit2.o(.ARM.Collect$$libinit$$00000019)
    __rt_lib_init_preinit_1                  0x08000227   Thumb Code     0  libinit2.o(.ARM.Collect$$libinit$$00000004)
    __rt_lib_init_rand_1                     0x08000227   Thumb Code     0  libinit2.o(.ARM.Collect$$libinit$$0000000E)
    __rt_lib_init_return                     0x08000227   Thumb Code     0  libinit2.o(.ARM.Collect$$libinit$$00000033)
    __rt_lib_init_signal_1                   0x08000227   Thumb Code     0  libinit2.o(.ARM.Collect$$libinit$$0000001D)
    __rt_lib_init_stdio_1                    0x08000227   Thumb Code     0  libinit2.o(.ARM.Collect$$libinit$$00000025)
    __rt_lib_init_user_alloc_1               0x08000227   Thumb Code     0  libinit2.o(.ARM.Collect$$libinit$$0000000C)
    __rt_lib_shutdown                        0x08000229   Thumb Code     0  libshutdown.o(.ARM.Collect$$libshutdown$$00000000)
    __rt_lib_shutdown_cpp_1                  0x0800022b   Thumb Code     0  libshutdown2.o(.ARM.Collect$$libshutdown$$00000002)
    __rt_lib_shutdown_fp_trap_1              0x0800022b   Thumb Code     0  libshutdown2.o(.ARM.Collect$$libshutdown$$00000007)
    __rt_lib_shutdown_heap_1                 0x0800022b   Thumb Code     0  libshutdown2.o(.ARM.Collect$$libshutdown$$0000000F)
    __rt_lib_shutdown_return                 0x0800022b   Thumb Code     0  libshutdown2.o(.ARM.Collect$$libshutdown$$00000010)
    __rt_lib_shutdown_signal_1               0x0800022b   Thumb Code     0  libshutdown2.o(.ARM.Collect$$libshutdown$$0000000A)
    __rt_lib_shutdown_stdio_1                0x0800022b   Thumb Code     0  libshutdown2.o(.ARM.Collect$$libshutdown$$00000004)
    __rt_lib_shutdown_user_alloc_1           0x0800022b   Thumb Code     0  libshutdown2.o(.ARM.Collect$$libshutdown$$0000000C)
    __rt_entry                               0x0800022d   Thumb Code     0  __rtentry.o(.ARM.Collect$$rtentry$$00000000)
    __rt_entry_presh_1                       0x0800022d   Thumb Code     0  __rtentry2.o(.ARM.Collect$$rtentry$$00000002)
    __rt_entry_sh                            0x0800022d   Thumb Code     0  __rtentry4.o(.ARM.Collect$$rtentry$$00000004)
    __rt_entry_li                            0x08000233   Thumb Code     0  __rtentry2.o(.ARM.Collect$$rtentry$$0000000A)
    __rt_entry_postsh_1                      0x08000233   Thumb Code     0  __rtentry2.o(.ARM.Collect$$rtentry$$00000009)
    __rt_entry_main                          0x08000237   Thumb Code     0  __rtentry2.o(.ARM.Collect$$rtentry$$0000000D)
    __rt_entry_postli_1                      0x08000237   Thumb Code     0  __rtentry2.o(.ARM.Collect$$rtentry$$0000000C)
    __rt_exit                                0x0800023f   Thumb Code     0  rtexit.o(.ARM.Collect$$rtexit$$00000000)
    __rt_exit_ls                             0x08000241   Thumb Code     0  rtexit2.o(.ARM.Collect$$rtexit$$00000003)
    __rt_exit_prels_1                        0x08000241   Thumb Code     0  rtexit2.o(.ARM.Collect$$rtexit$$00000002)
    __rt_exit_exit                           0x08000245   Thumb Code     0  rtexit2.o(.ARM.Collect$$rtexit$$00000004)
    Reset_Handler                            0x0800024d   Thumb Code     8  startup_stm32f427xx.o(.text)
    ADC_IRQHandler                           0x08000267   Thumb Code     0  startup_stm32f427xx.o(.text)
    CAN1_RX1_IRQHandler                      0x08000267   Thumb Code     0  startup_stm32f427xx.o(.text)
    CAN1_SCE_IRQHandler                      0x08000267   Thumb Code     0  startup_stm32f427xx.o(.text)
    CAN1_TX_IRQHandler                       0x08000267   Thumb Code     0  startup_stm32f427xx.o(.text)
    CAN2_RX1_IRQHandler                      0x08000267   Thumb Code     0  startup_stm32f427xx.o(.text)
    CAN2_SCE_IRQHandler                      0x08000267   Thumb Code     0  startup_stm32f427xx.o(.text)
    CAN2_TX_IRQHandler                       0x08000267   Thumb Code     0  startup_stm32f427xx.o(.text)
    DCMI_IRQHandler                          0x08000267   Thumb Code     0  startup_stm32f427xx.o(.text)
    DMA1_Stream0_IRQHandler                  0x08000267   Thumb Code     0  startup_stm32f427xx.o(.text)
    DMA1_Stream1_IRQHandler                  0x08000267   Thumb Code     0  startup_stm32f427xx.o(.text)
    DMA1_Stream2_IRQHandler                  0x08000267   Thumb Code     0  startup_stm32f427xx.o(.text)
    DMA1_Stream3_IRQHandler                  0x08000267   Thumb Code     0  startup_stm32f427xx.o(.text)
    DMA1_Stream4_IRQHandler                  0x08000267   Thumb Code     0  startup_stm32f427xx.o(.text)
    DMA1_Stream5_IRQHandler                  0x08000267   Thumb Code     0  startup_stm32f427xx.o(.text)
    DMA1_Stream6_IRQHandler                  0x08000267   Thumb Code     0  startup_stm32f427xx.o(.text)
    DMA1_Stream7_IRQHandler                  0x08000267   Thumb Code     0  startup_stm32f427xx.o(.text)
    DMA2D_IRQHandler                         0x08000267   Thumb Code     0  startup_stm32f427xx.o(.text)
    DMA2_Stream0_IRQHandler                  0x08000267   Thumb Code     0  startup_stm32f427xx.o(.text)
    DMA2_Stream1_IRQHandler                  0x08000267   Thumb Code     0  startup_stm32f427xx.o(.text)
    DMA2_Stream2_IRQHandler                  0x08000267   Thumb Code     0  startup_stm32f427xx.o(.text)
    DMA2_Stream3_IRQHandler                  0x08000267   Thumb Code     0  startup_stm32f427xx.o(.text)
    DMA2_Stream4_IRQHandler                  0x08000267   Thumb Code     0  startup_stm32f427xx.o(.text)
    DMA2_Stream5_IRQHandler                  0x08000267   Thumb Code     0  startup_stm32f427xx.o(.text)
    DMA2_Stream6_IRQHandler                  0x08000267   Thumb Code     0  startup_stm32f427xx.o(.text)
    DMA2_Stream7_IRQHandler                  0x08000267   Thumb Code     0  startup_stm32f427xx.o(.text)
    ETH_IRQHandler                           0x08000267   Thumb Code     0  startup_stm32f427xx.o(.text)
    ETH_WKUP_IRQHandler                      0x08000267   Thumb Code     0  startup_stm32f427xx.o(.text)
    EXTI0_IRQHandler                         0x08000267   Thumb Code     0  startup_stm32f427xx.o(.text)
    EXTI15_10_IRQHandler                     0x08000267   Thumb Code     0  startup_stm32f427xx.o(.text)
    EXTI1_IRQHandler                         0x08000267   Thumb Code     0  startup_stm32f427xx.o(.text)
    EXTI2_IRQHandler                         0x08000267   Thumb Code     0  startup_stm32f427xx.o(.text)
    EXTI3_IRQHandler                         0x08000267   Thumb Code     0  startup_stm32f427xx.o(.text)
    EXTI4_IRQHandler                         0x08000267   Thumb Code     0  startup_stm32f427xx.o(.text)
    EXTI9_5_IRQHandler                       0x08000267   Thumb Code     0  startup_stm32f427xx.o(.text)
    FLASH_IRQHandler                         0x08000267   Thumb Code     0  startup_stm32f427xx.o(.text)
    FMC_IRQHandler                           0x08000267   Thumb Code     0  startup_stm32f427xx.o(.text)
    FPU_IRQHandler                           0x08000267   Thumb Code     0  startup_stm32f427xx.o(.text)
    HASH_RNG_IRQHandler                      0x08000267   Thumb Code     0  startup_stm32f427xx.o(.text)
    I2C1_ER_IRQHandler                       0x08000267   Thumb Code     0  startup_stm32f427xx.o(.text)
    I2C1_EV_IRQHandler                       0x08000267   Thumb Code     0  startup_stm32f427xx.o(.text)
    I2C2_ER_IRQHandler                       0x08000267   Thumb Code     0  startup_stm32f427xx.o(.text)
    I2C2_EV_IRQHandler                       0x08000267   Thumb Code     0  startup_stm32f427xx.o(.text)
    I2C3_ER_IRQHandler                       0x08000267   Thumb Code     0  startup_stm32f427xx.o(.text)
    I2C3_EV_IRQHandler                       0x08000267   Thumb Code     0  startup_stm32f427xx.o(.text)
    OTG_FS_IRQHandler                        0x08000267   Thumb Code     0  startup_stm32f427xx.o(.text)
    OTG_FS_WKUP_IRQHandler                   0x08000267   Thumb Code     0  startup_stm32f427xx.o(.text)
    OTG_HS_EP1_IN_IRQHandler                 0x08000267   Thumb Code     0  startup_stm32f427xx.o(.text)
    OTG_HS_EP1_OUT_IRQHandler                0x08000267   Thumb Code     0  startup_stm32f427xx.o(.text)
    OTG_HS_IRQHandler                        0x08000267   Thumb Code     0  startup_stm32f427xx.o(.text)
    OTG_HS_WKUP_IRQHandler                   0x08000267   Thumb Code     0  startup_stm32f427xx.o(.text)
    PVD_IRQHandler                           0x08000267   Thumb Code     0  startup_stm32f427xx.o(.text)
    RCC_IRQHandler                           0x08000267   Thumb Code     0  startup_stm32f427xx.o(.text)
    RTC_Alarm_IRQHandler                     0x08000267   Thumb Code     0  startup_stm32f427xx.o(.text)
    RTC_WKUP_IRQHandler                      0x08000267   Thumb Code     0  startup_stm32f427xx.o(.text)
    SAI1_IRQHandler                          0x08000267   Thumb Code     0  startup_stm32f427xx.o(.text)
    SDIO_IRQHandler                          0x08000267   Thumb Code     0  startup_stm32f427xx.o(.text)
    SPI1_IRQHandler                          0x08000267   Thumb Code     0  startup_stm32f427xx.o(.text)
    SPI2_IRQHandler                          0x08000267   Thumb Code     0  startup_stm32f427xx.o(.text)
    SPI3_IRQHandler                          0x08000267   Thumb Code     0  startup_stm32f427xx.o(.text)
    SPI4_IRQHandler                          0x08000267   Thumb Code     0  startup_stm32f427xx.o(.text)
    SPI5_IRQHandler                          0x08000267   Thumb Code     0  startup_stm32f427xx.o(.text)
    SPI6_IRQHandler                          0x08000267   Thumb Code     0  startup_stm32f427xx.o(.text)
    TAMP_STAMP_IRQHandler                    0x08000267   Thumb Code     0  startup_stm32f427xx.o(.text)
    TIM1_BRK_TIM9_IRQHandler                 0x08000267   Thumb Code     0  startup_stm32f427xx.o(.text)
    TIM1_CC_IRQHandler                       0x08000267   Thumb Code     0  startup_stm32f427xx.o(.text)
    TIM1_TRG_COM_TIM11_IRQHandler            0x08000267   Thumb Code     0  startup_stm32f427xx.o(.text)
    TIM1_UP_TIM10_IRQHandler                 0x08000267   Thumb Code     0  startup_stm32f427xx.o(.text)
    TIM3_IRQHandler                          0x08000267   Thumb Code     0  startup_stm32f427xx.o(.text)
    TIM4_IRQHandler                          0x08000267   Thumb Code     0  startup_stm32f427xx.o(.text)
    TIM5_IRQHandler                          0x08000267   Thumb Code     0  startup_stm32f427xx.o(.text)
    TIM6_DAC_IRQHandler                      0x08000267   Thumb Code     0  startup_stm32f427xx.o(.text)
    TIM7_IRQHandler                          0x08000267   Thumb Code     0  startup_stm32f427xx.o(.text)
    TIM8_BRK_TIM12_IRQHandler                0x08000267   Thumb Code     0  startup_stm32f427xx.o(.text)
    TIM8_CC_IRQHandler                       0x08000267   Thumb Code     0  startup_stm32f427xx.o(.text)
    TIM8_TRG_COM_TIM14_IRQHandler            0x08000267   Thumb Code     0  startup_stm32f427xx.o(.text)
    TIM8_UP_TIM13_IRQHandler                 0x08000267   Thumb Code     0  startup_stm32f427xx.o(.text)
    UART4_IRQHandler                         0x08000267   Thumb Code     0  startup_stm32f427xx.o(.text)
    UART5_IRQHandler                         0x08000267   Thumb Code     0  startup_stm32f427xx.o(.text)
    UART7_IRQHandler                         0x08000267   Thumb Code     0  startup_stm32f427xx.o(.text)
    UART8_IRQHandler                         0x08000267   Thumb Code     0  startup_stm32f427xx.o(.text)
    USART1_IRQHandler                        0x08000267   Thumb Code     0  startup_stm32f427xx.o(.text)
    USART2_IRQHandler                        0x08000267   Thumb Code     0  startup_stm32f427xx.o(.text)
    USART3_IRQHandler                        0x08000267   Thumb Code     0  startup_stm32f427xx.o(.text)
    USART6_IRQHandler                        0x08000267   Thumb Code     0  startup_stm32f427xx.o(.text)
    WWDG_IRQHandler                          0x08000267   Thumb Code     0  startup_stm32f427xx.o(.text)
    __user_initial_stackheap                 0x08000269   Thumb Code     0  startup_stm32f427xx.o(.text)
    __aeabi_uldivmod                         0x0800028d   Thumb Code     0  lludivv7m.o(.text)
    _ll_udiv                                 0x0800028d   Thumb Code   240  lludivv7m.o(.text)
    __use_two_region_memory                  0x0800037d   Thumb Code     2  heapauxi.o(.text)
    __rt_heap_escrow$2region                 0x0800037f   Thumb Code     2  heapauxi.o(.text)
    __rt_heap_expand$2region                 0x08000381   Thumb Code     2  heapauxi.o(.text)
    __user_libspace                          0x08000385   Thumb Code     8  libspace.o(.text)
    __user_perproc_libspace                  0x08000385   Thumb Code     0  libspace.o(.text)
    __user_perthread_libspace                0x08000385   Thumb Code     0  libspace.o(.text)
    __user_setup_stackheap                   0x0800038d   Thumb Code    74  sys_stackheap_outer.o(.text)
    exit                                     0x080003d7   Thumb Code    18  exit.o(.text)
    _sys_exit                                0x080003e9   Thumb Code     8  sys_exit.o(.text)
    __I$use$semihosting                      0x080003f5   Thumb Code     0  use_no_semi.o(.text)
    __use_no_semihosting_swi                 0x080003f5   Thumb Code     2  use_no_semi.o(.text)
    __semihosting_library_function           0x080003f7   Thumb Code     0  indicate_semi.o(.text)
    BusFault_Handler                         0x080003f9   Thumb Code     2  stm32f4xx_it.o(.text.BusFault_Handler)
    CAN1_RX0_IRQHandler                      0x080003fd   Thumb Code    12  stm32f4xx_it.o(.text.CAN1_RX0_IRQHandler)
    CAN2_RX0_IRQHandler                      0x08000409   Thumb Code    12  stm32f4xx_it.o(.text.CAN2_RX0_IRQHandler)
    DebugMon_Handler                         0x08000415   Thumb Code     2  stm32f4xx_it.o(.text.DebugMon_Handler)
    Error_Handler                            0x08000419   Thumb Code    10  main.o(.text.Error_Handler)
    HAL_CAN_ErrorCallback                    0x08000425   Thumb Code     2  stm32f4xx_hal_can.o(.text.HAL_CAN_ErrorCallback)
    HAL_CAN_GetRxMessage                     0x08000429   Thumb Code   282  stm32f4xx_hal_can.o(.text.HAL_CAN_GetRxMessage)
    HAL_CAN_IRQHandler                       0x08000545   Thumb Code   578  stm32f4xx_hal_can.o(.text.HAL_CAN_IRQHandler)
    HAL_CAN_Init                             0x08000789   Thumb Code   256  stm32f4xx_hal_can.o(.text.HAL_CAN_Init)
    HAL_CAN_MspInit                          0x08000889   Thumb Code   288  can_1.o(.text.HAL_CAN_MspInit)
    HAL_CAN_RxFifo0FullCallback              0x080009a9   Thumb Code     2  stm32f4xx_hal_can.o(.text.HAL_CAN_RxFifo0FullCallback)
    HAL_CAN_RxFifo0MsgPendingCallback        0x080009ad   Thumb Code   176  bsp_can.o(.text.HAL_CAN_RxFifo0MsgPendingCallback)
    HAL_CAN_RxFifo1FullCallback              0x08000a5d   Thumb Code     2  stm32f4xx_hal_can.o(.text.HAL_CAN_RxFifo1FullCallback)
    HAL_CAN_RxFifo1MsgPendingCallback        0x08000a61   Thumb Code     2  stm32f4xx_hal_can.o(.text.HAL_CAN_RxFifo1MsgPendingCallback)
    HAL_CAN_SleepCallback                    0x08000a65   Thumb Code     2  stm32f4xx_hal_can.o(.text.HAL_CAN_SleepCallback)
    HAL_CAN_TxMailbox0AbortCallback          0x08000a69   Thumb Code     2  stm32f4xx_hal_can.o(.text.HAL_CAN_TxMailbox0AbortCallback)
    HAL_CAN_TxMailbox0CompleteCallback       0x08000a6d   Thumb Code     2  stm32f4xx_hal_can.o(.text.HAL_CAN_TxMailbox0CompleteCallback)
    HAL_CAN_TxMailbox1AbortCallback          0x08000a71   Thumb Code     2  stm32f4xx_hal_can.o(.text.HAL_CAN_TxMailbox1AbortCallback)
    HAL_CAN_TxMailbox1CompleteCallback       0x08000a75   Thumb Code     2  stm32f4xx_hal_can.o(.text.HAL_CAN_TxMailbox1CompleteCallback)
    HAL_CAN_TxMailbox2AbortCallback          0x08000a79   Thumb Code     2  stm32f4xx_hal_can.o(.text.HAL_CAN_TxMailbox2AbortCallback)
    HAL_CAN_TxMailbox2CompleteCallback       0x08000a7d   Thumb Code     2  stm32f4xx_hal_can.o(.text.HAL_CAN_TxMailbox2CompleteCallback)
    HAL_CAN_WakeUpFromRxMsgCallback          0x08000a81   Thumb Code     2  stm32f4xx_hal_can.o(.text.HAL_CAN_WakeUpFromRxMsgCallback)
    HAL_GPIO_Init                            0x08000a85   Thumb Code   442  stm32f4xx_hal_gpio.o(.text.HAL_GPIO_Init)
    HAL_GetTick                              0x08000c41   Thumb Code    12  stm32f4xx_hal.o(.text.HAL_GetTick)
    HAL_IncTick                              0x08000c4d   Thumb Code    26  stm32f4xx_hal.o(.text.HAL_IncTick)
    HAL_Init                                 0x08000c69   Thumb Code    54  stm32f4xx_hal.o(.text.HAL_Init)
    HAL_InitTick                             0x08000ca1   Thumb Code   172  stm32f4xx_hal_timebase_tim.o(.text.HAL_InitTick)
    HAL_MspInit                              0x08000d4d   Thumb Code    66  stm32f4xx_hal_msp.o(.text.HAL_MspInit)
    HAL_NVIC_EnableIRQ                       0x08000d91   Thumb Code    32  stm32f4xx_hal_cortex.o(.text.HAL_NVIC_EnableIRQ)
    HAL_NVIC_SetPriority                     0x08000db1   Thumb Code    86  stm32f4xx_hal_cortex.o(.text.HAL_NVIC_SetPriority)
    HAL_NVIC_SetPriorityGrouping             0x08000e09   Thumb Code    32  stm32f4xx_hal_cortex.o(.text.HAL_NVIC_SetPriorityGrouping)
    HAL_PWREx_EnableOverDrive                0x08000e29   Thumb Code   122  stm32f4xx_hal_pwr_ex.o(.text.HAL_PWREx_EnableOverDrive)
    HAL_RCC_ClockConfig                      0x08000ea5   Thumb Code   352  stm32f4xx_hal_rcc.o(.text.HAL_RCC_ClockConfig)
    HAL_RCC_GetClockConfig                   0x08001005   Thumb Code    62  stm32f4xx_hal_rcc.o(.text.HAL_RCC_GetClockConfig)
    HAL_RCC_GetPCLK1Freq                     0x08001045   Thumb Code    38  stm32f4xx_hal_rcc.o(.text.HAL_RCC_GetPCLK1Freq)
    HAL_RCC_GetPCLK2Freq                     0x0800106d   Thumb Code    38  stm32f4xx_hal_rcc.o(.text.HAL_RCC_GetPCLK2Freq)
    HAL_RCC_GetSysClockFreq                  0x08001095   Thumb Code   104  stm32f4xx_hal_rcc.o(.text.HAL_RCC_GetSysClockFreq)
    HAL_RCC_OscConfig                        0x080010fd   Thumb Code   872  stm32f4xx_hal_rcc.o(.text.HAL_RCC_OscConfig)
    HAL_TIMEx_BreakCallback                  0x08001465   Thumb Code     2  stm32f4xx_hal_tim_ex.o(.text.HAL_TIMEx_BreakCallback)
    HAL_TIMEx_CommutCallback                 0x08001469   Thumb Code     2  stm32f4xx_hal_tim_ex.o(.text.HAL_TIMEx_CommutCallback)
    HAL_TIM_Base_Init                        0x0800146d   Thumb Code    90  stm32f4xx_hal_tim.o(.text.HAL_TIM_Base_Init)
    HAL_TIM_Base_MspInit                     0x080014c9   Thumb Code     2  stm32f4xx_hal_tim.o(.text.HAL_TIM_Base_MspInit)
    HAL_TIM_Base_Start_IT                    0x080014cd   Thumb Code   168  stm32f4xx_hal_tim.o(.text.HAL_TIM_Base_Start_IT)
    HAL_TIM_IC_CaptureCallback               0x08001575   Thumb Code     2  stm32f4xx_hal_tim.o(.text.HAL_TIM_IC_CaptureCallback)
    HAL_TIM_IRQHandler                       0x08001579   Thumb Code   362  stm32f4xx_hal_tim.o(.text.HAL_TIM_IRQHandler)
    HAL_TIM_OC_DelayElapsedCallback          0x080016e5   Thumb Code     2  stm32f4xx_hal_tim.o(.text.HAL_TIM_OC_DelayElapsedCallback)
    HAL_TIM_PWM_PulseFinishedCallback        0x080016e9   Thumb Code     2  stm32f4xx_hal_tim.o(.text.HAL_TIM_PWM_PulseFinishedCallback)
    HAL_TIM_PeriodElapsedCallback            0x080016ed   Thumb Code    14  main.o(.text.HAL_TIM_PeriodElapsedCallback)
    HAL_TIM_TriggerCallback                  0x080016fd   Thumb Code     2  stm32f4xx_hal_tim.o(.text.HAL_TIM_TriggerCallback)
    HAL_UART_Init                            0x08001701   Thumb Code    94  stm32f4xx_hal_uart.o(.text.HAL_UART_Init)
    HAL_UART_MspInit                         0x08001761   Thumb Code   116  usart.o(.text.HAL_UART_MspInit)
    HardFault_Handler                        0x080017d5   Thumb Code     2  stm32f4xx_it.o(.text.HardFault_Handler)
    MX_CAN1_Init                             0x080017d9   Thumb Code    54  can_1.o(.text.MX_CAN1_Init)
    MX_CAN2_Init                             0x08001811   Thumb Code    54  can_1.o(.text.MX_CAN2_Init)
    MX_FREERTOS_Init                         0x08001849   Thumb Code    60  freertos.o(.text.MX_FREERTOS_Init)
    MX_GPIO_Init                             0x08001885   Thumb Code   116  gpio.o(.text.MX_GPIO_Init)
    MX_USART3_UART_Init                      0x080018f9   Thumb Code    60  usart.o(.text.MX_USART3_UART_Init)
    MemManage_Handler                        0x08001935   Thumb Code     2  stm32f4xx_it.o(.text.MemManage_Handler)
    NMI_Handler                              0x08001939   Thumb Code     2  stm32f4xx_it.o(.text.NMI_Handler)
    PendSV_Handler                           0x08001941   Thumb Code   100  port.o(.text.PendSV_Handler)
    SVC_Handler                              0x080019b1   Thumb Code    36  port.o(.text.SVC_Handler)
    StartDefaultTask                         0x080019d5   Thumb Code     8  freertos.o(.text.StartDefaultTask)
    SysTick_Handler                          0x080019dd   Thumb Code    46  port.o(.text.SysTick_Handler)
    SystemClock_Config                       0x08001a0d   Thumb Code   194  main.o(.text.SystemClock_Config)
    SystemInit                               0x08001ad1   Thumb Code    18  system_stm32f4xx.o(.text.SystemInit)
    TIM2_IRQHandler                          0x08001ae5   Thumb Code    12  stm32f4xx_it.o(.text.TIM2_IRQHandler)
    TIM_Base_SetConfig                       0x08001af1   Thumb Code   292  stm32f4xx_hal_tim.o(.text.TIM_Base_SetConfig)
    UsageFault_Handler                       0x08001cf1   Thumb Code     2  stm32f4xx_it.o(.text.UsageFault_Handler)
    get_DJI_Motor_Info                       0x08001cf5   Thumb Code   520  motor.o(.text.get_DJI_Motor_Info)
    get_rc_ctrl_data                         0x08001efd   Thumb Code    62  bsp_rc.o(.text.get_rc_ctrl_data)
    main                                     0x08001f3d   Thumb Code    34  main.o(.text.main)
    osDelay                                  0x08001f61   Thumb Code    16  cmsis_os.o(.text.osDelay)
    osKernelStart                            0x08001f71   Thumb Code    10  cmsis_os.o(.text.osKernelStart)
    osThreadCreate                           0x08001f7d   Thumb Code    94  cmsis_os.o(.text.osThreadCreate)
    pvPortMalloc                             0x08002331   Thumb Code   602  heap_4.o(.text.pvPortMalloc)
    pxPortInitialiseStack                    0x0800258d   Thumb Code    40  port.o(.text.pxPortInitialiseStack)
    uxListRemove                             0x080025b5   Thumb Code    36  list.o(.text.uxListRemove)
    vApplicationGetIdleTaskMemory            0x080025d9   Thumb Code    26  freertos.o(.text.vApplicationGetIdleTaskMemory)
    vListInitialise                          0x080025f5   Thumb Code    22  list.o(.text.vListInitialise)
    vListInitialiseItem                      0x0800260d   Thumb Code     6  list.o(.text.vListInitialiseItem)
    vListInsert                              0x08002615   Thumb Code    96  list.o(.text.vListInsert)
    vListInsertEnd                           0x08002675   Thumb Code    28  list.o(.text.vListInsertEnd)
    vPortEnterCritical                       0x080026a5   Thumb Code    70  port.o(.text.vPortEnterCritical)
    vPortExitCritical                        0x080026ed   Thumb Code    46  port.o(.text.vPortExitCritical)
    vPortFree                                0x0800271d   Thumb Code   232  heap_4.o(.text.vPortFree)
    vPortSetupTimerInterrupt                 0x08002805   Thumb Code    52  port.o(.text.vPortSetupTimerInterrupt)
    vTaskDelay                               0x08002839   Thumb Code   194  tasks.o(.text.vTaskDelay)
    vTaskStartScheduler                      0x080028fd   Thumb Code   228  tasks.o(.text.vTaskStartScheduler)
    vTaskSuspendAll                          0x080029e1   Thumb Code    16  tasks.o(.text.vTaskSuspendAll)
    vTaskSwitchContext                       0x080029f1   Thumb Code   130  tasks.o(.text.vTaskSwitchContext)
    xPortStartScheduler                      0x08002a75   Thumb Code   382  port.o(.text.xPortStartScheduler)
    xTaskCreate                              0x08002bf5   Thumb Code    94  tasks.o(.text.xTaskCreate)
    xTaskCreateStatic                        0x08002c55   Thumb Code   118  tasks.o(.text.xTaskCreateStatic)
    xTaskIncrementTick                       0x08002ccd   Thumb Code   384  tasks.o(.text.xTaskIncrementTick)
    xTaskResumeAll                           0x08002e4d   Thumb Code   324  tasks.o(.text.xTaskResumeAll)
    _fp_init                                 0x08002f91   Thumb Code    26  fpinit.o(x$fpl$fpinit)
    __fplib_config_fpu_vfp                   0x08002fa9   Thumb Code     0  fpinit.o(x$fpl$fpinit)
    __fplib_config_pureend_doubles           0x08002fa9   Thumb Code     0  fpinit.o(x$fpl$fpinit)
    AHBPrescTable                            0x08002fc8   Data          16  system_stm32f4xx.o(.rodata.AHBPrescTable)
    APBPrescTable                            0x08002fd8   Data           8  system_stm32f4xx.o(.rodata.APBPrescTable)
    Region$$Table$$Base                      0x08002fec   Number         0  anon$$obj.o(Region$$Table)
    Region$$Table$$Limit                     0x0800300c   Number         0  anon$$obj.o(Region$$Table)
    DJI_Motor                                0x20000000   Data         216  motor.o(.data.DJI_Motor)
    SystemCoreClock                          0x200000d8   Data           4  system_stm32f4xx.o(.data.SystemCoreClock)
    uwTickFreq                               0x200000dc   Data           1  stm32f4xx_hal.o(.data.uwTickFreq)
    uwTickPrio                               0x200000e0   Data           4  stm32f4xx_hal.o(.data.uwTickPrio)
    __libspace_start                         0x200000e8   Data          96  libspace.o(.bss)
    CAN_RxInstance                           0x20000148   Data          40  bsp_can.o(.bss.CAN_RxInstance)
    __temporary_stack_top$libspace           0x20000148   Data           0  libspace.o(.bss)
    defaultTaskHandle                        0x20000174   Data           4  freertos.o(.bss.defaultTaskHandle)
    hcan1                                    0x20000178   Data          40  can_1.o(.bss.hcan1)
    hcan2                                    0x200001a0   Data          40  can_1.o(.bss.hcan2)
    htim2                                    0x200001c8   Data          72  stm32f4xx_hal_timebase_tim.o(.bss.htim2)
    huart3                                   0x20000210   Data          68  usart.o(.bss.huart3)
    pxCurrentTCB                             0x20000254   Data           4  tasks.o(.bss.pxCurrentTCB)
    rc_ctrl                                  0x200002f0   Data          24  bsp_rc.o(.bss.rc_ctrl)
    uwTick                                   0x20003f10   Data           4  stm32f4xx_hal.o(.bss.uwTick)



==============================================================================

Memory Map of the image

  Image Entry point : 0x080001ad

  Load Region LR_IROM1 (Base: 0x08000000, Size: 0x000030f8, Max: 0x00200000, ABSOLUTE)

    Execution Region ER_IROM1 (Exec base: 0x08000000, Load base: 0x08000000, Size: 0x0000300c, Max: 0x00200000, ABSOLUTE)

    Exec Addr    Load Addr    Size         Type   Attr      Idx    E Section Name        Object

    0x08000000   0x08000000   0x000001ac   Data   RO         1424    RESET               startup_stm32f427xx.o
    0x080001ac   0x080001ac   0x00000008   Code   RO         2064  * !!!main             c_w.l(__main.o)
    0x080001b4   0x080001b4   0x00000034   Code   RO         2392    !!!scatter          c_w.l(__scatter.o)
    0x080001e8   0x080001e8   0x0000001a   Code   RO         2394    !!handler_copy      c_w.l(__scatter_copy.o)
    0x08000202   0x08000202   0x00000002   PAD
    0x08000204   0x08000204   0x0000001c   Code   RO         2396    !!handler_zi        c_w.l(__scatter_zi.o)
    0x08000220   0x08000220   0x00000002   Code   RO         2259    .ARM.Collect$$libinit$$00000000  c_w.l(libinit.o)
    0x08000222   0x08000222   0x00000004   Code   RO         2268    .ARM.Collect$$libinit$$00000001  c_w.l(libinit2.o)
    0x08000226   0x08000226   0x00000000   Code   RO         2271    .ARM.Collect$$libinit$$00000004  c_w.l(libinit2.o)
    0x08000226   0x08000226   0x00000000   Code   RO         2274    .ARM.Collect$$libinit$$0000000A  c_w.l(libinit2.o)
    0x08000226   0x08000226   0x00000000   Code   RO         2276    .ARM.Collect$$libinit$$0000000C  c_w.l(libinit2.o)
    0x08000226   0x08000226   0x00000000   Code   RO         2278    .ARM.Collect$$libinit$$0000000E  c_w.l(libinit2.o)
    0x08000226   0x08000226   0x00000000   Code   RO         2281    .ARM.Collect$$libinit$$00000011  c_w.l(libinit2.o)
    0x08000226   0x08000226   0x00000000   Code   RO         2283    .ARM.Collect$$libinit$$00000013  c_w.l(libinit2.o)
    0x08000226   0x08000226   0x00000000   Code   RO         2285    .ARM.Collect$$libinit$$00000015  c_w.l(libinit2.o)
    0x08000226   0x08000226   0x00000000   Code   RO         2287    .ARM.Collect$$libinit$$00000017  c_w.l(libinit2.o)
    0x08000226   0x08000226   0x00000000   Code   RO         2289    .ARM.Collect$$libinit$$00000019  c_w.l(libinit2.o)
    0x08000226   0x08000226   0x00000000   Code   RO         2291    .ARM.Collect$$libinit$$0000001B  c_w.l(libinit2.o)
    0x08000226   0x08000226   0x00000000   Code   RO         2293    .ARM.Collect$$libinit$$0000001D  c_w.l(libinit2.o)
    0x08000226   0x08000226   0x00000000   Code   RO         2295    .ARM.Collect$$libinit$$0000001F  c_w.l(libinit2.o)
    0x08000226   0x08000226   0x00000000   Code   RO         2297    .ARM.Collect$$libinit$$00000021  c_w.l(libinit2.o)
    0x08000226   0x08000226   0x00000000   Code   RO         2299    .ARM.Collect$$libinit$$00000023  c_w.l(libinit2.o)
    0x08000226   0x08000226   0x00000000   Code   RO         2301    .ARM.Collect$$libinit$$00000025  c_w.l(libinit2.o)
    0x08000226   0x08000226   0x00000000   Code   RO         2305    .ARM.Collect$$libinit$$0000002C  c_w.l(libinit2.o)
    0x08000226   0x08000226   0x00000000   Code   RO         2307    .ARM.Collect$$libinit$$0000002E  c_w.l(libinit2.o)
    0x08000226   0x08000226   0x00000000   Code   RO         2309    .ARM.Collect$$libinit$$00000030  c_w.l(libinit2.o)
    0x08000226   0x08000226   0x00000000   Code   RO         2311    .ARM.Collect$$libinit$$00000032  c_w.l(libinit2.o)
    0x08000226   0x08000226   0x00000002   Code   RO         2312    .ARM.Collect$$libinit$$00000033  c_w.l(libinit2.o)
    0x08000228   0x08000228   0x00000002   Code   RO         2347    .ARM.Collect$$libshutdown$$00000000  c_w.l(libshutdown.o)
    0x0800022a   0x0800022a   0x00000000   Code   RO         2375    .ARM.Collect$$libshutdown$$00000002  c_w.l(libshutdown2.o)
    0x0800022a   0x0800022a   0x00000000   Code   RO         2377    .ARM.Collect$$libshutdown$$00000004  c_w.l(libshutdown2.o)
    0x0800022a   0x0800022a   0x00000000   Code   RO         2380    .ARM.Collect$$libshutdown$$00000007  c_w.l(libshutdown2.o)
    0x0800022a   0x0800022a   0x00000000   Code   RO         2383    .ARM.Collect$$libshutdown$$0000000A  c_w.l(libshutdown2.o)
    0x0800022a   0x0800022a   0x00000000   Code   RO         2385    .ARM.Collect$$libshutdown$$0000000C  c_w.l(libshutdown2.o)
    0x0800022a   0x0800022a   0x00000000   Code   RO         2388    .ARM.Collect$$libshutdown$$0000000F  c_w.l(libshutdown2.o)
    0x0800022a   0x0800022a   0x00000002   Code   RO         2389    .ARM.Collect$$libshutdown$$00000010  c_w.l(libshutdown2.o)
    0x0800022c   0x0800022c   0x00000000   Code   RO         2168    .ARM.Collect$$rtentry$$00000000  c_w.l(__rtentry.o)
    0x0800022c   0x0800022c   0x00000000   Code   RO         2218    .ARM.Collect$$rtentry$$00000002  c_w.l(__rtentry2.o)
    0x0800022c   0x0800022c   0x00000006   Code   RO         2230    .ARM.Collect$$rtentry$$00000004  c_w.l(__rtentry4.o)
    0x08000232   0x08000232   0x00000000   Code   RO         2220    .ARM.Collect$$rtentry$$00000009  c_w.l(__rtentry2.o)
    0x08000232   0x08000232   0x00000004   Code   RO         2221    .ARM.Collect$$rtentry$$0000000A  c_w.l(__rtentry2.o)
    0x08000236   0x08000236   0x00000000   Code   RO         2223    .ARM.Collect$$rtentry$$0000000C  c_w.l(__rtentry2.o)
    0x08000236   0x08000236   0x00000008   Code   RO         2224    .ARM.Collect$$rtentry$$0000000D  c_w.l(__rtentry2.o)
    0x0800023e   0x0800023e   0x00000002   Code   RO         2260    .ARM.Collect$$rtexit$$00000000  c_w.l(rtexit.o)
    0x08000240   0x08000240   0x00000000   Code   RO         2318    .ARM.Collect$$rtexit$$00000002  c_w.l(rtexit2.o)
    0x08000240   0x08000240   0x00000004   Code   RO         2319    .ARM.Collect$$rtexit$$00000003  c_w.l(rtexit2.o)
    0x08000244   0x08000244   0x00000006   Code   RO         2320    .ARM.Collect$$rtexit$$00000004  c_w.l(rtexit2.o)
    0x0800024a   0x0800024a   0x00000002   PAD
    0x0800024c   0x0800024c   0x00000040   Code   RO         1425    .text               startup_stm32f427xx.o
    0x0800028c   0x0800028c   0x000000f0   Code   RO         2054    .text               c_w.l(lludivv7m.o)
    0x0800037c   0x0800037c   0x00000006   Code   RO         2062    .text               c_w.l(heapauxi.o)
    0x08000382   0x08000382   0x00000002   PAD
    0x08000384   0x08000384   0x00000008   Code   RO         2243    .text               c_w.l(libspace.o)
    0x0800038c   0x0800038c   0x0000004a   Code   RO         2246    .text               c_w.l(sys_stackheap_outer.o)
    0x080003d6   0x080003d6   0x00000012   Code   RO         2248    .text               c_w.l(exit.o)
    0x080003e8   0x080003e8   0x0000000c   Code   RO         2313    .text               c_w.l(sys_exit.o)
    0x080003f4   0x080003f4   0x00000002   Code   RO         2336    .text               c_w.l(use_no_semi.o)
    0x080003f6   0x080003f6   0x00000000   Code   RO         2338    .text               c_w.l(indicate_semi.o)
    0x080003f6   0x080003f6   0x00000002   PAD
    0x080003f8   0x080003f8   0x00000002   Code   RO          442    .text.BusFault_Handler  stm32f4xx_it.o
    0x080003fa   0x080003fa   0x00000002   PAD
    0x080003fc   0x080003fc   0x0000000c   Code   RO          448    .text.CAN1_RX0_IRQHandler  stm32f4xx_it.o
    0x08000408   0x08000408   0x0000000c   Code   RO          452    .text.CAN2_RX0_IRQHandler  stm32f4xx_it.o
    0x08000414   0x08000414   0x00000002   Code   RO          446    .text.DebugMon_Handler  stm32f4xx_it.o
    0x08000416   0x08000416   0x00000002   PAD
    0x08000418   0x08000418   0x0000000a   Code   RO          362    .text.Error_Handler  main.o
    0x08000422   0x08000422   0x00000002   PAD
    0x08000424   0x08000424   0x00000002   Code   RO          549    .text.HAL_CAN_ErrorCallback  stm32f4xx_hal_can.o
    0x08000426   0x08000426   0x00000002   PAD
    0x08000428   0x08000428   0x0000011a   Code   RO          515    .text.HAL_CAN_GetRxMessage  stm32f4xx_hal_can.o
    0x08000542   0x08000542   0x00000002   PAD
    0x08000544   0x08000544   0x00000242   Code   RO          523    .text.HAL_CAN_IRQHandler  stm32f4xx_hal_can.o
    0x08000786   0x08000786   0x00000002   PAD
    0x08000788   0x08000788   0x00000100   Code   RO          485    .text.HAL_CAN_Init  stm32f4xx_hal_can.o
    0x08000888   0x08000888   0x00000120   Code   RO          406    .text.HAL_CAN_MspInit  can_1.o
    0x080009a8   0x080009a8   0x00000002   Code   RO          537    .text.HAL_CAN_RxFifo0FullCallback  stm32f4xx_hal_can.o
    0x080009aa   0x080009aa   0x00000002   PAD
    0x080009ac   0x080009ac   0x000000b0   Code   RO          128    .text.HAL_CAN_RxFifo0MsgPendingCallback  bsp_can.o
    0x08000a5c   0x08000a5c   0x00000002   Code   RO          541    .text.HAL_CAN_RxFifo1FullCallback  stm32f4xx_hal_can.o
    0x08000a5e   0x08000a5e   0x00000002   PAD
    0x08000a60   0x08000a60   0x00000002   Code   RO          543    .text.HAL_CAN_RxFifo1MsgPendingCallback  stm32f4xx_hal_can.o
    0x08000a62   0x08000a62   0x00000002   PAD
    0x08000a64   0x08000a64   0x00000002   Code   RO          545    .text.HAL_CAN_SleepCallback  stm32f4xx_hal_can.o
    0x08000a66   0x08000a66   0x00000002   PAD
    0x08000a68   0x08000a68   0x00000002   Code   RO          527    .text.HAL_CAN_TxMailbox0AbortCallback  stm32f4xx_hal_can.o
    0x08000a6a   0x08000a6a   0x00000002   PAD
    0x08000a6c   0x08000a6c   0x00000002   Code   RO          525    .text.HAL_CAN_TxMailbox0CompleteCallback  stm32f4xx_hal_can.o
    0x08000a6e   0x08000a6e   0x00000002   PAD
    0x08000a70   0x08000a70   0x00000002   Code   RO          531    .text.HAL_CAN_TxMailbox1AbortCallback  stm32f4xx_hal_can.o
    0x08000a72   0x08000a72   0x00000002   PAD
    0x08000a74   0x08000a74   0x00000002   Code   RO          529    .text.HAL_CAN_TxMailbox1CompleteCallback  stm32f4xx_hal_can.o
    0x08000a76   0x08000a76   0x00000002   PAD
    0x08000a78   0x08000a78   0x00000002   Code   RO          535    .text.HAL_CAN_TxMailbox2AbortCallback  stm32f4xx_hal_can.o
    0x08000a7a   0x08000a7a   0x00000002   PAD
    0x08000a7c   0x08000a7c   0x00000002   Code   RO          533    .text.HAL_CAN_TxMailbox2CompleteCallback  stm32f4xx_hal_can.o
    0x08000a7e   0x08000a7e   0x00000002   PAD
    0x08000a80   0x08000a80   0x00000002   Code   RO          547    .text.HAL_CAN_WakeUpFromRxMsgCallback  stm32f4xx_hal_can.o
    0x08000a82   0x08000a82   0x00000002   PAD
    0x08000a84   0x08000a84   0x000001ba   Code   RO          689    .text.HAL_GPIO_Init  stm32f4xx_hal_gpio.o
    0x08000c3e   0x08000c3e   0x00000002   PAD
    0x08000c40   0x08000c40   0x0000000c   Code   RO          886    .text.HAL_GetTick   stm32f4xx_hal.o
    0x08000c4c   0x08000c4c   0x0000001a   Code   RO          884    .text.HAL_IncTick   stm32f4xx_hal.o
    0x08000c66   0x08000c66   0x00000002   PAD
    0x08000c68   0x08000c68   0x00000036   Code   RO          874    .text.HAL_Init      stm32f4xx_hal.o
    0x08000c9e   0x08000c9e   0x00000002   PAD
    0x08000ca0   0x08000ca0   0x000000ac   Code   RO          470    .text.HAL_InitTick  stm32f4xx_hal_timebase_tim.o
    0x08000d4c   0x08000d4c   0x00000042   Code   RO          461    .text.HAL_MspInit   stm32f4xx_hal_msp.o
    0x08000d8e   0x08000d8e   0x00000002   PAD
    0x08000d90   0x08000d90   0x00000020   Code   RO          832    .text.HAL_NVIC_EnableIRQ  stm32f4xx_hal_cortex.o
    0x08000db0   0x08000db0   0x00000056   Code   RO          830    .text.HAL_NVIC_SetPriority  stm32f4xx_hal_cortex.o
    0x08000e06   0x08000e06   0x00000002   PAD
    0x08000e08   0x08000e08   0x00000020   Code   RO          828    .text.HAL_NVIC_SetPriorityGrouping  stm32f4xx_hal_cortex.o
    0x08000e28   0x08000e28   0x0000007a   Code   RO          814    .text.HAL_PWREx_EnableOverDrive  stm32f4xx_hal_pwr_ex.o
    0x08000ea2   0x08000ea2   0x00000002   PAD
    0x08000ea4   0x08000ea4   0x00000160   Code   RO          569    .text.HAL_RCC_ClockConfig  stm32f4xx_hal_rcc.o
    0x08001004   0x08001004   0x0000003e   Code   RO          587    .text.HAL_RCC_GetClockConfig  stm32f4xx_hal_rcc.o
    0x08001042   0x08001042   0x00000002   PAD
    0x08001044   0x08001044   0x00000026   Code   RO          581    .text.HAL_RCC_GetPCLK1Freq  stm32f4xx_hal_rcc.o
    0x0800106a   0x0800106a   0x00000002   PAD
    0x0800106c   0x0800106c   0x00000026   Code   RO          583    .text.HAL_RCC_GetPCLK2Freq  stm32f4xx_hal_rcc.o
    0x08001092   0x08001092   0x00000002   PAD
    0x08001094   0x08001094   0x00000068   Code   RO          571    .text.HAL_RCC_GetSysClockFreq  stm32f4xx_hal_rcc.o
    0x080010fc   0x080010fc   0x00000368   Code   RO          567    .text.HAL_RCC_OscConfig  stm32f4xx_hal_rcc.o
    0x08001464   0x08001464   0x00000002   Code   RO         1274    .text.HAL_TIMEx_BreakCallback  stm32f4xx_hal_tim_ex.o
    0x08001466   0x08001466   0x00000002   PAD
    0x08001468   0x08001468   0x00000002   Code   RO         1270    .text.HAL_TIMEx_CommutCallback  stm32f4xx_hal_tim_ex.o
    0x0800146a   0x0800146a   0x00000002   PAD
    0x0800146c   0x0800146c   0x0000005a   Code   RO          969    .text.HAL_TIM_Base_Init  stm32f4xx_hal_tim.o
    0x080014c6   0x080014c6   0x00000002   PAD
    0x080014c8   0x080014c8   0x00000002   Code   RO          971    .text.HAL_TIM_Base_MspInit  stm32f4xx_hal_tim.o
    0x080014ca   0x080014ca   0x00000002   PAD
    0x080014cc   0x080014cc   0x000000a8   Code   RO          983    .text.HAL_TIM_Base_Start_IT  stm32f4xx_hal_tim.o
    0x08001574   0x08001574   0x00000002   Code   RO         1105    .text.HAL_TIM_IC_CaptureCallback  stm32f4xx_hal_tim.o
    0x08001576   0x08001576   0x00000002   PAD
    0x08001578   0x08001578   0x0000016a   Code   RO         1103    .text.HAL_TIM_IRQHandler  stm32f4xx_hal_tim.o
    0x080016e2   0x080016e2   0x00000002   PAD
    0x080016e4   0x080016e4   0x00000002   Code   RO         1107    .text.HAL_TIM_OC_DelayElapsedCallback  stm32f4xx_hal_tim.o
    0x080016e6   0x080016e6   0x00000002   PAD
    0x080016e8   0x080016e8   0x00000002   Code   RO         1109    .text.HAL_TIM_PWM_PulseFinishedCallback  stm32f4xx_hal_tim.o
    0x080016ea   0x080016ea   0x00000002   PAD
    0x080016ec   0x080016ec   0x0000000e   Code   RO          364    .text.HAL_TIM_PeriodElapsedCallback  main.o
    0x080016fa   0x080016fa   0x00000002   PAD
    0x080016fc   0x080016fc   0x00000002   Code   RO         1113    .text.HAL_TIM_TriggerCallback  stm32f4xx_hal_tim.o
    0x080016fe   0x080016fe   0x00000002   PAD
    0x08001700   0x08001700   0x0000005e   Code   RO         1288    .text.HAL_UART_Init  stm32f4xx_hal_uart.o
    0x0800175e   0x0800175e   0x00000002   PAD
    0x08001760   0x08001760   0x00000074   Code   RO          423    .text.HAL_UART_MspInit  usart.o
    0x080017d4   0x080017d4   0x00000002   Code   RO          438    .text.HardFault_Handler  stm32f4xx_it.o
    0x080017d6   0x080017d6   0x00000002   PAD
    0x080017d8   0x080017d8   0x00000036   Code   RO          402    .text.MX_CAN1_Init  can_1.o
    0x0800180e   0x0800180e   0x00000002   PAD
    0x08001810   0x08001810   0x00000036   Code   RO          404    .text.MX_CAN2_Init  can_1.o
    0x08001846   0x08001846   0x00000002   PAD
    0x08001848   0x08001848   0x0000003c   Code   RO          385    .text.MX_FREERTOS_Init  freertos.o
    0x08001884   0x08001884   0x00000074   Code   RO          375    .text.MX_GPIO_Init  gpio.o
    0x080018f8   0x080018f8   0x0000003c   Code   RO          421    .text.MX_USART3_UART_Init  usart.o
    0x08001934   0x08001934   0x00000002   Code   RO          440    .text.MemManage_Handler  stm32f4xx_it.o
    0x08001936   0x08001936   0x00000002   PAD
    0x08001938   0x08001938   0x00000002   Code   RO          436    .text.NMI_Handler   stm32f4xx_it.o
    0x0800193a   0x0800193a   0x00000006   PAD
    0x08001940   0x08001940   0x00000064   Code   RO         1862    .text.PendSV_Handler  port.o
    0x080019a4   0x080019a4   0x0000000c   PAD
    0x080019b0   0x080019b0   0x00000024   Code   RO         1846    .text.SVC_Handler   port.o
    0x080019d4   0x080019d4   0x00000008   Code   RO          387    .text.StartDefaultTask  freertos.o
    0x080019dc   0x080019dc   0x0000002e   Code   RO         1864    .text.SysTick_Handler  port.o
    0x08001a0a   0x08001a0a   0x00000002   PAD
    0x08001a0c   0x08001a0c   0x000000c2   Code   RO          360    .text.SystemClock_Config  main.o
    0x08001ace   0x08001ace   0x00000002   PAD
    0x08001ad0   0x08001ad0   0x00000012   Code   RO         1408    .text.SystemInit    system_stm32f4xx.o
    0x08001ae2   0x08001ae2   0x00000002   PAD
    0x08001ae4   0x08001ae4   0x0000000c   Code   RO          450    .text.TIM2_IRQHandler  stm32f4xx_it.o
    0x08001af0   0x08001af0   0x00000124   Code   RO          973    .text.TIM_Base_SetConfig  stm32f4xx_hal_tim.o
    0x08001c14   0x08001c14   0x000000dc   Code   RO         1292    .text.UART_SetConfig  stm32f4xx_hal_uart.o
    0x08001cf0   0x08001cf0   0x00000002   Code   RO          444    .text.UsageFault_Handler  stm32f4xx_it.o
    0x08001cf2   0x08001cf2   0x00000002   PAD
    0x08001cf4   0x08001cf4   0x00000208   Code   RO          257    .text.get_DJI_Motor_Info  motor.o
    0x08001efc   0x08001efc   0x0000003e   Code   RO          143    .text.get_rc_ctrl_data  bsp_rc.o
    0x08001f3a   0x08001f3a   0x00000002   PAD
    0x08001f3c   0x08001f3c   0x00000022   Code   RO          358    .text.main          main.o
    0x08001f5e   0x08001f5e   0x00000002   PAD
    0x08001f60   0x08001f60   0x00000010   Code   RO         1718    .text.osDelay       cmsis_os.o
    0x08001f70   0x08001f70   0x0000000a   Code   RO         1700    .text.osKernelStart  cmsis_os.o
    0x08001f7a   0x08001f7a   0x00000002   PAD
    0x08001f7c   0x08001f7c   0x0000005e   Code   RO         1706    .text.osThreadCreate  cmsis_os.o
    0x08001fda   0x08001fda   0x00000002   PAD
    0x08001fdc   0x08001fdc   0x0000013e   Code   RO         1580    .text.prvAddNewTaskToReadyList  tasks.o
    0x0800211a   0x0800211a   0x00000002   PAD
    0x0800211c   0x0800211c   0x00000096   Code   RO         1610    .text.prvIdleTask   tasks.o
    0x080021b2   0x080021b2   0x00000002   PAD
    0x080021b4   0x080021b4   0x00000114   Code   RO         1578    .text.prvInitialiseNewTask  tasks.o
    0x080022c8   0x080022c8   0x00000028   Code   RO         1854    .text.prvPortStartFirstTask  port.o
    0x080022f0   0x080022f0   0x0000003e   Code   RO         1844    .text.prvTaskExitError  port.o
    0x0800232e   0x0800232e   0x00000002   PAD
    0x08002330   0x08002330   0x0000025a   Code   RO         1814    .text.pvPortMalloc  heap_4.o
    0x0800258a   0x0800258a   0x00000002   PAD
    0x0800258c   0x0800258c   0x00000028   Code   RO         1842    .text.pxPortInitialiseStack  port.o
    0x080025b4   0x080025b4   0x00000024   Code   RO         1469    .text.uxListRemove  list.o
    0x080025d8   0x080025d8   0x0000001a   Code   RO          383    .text.vApplicationGetIdleTaskMemory  freertos.o
    0x080025f2   0x080025f2   0x00000002   PAD
    0x080025f4   0x080025f4   0x00000016   Code   RO         1461    .text.vListInitialise  list.o
    0x0800260a   0x0800260a   0x00000002   PAD
    0x0800260c   0x0800260c   0x00000006   Code   RO         1463    .text.vListInitialiseItem  list.o
    0x08002612   0x08002612   0x00000002   PAD
    0x08002614   0x08002614   0x00000060   Code   RO         1467    .text.vListInsert   list.o
    0x08002674   0x08002674   0x0000001c   Code   RO         1465    .text.vListInsertEnd  list.o
    0x08002690   0x08002690   0x00000014   Code   RO         1852    .text.vPortEnableVFP  port.o
    0x080026a4   0x080026a4   0x00000046   Code   RO         1858    .text.vPortEnterCritical  port.o
    0x080026ea   0x080026ea   0x00000002   PAD
    0x080026ec   0x080026ec   0x0000002e   Code   RO         1860    .text.vPortExitCritical  port.o
    0x0800271a   0x0800271a   0x00000002   PAD
    0x0800271c   0x0800271c   0x000000e8   Code   RO         1816    .text.vPortFree     heap_4.o
    0x08002804   0x08002804   0x00000034   Code   RO         1850    .text.vPortSetupTimerInterrupt  port.o
    0x08002838   0x08002838   0x000000c2   Code   RO         1586    .text.vTaskDelay    tasks.o
    0x080028fa   0x080028fa   0x00000002   PAD
    0x080028fc   0x080028fc   0x000000e4   Code   RO         1608    .text.vTaskStartScheduler  tasks.o
    0x080029e0   0x080029e0   0x00000010   Code   RO         1588    .text.vTaskSuspendAll  tasks.o
    0x080029f0   0x080029f0   0x00000082   Code   RO         1602    .text.vTaskSwitchContext  tasks.o
    0x08002a72   0x08002a72   0x00000002   PAD
    0x08002a74   0x08002a74   0x0000017e   Code   RO         1848    .text.xPortStartScheduler  port.o
    0x08002bf2   0x08002bf2   0x00000002   PAD
    0x08002bf4   0x08002bf4   0x0000005e   Code   RO         1582    .text.xTaskCreate   tasks.o
    0x08002c52   0x08002c52   0x00000002   PAD
    0x08002c54   0x08002c54   0x00000076   Code   RO         1576    .text.xTaskCreateStatic  tasks.o
    0x08002cca   0x08002cca   0x00000002   PAD
    0x08002ccc   0x08002ccc   0x00000180   Code   RO         1614    .text.xTaskIncrementTick  tasks.o
    0x08002e4c   0x08002e4c   0x00000144   Code   RO         1592    .text.xTaskResumeAll  tasks.o
    0x08002f90   0x08002f90   0x0000001a   Code   RO         2330    x$fpl$fpinit        fz_wm.l(fpinit.o)
    0x08002faa   0x08002faa   0x00000002   PAD
    0x08002fac   0x08002fac   0x0000001c   Data   RO          392    .rodata..L__const.MX_FREERTOS_Init.os_thread_def_defaultTask  freertos.o
    0x08002fc8   0x08002fc8   0x00000010   Data   RO         1413    .rodata.AHBPrescTable  system_stm32f4xx.o
    0x08002fd8   0x08002fd8   0x00000008   Data   RO         1414    .rodata.APBPrescTable  system_stm32f4xx.o
    0x08002fe0   0x08002fe0   0x0000000c   Data   RO          391    .rodata.str1.1      freertos.o
    0x08002fec   0x08002fec   0x00000020   Data   RO         2391    Region$$Table       anon$$obj.o


    Execution Region RW_IRAM2 (Exec base: 0x10000000, Load base: 0x080030f8, Size: 0x00000000, Max: 0x00010000, ABSOLUTE)

    **** No section assigned to this execution region ****


    Execution Region RW_IRAM1 (Exec base: 0x20000000, Load base: 0x08003010, Size: 0x00004818, Max: 0x00030000, ABSOLUTE)

    Exec Addr    Load Addr    Size         Type   Attr      Idx    E Section Name        Object

    0x20000000   0x08003010   0x000000d8   Data   RW          259    .data.DJI_Motor     motor.o
    0x200000d8   0x080030e8   0x00000004   Data   RW         1412    .data.SystemCoreClock  system_stm32f4xx.o
    0x200000dc   0x080030ec   0x00000001   Data   RW          933    .data.uwTickFreq    stm32f4xx_hal.o
    0x200000dd   0x080030ed   0x00000003   PAD
    0x200000e0   0x080030f0   0x00000004   Data   RW          932    .data.uwTickPrio    stm32f4xx_hal.o
    0x200000e4   0x080030f4   0x00000004   Data   RW         1870    .data.uxCriticalNesting  port.o
    0x200000e8        -       0x00000060   Zero   RW         2244    .bss                c_w.l(libspace.o)
    0x20000148        -       0x00000028   Zero   RW          130    .bss.CAN_RxInstance  bsp_can.o
    0x20000170        -       0x00000004   Zero   RW          412    .bss.HAL_RCC_CAN1_CLK_ENABLED  can_1.o
    0x20000174        -       0x00000004   Zero   RW          393    .bss.defaultTaskHandle  freertos.o
    0x20000178        -       0x00000028   Zero   RW          410    .bss.hcan1          can_1.o
    0x200001a0        -       0x00000028   Zero   RW          411    .bss.hcan2          can_1.o
    0x200001c8        -       0x00000048   Zero   RW          476    .bss.htim2          stm32f4xx_hal_timebase_tim.o
    0x20000210        -       0x00000044   Zero   RW          427    .bss.huart3         usart.o
    0x20000254        -       0x00000004   Zero   RW         1670    .bss.pxCurrentTCB   tasks.o
    0x20000258        -       0x00000004   Zero   RW         1686    .bss.pxDelayedTaskList  tasks.o
    0x2000025c        -       0x00000004   Zero   RW         1826    .bss.pxEnd          heap_4.o
    0x20000260        -       0x00000004   Zero   RW         1687    .bss.pxOverflowDelayedTaskList  tasks.o
    0x20000264        -       0x0000008c   Zero   RW         1671    .bss.pxReadyTasksLists  tasks.o
    0x200002f0        -       0x00000018   Zero   RW          194    .bss.rc_ctrl        bsp_rc.o
    0x20000308        -       0x00003c00   Zero   RW         1833    .bss.ucHeap         heap_4.o
    0x20003f08        -       0x00000001   Zero   RW         1868    .bss.ucMaxSysCallPriority  port.o
    0x20003f09   0x080030f8   0x00000003   PAD
    0x20003f0c        -       0x00000004   Zero   RW         1869    .bss.ulMaxPRIGROUPValue  port.o
    0x20003f10        -       0x00000004   Zero   RW          934    .bss.uwTick         stm32f4xx_hal.o
    0x20003f14        -       0x00000004   Zero   RW         1676    .bss.uxCurrentNumberOfTasks  tasks.o
    0x20003f18        -       0x00000004   Zero   RW         1675    .bss.uxDeletedTasksWaitingCleanUp  tasks.o
    0x20003f1c        -       0x00000004   Zero   RW         1678    .bss.uxSchedulerSuspended  tasks.o
    0x20003f20        -       0x00000004   Zero   RW         1673    .bss.uxTaskNumber   tasks.o
    0x20003f24        -       0x00000004   Zero   RW         1672    .bss.uxTopReadyPriority  tasks.o
    0x20003f28        -       0x00000001   Zero   RW         1827    .bss.xBlockAllocatedBit  heap_4.o
    0x20003f29   0x080030f8   0x00000003   PAD
    0x20003f2c        -       0x00000014   Zero   RW         1689    .bss.xDelayedTaskList1  tasks.o
    0x20003f40        -       0x00000014   Zero   RW         1690    .bss.xDelayedTaskList2  tasks.o
    0x20003f54        -       0x00000004   Zero   RW         1828    .bss.xFreeBytesRemaining  heap_4.o
    0x20003f58        -       0x00000200   Zero   RW          390    .bss.xIdleStack     freertos.o
    0x20004158        -       0x00000004   Zero   RW         1681    .bss.xIdleTaskHandle  tasks.o
    0x2000415c        -       0x00000054   Zero   RW          389    .bss.xIdleTaskTCBBuffer  freertos.o
    0x200041b0        -       0x00000004   Zero   RW         1830    .bss.xMinimumEverFreeBytesRemaining  heap_4.o
    0x200041b4        -       0x00000004   Zero   RW         1682    .bss.xNextTaskUnblockTime  tasks.o
    0x200041b8        -       0x00000004   Zero   RW         1688    .bss.xNumOfOverflows  tasks.o
    0x200041bc        -       0x00000004   Zero   RW         1831    .bss.xNumberOfSuccessfulAllocations  heap_4.o
    0x200041c0        -       0x00000004   Zero   RW         1832    .bss.xNumberOfSuccessfulFrees  heap_4.o
    0x200041c4        -       0x00000004   Zero   RW         1685    .bss.xPendedTicks   tasks.o
    0x200041c8        -       0x00000014   Zero   RW         1680    .bss.xPendingReadyList  tasks.o
    0x200041dc        -       0x00000004   Zero   RW         1677    .bss.xSchedulerRunning  tasks.o
    0x200041e0        -       0x00000008   Zero   RW         1829    .bss.xStart         heap_4.o
    0x200041e8        -       0x00000014   Zero   RW         1679    .bss.xSuspendedTaskList  tasks.o
    0x200041fc        -       0x00000014   Zero   RW         1674    .bss.xTasksWaitingTermination  tasks.o
    0x20004210        -       0x00000004   Zero   RW         1683    .bss.xTickCount     tasks.o
    0x20004214        -       0x00000004   Zero   RW         1684    .bss.xYieldPending  tasks.o
    0x20004218        -       0x00000200   Zero   RW         1423    HEAP                startup_stm32f427xx.o
    0x20004418        -       0x00000400   Zero   RW         1422    STACK               startup_stm32f427xx.o


==============================================================================

Image component sizes


      Code (inc. data)   RO Data    RW Data    ZI Data      Debug   Object Name

       176          0          0          0         40       4887   bsp_can.o
        62          0          0          0         24      19525   bsp_rc.o
       396          0          0          0         84       6551   can_1.o
       120          0          0          0          0      23211   cmsis_os.o
        94          0         40          0        600       2693   freertos.o
       116          0          0          0          0       1526   gpio.o
       834          0          0          0      15389       5546   heap_4.o
       188          0          0          0          0       2299   list.o
       252          0          0          0          0       5686   main.o
       520         16          0        216          0       4303   motor.o
       894         16          0          4          5       4206   port.o
        64         26        428          0       1536        824   startup_stm32f427xx.o
        92          0          0          5          4       7641   stm32f4xx_hal.o
      1140          6          0          0          0      12841   stm32f4xx_hal_can.o
       150          0          0          0          0      10415   stm32f4xx_hal_cortex.o
       442          0          0          0          0       5210   stm32f4xx_hal_gpio.o
        66          0          0          0          0       3498   stm32f4xx_hal_msp.o
       122          0          0          0          0       4513   stm32f4xx_hal_pwr_ex.o
      1466          0          0          0          0       7353   stm32f4xx_hal_rcc.o
       922          0          0          0          0      54882   stm32f4xx_hal_tim.o
         4          0          0          0          0      20694   stm32f4xx_hal_tim_ex.o
       172          0          0          0         72       7398   stm32f4xx_hal_timebase_tim.o
       314          0          0          0          0      29752   stm32f4xx_hal_uart.o
        48          0          0          0          0       1014   stm32f4xx_it.o
        18          0         24          4          0       2657   system_stm32f4xx.o
      2232          8          0          0        300      27731   tasks.o
       176          0          0          0         68       4851   usart.o

    ----------------------------------------------------------------------
     11224         84        524        232      18128     281707   Object Totals
         0          0         32          0          0          0   (incl. Generated)
       144         12          0          3          6          0   (incl. Padding)

    ----------------------------------------------------------------------

      Code (inc. data)   RO Data    RW Data    ZI Data      Debug   Library Member Name

         8          0          0          0          0         68   __main.o
         0          0          0          0          0          0   __rtentry.o
        12          0          0          0          0          0   __rtentry2.o
         6          0          0          0          0          0   __rtentry4.o
        52          8          0          0          0          0   __scatter.o
        26          0          0          0          0          0   __scatter_copy.o
        28          0          0          0          0          0   __scatter_zi.o
        18          0          0          0          0         80   exit.o
         6          0          0          0          0        152   heapauxi.o
         0          0          0          0          0          0   indicate_semi.o
         2          0          0          0          0          0   libinit.o
         6          0          0          0          0          0   libinit2.o
         2          0          0          0          0          0   libshutdown.o
         2          0          0          0          0          0   libshutdown2.o
         8          4          0          0         96         68   libspace.o
       240          0          0          0          0        100   lludivv7m.o
         2          0          0          0          0          0   rtexit.o
        10          0          0          0          0          0   rtexit2.o
        12          4          0          0          0         68   sys_exit.o
        74          0          0          0          0         80   sys_stackheap_outer.o
         2          0          0          0          0         68   use_no_semi.o
        26          0          0          0          0        116   fpinit.o

    ----------------------------------------------------------------------
       552         16          0          0         96        800   Library Totals
        10          0          0          0          0          0   (incl. Padding)

    ----------------------------------------------------------------------

      Code (inc. data)   RO Data    RW Data    ZI Data      Debug   Library Name

       516         16          0          0         96        684   c_w.l
        26          0          0          0          0        116   fz_wm.l

    ----------------------------------------------------------------------
       552         16          0          0         96        800   Library Totals

    ----------------------------------------------------------------------

==============================================================================


      Code (inc. data)   RO Data    RW Data    ZI Data      Debug   

     11776        100        524        232      18224     281899   Grand Totals
     11776        100        524        232      18224     281899   ELF Image Totals
     11776        100        524        232          0          0   ROM Totals

==============================================================================

    Total RO  Size (Code + RO Data)                12300 (  12.01kB)
    Total RW  Size (RW Data + ZI Data)             18456 (  18.02kB)
    Total ROM Size (Code + RO Data + RW Data)      12532 (  12.24kB)

==============================================================================

