Component: Arm Compiler for Embedded 6.19 Tool: armlink [5e73cb00]

==============================================================================

Section Cross References

    assist.o(.ARM.exidx.text.f_encoder_to_angle) refers to assist.o(.text.f_encoder_to_angle) for [Anonymous Symbol]
    assist.o(.ARM.exidx.text.f_encoder_to_radian) refers to assist.o(.text.f_encoder_to_radian) for [Anonymous Symbol]
    assist.o(.ARM.exidx.text.f_angle_conversion) refers to assist.o(.text.f_angle_conversion) for [Anonymous Symbol]
    assist.o(.ARM.exidx.text.f_get_diff) refers to assist.o(.text.f_get_diff) for [Anonymous Symbol]
    crc.o(.text.Get_CRC8_Check_Sum) refers to crc.o(.rodata.CRC8_TAB) for CRC8_TAB
    crc.o(.ARM.exidx.text.Get_CRC8_Check_Sum) refers to crc.o(.text.Get_CRC8_Check_Sum) for [Anonymous Symbol]
    crc.o(.text.Verify_CRC8_Check_Sum) refers to crc.o(.rodata.CRC8_TAB) for CRC8_TAB
    crc.o(.ARM.exidx.text.Verify_CRC8_Check_Sum) refers to crc.o(.text.Verify_CRC8_Check_Sum) for [Anonymous Symbol]
    crc.o(.text.Append_CRC8_Check_Sum) refers to crc.o(.rodata.CRC8_TAB) for CRC8_TAB
    crc.o(.ARM.exidx.text.Append_CRC8_Check_Sum) refers to crc.o(.text.Append_CRC8_Check_Sum) for [Anonymous Symbol]
    crc.o(.text.Get_CRC16_Check_Sum) refers to crc.o(.rodata.wCRC_Table) for wCRC_Table
    crc.o(.ARM.exidx.text.Get_CRC16_Check_Sum) refers to crc.o(.text.Get_CRC16_Check_Sum) for [Anonymous Symbol]
    crc.o(.text.Verify_CRC16_Check_Sum) refers to crc.o(.data.CRC_INIT) for CRC_INIT
    crc.o(.text.Verify_CRC16_Check_Sum) refers to crc.o(.rodata.wCRC_Table) for wCRC_Table
    crc.o(.ARM.exidx.text.Verify_CRC16_Check_Sum) refers to crc.o(.text.Verify_CRC16_Check_Sum) for [Anonymous Symbol]
    crc.o(.text.Append_CRC16_Check_Sum) refers to crc.o(.data.CRC_INIT) for CRC_INIT
    crc.o(.text.Append_CRC16_Check_Sum) refers to crc.o(.rodata.wCRC_Table) for wCRC_Table
    crc.o(.ARM.exidx.text.Append_CRC16_Check_Sum) refers to crc.o(.text.Append_CRC16_Check_Sum) for [Anonymous Symbol]
    filter.o(.ARM.exidx.text.LP_FilterInit) refers to filter.o(.text.LP_FilterInit) for [Anonymous Symbol]
    filter.o(.ARM.exidx.text.LP_FilterCalc) refers to filter.o(.text.LP_FilterCalc) for [Anonymous Symbol]
    filter.o(.ARM.exidx.text.Kalman_Init) refers to filter.o(.text.Kalman_Init) for [Anonymous Symbol]
    filter.o(.ARM.exidx.text.KalmanFilterCalc) refers to filter.o(.text.KalmanFilterCalc) for [Anonymous Symbol]
    kalman.o(.ARM.exidx.text.KalmanCreate) refers to kalman.o(.text.KalmanCreate) for [Anonymous Symbol]
    kalman.o(.ARM.exidx.text.KalmanFilter) refers to kalman.o(.text.KalmanFilter) for [Anonymous Symbol]
    kalman.o(.text.kalman_filter_init) refers to arm_mat_init_f32.o(.text.arm_mat_init_f32) for arm_mat_init_f32
    kalman.o(.text.kalman_filter_init) refers to arm_mat_trans_f32.o(.text.arm_mat_trans_f32) for arm_mat_trans_f32
    kalman.o(.ARM.exidx.text.kalman_filter_init) refers to kalman.o(.text.kalman_filter_init) for [Anonymous Symbol]
    kalman.o(.text.kalman_filter_calc) refers to arm_mat_init_f32.o(.text.arm_mat_init_f32) for arm_mat_init_f32
    kalman.o(.text.kalman_filter_calc) refers to arm_mat_mult_f32.o(.text.arm_mat_mult_f32) for arm_mat_mult_f32
    kalman.o(.text.kalman_filter_calc) refers to arm_mat_add_f32.o(.text.arm_mat_add_f32) for arm_mat_add_f32
    kalman.o(.text.kalman_filter_calc) refers to arm_mat_inverse_f32.o(.text.arm_mat_inverse_f32) for arm_mat_inverse_f32
    kalman.o(.text.kalman_filter_calc) refers to arm_mat_sub_f32.o(.text.arm_mat_sub_f32) for arm_mat_sub_f32
    kalman.o(.ARM.exidx.text.kalman_filter_calc) refers to kalman.o(.text.kalman_filter_calc) for [Anonymous Symbol]
    pid.o(.ARM.exidx.text.PID_Init_ByParamArray) refers to pid.o(.text.PID_Init_ByParamArray) for [Anonymous Symbol]
    pid.o(.ARM.exidx.text.PID_param_init) refers to pid.o(.text.PID_param_init) for [Anonymous Symbol]
    pid.o(.ARM.exidx.text.f_PID_Calculate) refers to pid.o(.text.f_PID_Calculate) for [Anonymous Symbol]
    pid.o(.text.PID_Init) refers to pid.o(.text.PID_clear) for PID_clear
    pid.o(.text.PID_Init) refers to pid.o(.text.PID_param_init) for PID_param_init
    pid.o(.ARM.exidx.text.PID_Init) refers to pid.o(.text.PID_Init) for [Anonymous Symbol]
    pid.o(.ARM.exidx.text.PID_clear) refers to pid.o(.text.PID_clear) for [Anonymous Symbol]
    chassis_task.o(.text.chassis_Mode_Handoff) refers to chassis_task.o(.data..L_MergedGlobals) for .L_MergedGlobals
    chassis_task.o(.ARM.exidx.text.chassis_Mode_Handoff) refers to chassis_task.o(.text.chassis_Mode_Handoff) for [Anonymous Symbol]
    chassis_task.o(.text.Chassis_Task) refers to chassis_task.o(.data..L_MergedGlobals) for .L_MergedGlobals
    chassis_task.o(.text.Chassis_Task) refers to chassis_task.o(.bss.Chassis_ctrl.stuck_signal) for Chassis_ctrl.stuck_signal
    chassis_task.o(.text.Chassis_Task) refers to bsp_rc.o(.bss..L_MergedGlobals) for rc_ctrl
[...]
    __arm_relocate_pie_                       - Undefined Weak Reference
    __cpp_initialize__aeabi_                  - Undefined Weak Reference
    __cxa_finalize                            - Undefined Weak Reference
    __rt_locale                               - Undefined Weak Reference
    __sigvec_lookup                           - Undefined Weak Reference
    _atexit_init                              - Undefined Weak Reference
    _call_atexit_fns                          - Undefined Weak Reference
    _clock_init                               - Undefined Weak Reference
    _fp_trap_init                             - Undefined Weak Reference
    _fp_trap_shutdown                         - Undefined Weak Reference
    _get_lc_collate                           - Undefined Weak Reference
    _get_lc_ctype                             - Undefined Weak Reference
    _get_lc_monetary                          - Undefined Weak Reference
    _get_lc_numeric                           - Undefined Weak Reference
    _get_lc_time                              - Undefined Weak Reference
    _getenv_init                              - Undefined Weak Reference
    _handle_redirection                       - Undefined Weak Reference
    _init_alloc                               - Undefined Weak Reference
    _init_user_alloc                          - Undefined Weak Reference
    _initio                                   - Undefined Weak Reference
    _rand_init                                - Undefined Weak Reference
    _signal_finish                            - Undefined Weak Reference
    _signal_init                              - Undefined Weak Reference
    _terminate_alloc                          - Undefined Weak Reference
    _terminate_user_alloc                     - Undefined Weak Reference
    _terminateio                              - Undefined Weak Reference
    __Vectors_Size                           0x00000188   Number         0  startup_stm32f407xx.o ABSOLUTE
    __Vectors                                0x08000000   Data           4  startup_stm32f407xx.o(RESET)
    __Vectors_End                            0x08000188   Data           0  startup_stm32f407xx.o(RESET)
    __main                                   0x08000189   Thumb Code     8  __main.o(!!!main)
    __scatterload                            0x08000191   Thumb Code     0  __scatter.o(!!!scatter)
    __scatterload_rt2                        0x08000191   Thumb Code    44  __scatter.o(!!!scatter)
    __scatterload_rt2_thumb_only             0x08000191   Thumb Code     0  __scatter.o(!!!scatter)
    __scatterload_null                       0x0800019f   Thumb Code     0  __scatter.o(!!!scatter)
    __decompress                             0x080001c5   Thumb Code    90  __dczerorl2.o(!!dczerorl2)
    __decompress1                            0x080001c5   Thumb Code     0  __dczerorl2.o(!!dczerorl2)
    __scatterload_zeroinit                   0x08000221   Thumb Code    28  __scatter_zi.o(!!handler_zi)
    __rt_lib_init                            0x0800023d   Thumb Code     0  libinit.o(.ARM.Collect$$libinit$$00000000)
    __rt_lib_init_fp_1                       0x0800023f   Thumb Code     0  libinit2.o(.ARM.Collect$$libinit$$00000001)
    __rt_lib_init_alloca_1                   0x08000243   Thumb Code     0  libinit2.o(.ARM.Collect$$libinit$$00000030)
    __rt_lib_init_argv_1                     0x08000243   Thumb Code     0  libinit2.o(.ARM.Collect$$libinit$$0000002E)
    __rt_lib_init_atexit_1                   0x08000243   Thumb Code     0  libinit2.o(.ARM.Collect$$libinit$$0000001D)
    __rt_lib_init_clock_1                    0x08000243   Thumb Code     0  libinit2.o(.ARM.Collect$$libinit$$00000023)
    __rt_lib_init_cpp_1                      0x08000243   Thumb Code     0  libinit2.o(.ARM.Collect$$libinit$$00000034)
    __rt_lib_init_exceptions_1               0x08000243   Thumb Code     0  libinit2.o(.ARM.Collect$$libinit$$00000032)
    __rt_lib_init_fp_trap_1                  0x08000243   Thumb Code     0  libinit2.o(.ARM.Collect$$libinit$$00000021)
    __rt_lib_init_getenv_1                   0x08000243   Thumb Code     0  libinit2.o(.ARM.Collect$$libinit$$00000025)
    __rt_lib_init_heap_1                     0x08000243   Thumb Code     0  libinit2.o(.ARM.Collect$$libinit$$0000000C)
    __rt_lib_init_lc_collate_1               0x08000243   Thumb Code     0  libinit2.o(.ARM.Collect$$libinit$$00000013)
    __rt_lib_init_lc_ctype_1                 0x08000243   Thumb Code     0  libinit2.o(.ARM.Collect$$libinit$$00000015)
    __rt_lib_init_lc_monetary_1              0x08000243   Thumb Code     0  libinit2.o(.ARM.Collect$$libinit$$00000017)
    __rt_lib_init_lc_numeric_1               0x08000243   Thumb Code     0  libinit2.o(.ARM.Collect$$libinit$$00000019)
    __rt_lib_init_lc_time_1                  0x08000243   Thumb Code     0  libinit2.o(.ARM.Collect$$libinit$$0000001B)
    __rt_lib_init_preinit_1                  0x08000243   Thumb Code     0  libinit2.o(.ARM.Collect$$libinit$$00000006)
    __rt_lib_init_rand_1                     0x08000243   Thumb Code     0  libinit2.o(.ARM.Collect$$libinit$$00000010)
    __rt_lib_init_relocate_pie_1             0x08000243   Thumb Code     0  libinit2.o(.ARM.Collect$$libinit$$00000004)
    __rt_lib_init_return                     0x08000243   Thumb Code     0  libinit2.o(.ARM.Collect$$libinit$$00000035)
    __rt_lib_init_signal_1                   0x08000243   Thumb Code     0  libinit2.o(.ARM.Collect$$libinit$$0000001F)
    __rt_lib_init_stdio_1                    0x08000243   Thumb Code     0  libinit2.o(.ARM.Collect$$libinit$$00000027)
    __rt_lib_init_user_alloc_1               0x08000243   Thumb Code     0  libinit2.o(.ARM.Collect$$libinit$$0000000E)
    __rt_lib_shutdown                        0x08000245   Thumb Code     0  libshutdown.o(.ARM.Collect$$libshutdown$$00000000)
    __rt_lib_shutdown_cpp_1                  0x08000247   Thumb Code     0  libshutdown2.o(.ARM.Collect$$libshutdown$$00000002)
    __rt_lib_shutdown_fp_trap_1              0x08000247   Thumb Code     0  libshutdown2.o(.ARM.Collect$$libshutdown$$00000007)
    __rt_lib_shutdown_heap_1                 0x08000247   Thumb Code     0  libshutdown2.o(.ARM.Collect$$libshutdown$$0000000F)
    __rt_lib_shutdown_return                 0x08000247   Thumb Code     0  libshutdown2.o(.ARM.Collect$$libshutdown$$00000010)
    __rt_lib_shutdown_signal_1               0x08000247   Thumb Code     0  libshutdown2.o(.ARM.Collect$$libshutdown$$0000000A)
    __rt_lib_shutdown_stdio_1                0x08000247   Thumb Code     0  libshutdown2.o(.ARM.Collect$$libshutdown$$00000004)
    __rt_lib_shutdown_user_alloc_1           0x08000247   Thumb Code     0  libshutdown2.o(.ARM.Collect$$libshutdown$$0000000C)
    __rt_entry                               0x08000249   Thumb Code     0  __rtentry.o(.ARM.Collect$$rtentry$$00000000)
    __rt_entry_presh_1                       0x08000249   Thumb Code     0  __rtentry2.o(.ARM.Collect$$rtentry$$00000002)
    __rt_entry_sh                            0x08000249   Thumb Code     0  __rtentry4.o(.ARM.Collect$$rtentry$$00000004)
    __rt_entry_li                            0x0800024f   Thumb Code     0  __rtentry2.o(.ARM.Collect$$rtentry$$0000000A)
    __rt_entry_postsh_1                      0x0800024f   Thumb Code     0  __rtentry2.o(.ARM.Collect$$rtentry$$00000009)
    __rt_entry_main                          0x08000253   Thumb Code     0  __rtentry2.o(.ARM.Collect$$rtentry$$0000000D)
    __rt_entry_postli_1                      0x08000253   Thumb Code     0  __rtentry2.o(.ARM.Collect$$rtentry$$0000000C)
    __rt_exit                                0x0800025b   Thumb Code     0  rtexit.o(.ARM.Collect$$rtexit$$00000000)
    __rt_exit_ls                             0x0800025d   Thumb Code     0  rtexit2.o(.ARM.Collect$$rtexit$$00000003)
    __rt_exit_prels_1                        0x0800025d   Thumb Code     0  rtexit2.o(.ARM.Collect$$rtexit$$00000002)
    __rt_exit_exit                           0x08000261   Thumb Code     0  rtexit2.o(.ARM.Collect$$rtexit$$00000004)
    Reset_Handler                            0x08000269   Thumb Code     8  startup_stm32f407xx.o(.text)
    ADC_IRQHandler                           0x08000283   Thumb Code     0  startup_stm32f407xx.o(.text)
    CAN1_RX1_IRQHandler                      0x08000283   Thumb Code     0  startup_stm32f407xx.o(.text)
    CAN1_SCE_IRQHandler                      0x08000283   Thumb Code     0  startup_stm32f407xx.o(.text)
    CAN1_TX_IRQHandler                       0x08000283   Thumb Code     0  startup_stm32f407xx.o(.text)
    CAN2_RX1_IRQHandler                      0x08000283   Thumb Code     0  startup_stm32f407xx.o(.text)
    CAN2_SCE_IRQHandler                      0x08000283   Thumb Code     0  startup_stm32f407xx.o(.text)
    CAN2_TX_IRQHandler                       0x08000283   Thumb Code     0  startup_stm32f407xx.o(.text)
    DCMI_IRQHandler                          0x08000283   Thumb Code     0  startup_stm32f407xx.o(.text)
    DMA1_Stream0_IRQHandler                  0x08000283   Thumb Code     0  startup_stm32f407xx.o(.text)
    DMA1_Stream2_IRQHandler                  0x08000283   Thumb Code     0  startup_stm32f407xx.o(.text)
    DMA1_Stream3_IRQHandler                  0x08000283   Thumb Code     0  startup_stm32f407xx.o(.text)
    DMA1_Stream4_IRQHandler                  0x08000283   Thumb Code     0  startup_stm32f407xx.o(.text)
    DMA1_Stream5_IRQHandler                  0x08000283   Thumb Code     0  startup_stm32f407xx.o(.text)
    DMA1_Stream6_IRQHandler                  0x08000283   Thumb Code     0  startup_stm32f407xx.o(.text)
    DMA1_Stream7_IRQHandler                  0x08000283   Thumb Code     0  startup_stm32f407xx.o(.text)
    DMA2_Stream0_IRQHandler                  0x08000283   Thumb Code     0  startup_stm32f407xx.o(.text)
    DMA2_Stream3_IRQHandler                  0x08000283   Thumb Code     0  startup_stm32f407xx.o(.text)
    DMA2_Stream4_IRQHandler                  0x08000283   Thumb Code     0  startup_stm32f407xx.o(.text)
    DMA2_Stream5_IRQHandler                  0x08000283   Thumb Code     0  startup_stm32f407xx.o(.text)
    ETH_IRQHandler                           0x08000283   Thumb Code     0  startup_stm32f407xx.o(.text)
    ETH_WKUP_IRQHandler                      0x08000283   Thumb Code     0  startup_stm32f407xx.o(.text)
    EXTI0_IRQHandler                         0x08000283   Thumb Code     0  startup_stm32f407xx.o(.text)
    EXTI15_10_IRQHandler                     0x08000283   Thumb Code     0  startup_stm32f407xx.o(.text)
    EXTI1_IRQHandler                         0x08000283   Thumb Code     0  startup_stm32f407xx.o(.text)
    EXTI2_IRQHandler                         0x08000283   Thumb Code     0  startup_stm32f407xx.o(.text)
    EXTI3_IRQHandler                         0x08000283   Thumb Code     0  startup_stm32f407xx.o(.text)
    FLASH_IRQHandler                         0x08000283   Thumb Code     0  startup_stm32f407xx.o(.text)
    FMC_IRQHandler                           0x08000283   Thumb Code     0  startup_stm32f407xx.o(.text)
    FPU_IRQHandler                           0x08000283   Thumb Code     0  startup_stm32f407xx.o(.text)
    HASH_RNG_IRQHandler                      0x08000283   Thumb Code     0  startup_stm32f407xx.o(.text)
    I2C1_ER_IRQHandler                       0x08000283   Thumb Code     0  startup_stm32f407xx.o(.text)
    I2C1_EV_IRQHandler                       0x08000283   Thumb Code     0  startup_stm32f407xx.o(.text)
    I2C2_ER_IRQHandler                       0x08000283   Thumb Code     0  startup_stm32f407xx.o(.text)
    I2C2_EV_IRQHandler                       0x08000283   Thumb Code     0  startup_stm32f407xx.o(.text)
    I2C3_ER_IRQHandler                       0x08000283   Thumb Code     0  startup_stm32f407xx.o(.text)
    I2C3_EV_IRQHandler                       0x08000283   Thumb Code     0  startup_stm32f407xx.o(.text)
    OTG_FS_IRQHandler                        0x08000283   Thumb Code     0  startup_stm32f407xx.o(.text)
    OTG_FS_WKUP_IRQHandler                   0x08000283   Thumb Code     0  startup_stm32f407xx.o(.text)
    OTG_HS_EP1_IN_IRQHandler                 0x08000283   Thumb Code     0  startup_stm32f407xx.o(.text)
    OTG_HS_EP1_OUT_IRQHandler                0x08000283   Thumb Code     0  startup_stm32f407xx.o(.text)
    OTG_HS_IRQHandler                        0x08000283   Thumb Code     0  startup_stm32f407xx.o(.text)
    OTG_HS_WKUP_IRQHandler                   0x08000283   Thumb Code     0  startup_stm32f407xx.o(.text)
    PVD_IRQHandler                           0x08000283   Thumb Code     0  startup_stm32f407xx.o(.text)
    RCC_IRQHandler                           0x08000283   Thumb Code     0  startup_stm32f407xx.o(.text)
    RTC_Alarm_IRQHandler                     0x08000283   Thumb Code     0  startup_stm32f407xx.o(.text)
    RTC_WKUP_IRQHandler                      0x08000283   Thumb Code     0  startup_stm32f407xx.o(.text)
    SDIO_IRQHandler                          0x08000283   Thumb Code     0  startup_stm32f407xx.o(.text)
    SPI1_IRQHandler                          0x08000283   Thumb Code     0  startup_stm32f407xx.o(.text)
    SPI2_IRQHandler                          0x08000283   Thumb Code     0  startup_stm32f407xx.o(.text)
    SPI3_IRQHandler                          0x08000283   Thumb Code     0  startup_stm32f407xx.o(.text)
    TAMP_STAMP_IRQHandler                    0x08000283   Thumb Code     0  startup_stm32f407xx.o(.text)
    TIM1_BRK_TIM9_IRQHandler                 0x08000283   Thumb Code     0  startup_stm32f407xx.o(.text)
    TIM1_CC_IRQHandler                       0x08000283   Thumb Code     0  startup_stm32f407xx.o(.text)
    TIM1_TRG_COM_TIM11_IRQHandler            0x08000283   Thumb Code     0  startup_stm32f407xx.o(.text)
    TIM1_UP_TIM10_IRQHandler                 0x08000283   Thumb Code     0  startup_stm32f407xx.o(.text)
    TIM3_IRQHandler                          0x08000283   Thumb Code     0  startup_stm32f407xx.o(.text)
    TIM4_IRQHandler                          0x08000283   Thumb Code     0  startup_stm32f407xx.o(.text)
    TIM5_IRQHandler                          0x08000283   Thumb Code     0  startup_stm32f407xx.o(.text)
    TIM6_DAC_IRQHandler                      0x08000283   Thumb Code     0  startup_stm32f407xx.o(.text)
    TIM7_IRQHandler                          0x08000283   Thumb Code     0  startup_stm32f407xx.o(.text)
    TIM8_BRK_TIM12_IRQHandler                0x08000283   Thumb Code     0  startup_stm32f407xx.o(.text)
    TIM8_CC_IRQHandler                       0x08000283   Thumb Code     0  startup_stm32f407xx.o(.text)
    TIM8_TRG_COM_TIM14_IRQHandler            0x08000283   Thumb Code     0  startup_stm32f407xx.o(.text)
    TIM8_UP_TIM13_IRQHandler                 0x08000283   Thumb Code     0  startup_stm32f407xx.o(.text)
    UART4_IRQHandler                         0x08000283   Thumb Code     0  startup_stm32f407xx.o(.text)
    UART5_IRQHandler                         0x08000283   Thumb Code     0  startup_stm32f407xx.o(.text)
    USART1_IRQHandler                        0x08000283   Thumb Code     0  startup_stm32f407xx.o(.text)
    USART2_IRQHandler                        0x08000283   Thumb Code     0  startup_stm32f407xx.o(.text)
    USART6_IRQHandler                        0x08000283   Thumb Code     0  startup_stm32f407xx.o(.text)
    WWDG_IRQHandler                          0x08000283   Thumb Code     0  startup_stm32f407xx.o(.text)
    __user_initial_stackheap                 0x08000285   Thumb Code     0  startup_stm32f407xx.o(.text)
    __aeabi_uldivmod                         0x080002a9   Thumb Code     0  lludivv7m.o(.text)
    _ll_udiv                                 0x080002a9   Thumb Code   240  lludivv7m.o(.text)
    __use_two_region_memory                  0x08000399   Thumb Code     2  heapauxi.o(.text)
    __rt_heap_escrow$2region                 0x0800039b   Thumb Code     2  heapauxi.o(.text)
    __rt_heap_expand$2region                 0x0800039d   Thumb Code     2  heapauxi.o(.text)
    __user_libspace                          0x080003a1   Thumb Code     8  libspace.o(.text)
    __user_perproc_libspace                  0x080003a1   Thumb Code     0  libspace.o(.text)
    __user_perthread_libspace                0x080003a1   Thumb Code     0  libspace.o(.text)
    __user_setup_stackheap                   0x080003a9   Thumb Code    74  sys_stackheap_outer.o(.text)
    exit                                     0x080003f3   Thumb Code    18  exit.o(.text)
    _sys_exit                                0x08000405   Thumb Code     8  sys_exit.o(.text)
    __I$use$semihosting                      0x08000411   Thumb Code     0  use_no_semi.o(.text)
    __use_no_semihosting_swi                 0x08000411   Thumb Code     2  use_no_semi.o(.text)
    __semihosting_library_function           0x08000413   Thumb Code     0  indicate_semi.o(.text)
    BMI088_ACCEL_NS_H                        0x08000415   Thumb Code    14  bsp_bmi088.o(.text.BMI088_ACCEL_NS_H)
    BMI088_ACCEL_NS_L                        0x08000425   Thumb Code    14  bsp_bmi088.o(.text.BMI088_ACCEL_NS_L)
    BMI088_GYRO_NS_H                         0x08000435   Thumb Code    16  bsp_bmi088.o(.text.BMI088_GYRO_NS_H)
    BMI088_GYRO_NS_L                         0x08000445   Thumb Code    16  bsp_bmi088.o(.text.BMI088_GYRO_NS_L)
    BMI088_Read_Write_Byte                   0x08000455   Thumb Code    52  bsp_bmi088.o(.text.BMI088_Read_Write_Byte)
    BMI088_read                              0x08000489   Thumb Code   500  bmi088_driver.o(.text.BMI088_read)
    BusFault_Handler                         0x0800067d   Thumb Code     2  stm32f4xx_it.o(.text.BusFault_Handler)
    CAN1_RX0_IRQHandler                      0x08000681   Thumb Code    12  stm32f4xx_it.o(.text.CAN1_RX0_IRQHandler)
    CAN2_RX0_IRQHandler                      0x0800068d   Thumb Code    12  stm32f4xx_it.o(.text.CAN2_RX0_IRQHandler)
    Chassis_Task                             0x08000699   Thumb Code   280  chassis_task.o(.text.Chassis_Task)
    DMA1_Stream1_IRQHandler                  0x080007b1   Thumb Code    12  stm32f4xx_it.o(.text.DMA1_Stream1_IRQHandler)
    DMA2_Stream1_IRQHandler                  0x080007bd   Thumb Code    12  stm32f4xx_it.o(.text.DMA2_Stream1_IRQHandler)
    DMA2_Stream2_IRQHandler                  0x080007c9   Thumb Code    12  stm32f4xx_it.o(.text.DMA2_Stream2_IRQHandler)
    DMA2_Stream6_IRQHandler                  0x080007d5   Thumb Code    12  stm32f4xx_it.o(.text.DMA2_Stream6_IRQHandler)
    DMA2_Stream7_IRQHandler                  0x080007e1   Thumb Code    12  stm32f4xx_it.o(.text.DMA2_Stream7_IRQHandler)
    Dbus_Task                                0x080007ed   Thumb Code   282  dbus_task.o(.text.Dbus_Task)
    DebugMon_Handler                         0x08000909   Thumb Code     2  stm32f4xx_it.o(.text.DebugMon_Handler)
    EXTI4_IRQHandler                         0x0800090d   Thumb Code     6  stm32f4xx_it.o(.text.EXTI4_IRQHandler)
    EXTI9_5_IRQHandler                       0x08000915   Thumb Code     6  stm32f4xx_it.o(.text.EXTI9_5_IRQHandler)
    Error_Handler                            0x0800091d   Thumb Code    10  main.o(.text.Error_Handler)
    Gimbal_Task                              0x08000929   Thumb Code   728  gimbal_task.o(.text.Gimbal_Task)
    HAL_CAN_ErrorCallback                    0x08000c01   Thumb Code     2  stm32f4xx_hal_can.o(.text.HAL_CAN_ErrorCallback)
    HAL_CAN_GetRxMessage                     0x08000c05   Thumb Code   286  stm32f4xx_hal_can.o(.text.HAL_CAN_GetRxMessage)
    HAL_CAN_IRQHandler                       0x08000d25   Thumb Code   606  stm32f4xx_hal_can.o(.text.HAL_CAN_IRQHandler)
    HAL_CAN_Init                             0x08000f85   Thumb Code   244  stm32f4xx_hal_can.o(.text.HAL_CAN_Init)
    HAL_CAN_MspInit                          0x08001079   Thumb Code   286  can.o(.text.HAL_CAN_MspInit)
    HAL_CAN_RxFifo0FullCallback              0x08001199   Thumb Code     2  stm32f4xx_hal_can.o(.text.HAL_CAN_RxFifo0FullCallback)
    HAL_CAN_RxFifo0MsgPendingCallback        0x0800119d   Thumb Code   152  bsp_can.o(.text.HAL_CAN_RxFifo0MsgPendingCallback)
    HAL_CAN_RxFifo1FullCallback              0x08001235   Thumb Code     2  stm32f4xx_hal_can.o(.text.HAL_CAN_RxFifo1FullCallback)
    HAL_CAN_RxFifo1MsgPendingCallback        0x08001239   Thumb Code     2  stm32f4xx_hal_can.o(.text.HAL_CAN_RxFifo1MsgPendingCallback)
    HAL_CAN_SleepCallback                    0x0800123d   Thumb Code     2  stm32f4xx_hal_can.o(.text.HAL_CAN_SleepCallback)
    HAL_CAN_TxMailbox0AbortCallback          0x08001241   Thumb Code     2  stm32f4xx_hal_can.o(.text.HAL_CAN_TxMailbox0AbortCallback)
    HAL_CAN_TxMailbox0CompleteCallback       0x08001245   Thumb Code     2  stm32f4xx_hal_can.o(.text.HAL_CAN_TxMailbox0CompleteCallback)
    HAL_CAN_TxMailbox1AbortCallback          0x08001249   Thumb Code     2  stm32f4xx_hal_can.o(.text.HAL_CAN_TxMailbox1AbortCallback)
    HAL_CAN_TxMailbox1CompleteCallback       0x0800124d   Thumb Code     2  stm32f4xx_hal_can.o(.text.HAL_CAN_TxMailbox1CompleteCallback)
    HAL_CAN_TxMailbox2AbortCallback          0x08001251   Thumb Code     2  stm32f4xx_hal_can.o(.text.HAL_CAN_TxMailbox2AbortCallback)
    HAL_CAN_TxMailbox2CompleteCallback       0x08001255   Thumb Code     2  stm32f4xx_hal_can.o(.text.HAL_CAN_TxMailbox2CompleteCallback)
    HAL_CAN_WakeUpFromRxMsgCallback          0x08001259   Thumb Code     2  stm32f4xx_hal_can.o(.text.HAL_CAN_WakeUpFromRxMsgCallback)
    HAL_DMA_Abort                            0x0800125d   Thumb Code   142  stm32f4xx_hal_dma.o(.text.HAL_DMA_Abort)
    HAL_DMA_Abort_IT                         0x080012ed   Thumb Code    36  stm32f4xx_hal_dma.o(.text.HAL_DMA_Abort_IT)
    HAL_DMA_IRQHandler                       0x08001311   Thumb Code   448  stm32f4xx_hal_dma.o(.text.HAL_DMA_IRQHandler)
    HAL_DMA_Init                             0x080014d1   Thumb Code   354  stm32f4xx_hal_dma.o(.text.HAL_DMA_Init)
    HAL_DMA_Start_IT                         0x08001635   Thumb Code   158  stm32f4xx_hal_dma.o(.text.HAL_DMA_Start_IT)
    HAL_GPIO_EXTI_Callback                   0x080016d5   Thumb Code     2  stm32f4xx_hal_gpio.o(.text.HAL_GPIO_EXTI_Callback)
    HAL_GPIO_EXTI_IRQHandler                 0x080016d9   Thumb Code    22  stm32f4xx_hal_gpio.o(.text.HAL_GPIO_EXTI_IRQHandler)
    HAL_GPIO_Init                            0x080016f1   Thumb Code   422  stm32f4xx_hal_gpio.o(.text.HAL_GPIO_Init)
    HAL_GPIO_WritePin                        0x08001899   Thumb Code    10  stm32f4xx_hal_gpio.o(.text.HAL_GPIO_WritePin)
    HAL_GetTick                              0x080018a5   Thumb Code    12  stm32f4xx_hal.o(.text.HAL_GetTick)
    HAL_I2C_Init                             0x080018b1   Thumb Code   374  stm32f4xx_hal_i2c.o(.text.HAL_I2C_Init)
    HAL_I2C_MspInit                          0x08001a29   Thumb Code   170  i2c.o(.text.HAL_I2C_MspInit)
    HAL_IncTick                              0x08001ad5   Thumb Code    26  stm32f4xx_hal.o(.text.HAL_IncTick)
    HAL_Init                                 0x08001af1   Thumb Code    54  stm32f4xx_hal.o(.text.HAL_Init)
    HAL_InitTick                             0x08001b29   Thumb Code   184  stm32f4xx_hal_timebase_tim.o(.text.HAL_InitTick)
    HAL_MspInit                              0x08001be1   Thumb Code    66  stm32f4xx_hal_msp.o(.text.HAL_MspInit)
    HAL_NVIC_EnableIRQ                       0x08001c25   Thumb Code    38  stm32f4xx_hal_cortex.o(.text.HAL_NVIC_EnableIRQ)
    HAL_NVIC_SetPriority                     0x08001c4d   Thumb Code    86  stm32f4xx_hal_cortex.o(.text.HAL_NVIC_SetPriority)
    HAL_NVIC_SetPriorityGrouping             0x08001ca5   Thumb Code    32  stm32f4xx_hal_cortex.o(.text.HAL_NVIC_SetPriorityGrouping)
    HAL_RCC_ClockConfig                      0x08001cc5   Thumb Code   352  stm32f4xx_hal_rcc.o(.text.HAL_RCC_ClockConfig)
    HAL_RCC_GetClockConfig                   0x08001e25   Thumb Code    62  stm32f4xx_hal_rcc.o(.text.HAL_RCC_GetClockConfig)
    HAL_RCC_GetPCLK1Freq                     0x08001e65   Thumb Code    38  stm32f4xx_hal_rcc.o(.text.HAL_RCC_GetPCLK1Freq)
    HAL_RCC_GetPCLK2Freq                     0x08001e8d   Thumb Code    38  stm32f4xx_hal_rcc.o(.text.HAL_RCC_GetPCLK2Freq)
    HAL_RCC_GetSysClockFreq                  0x08001eb5   Thumb Code   106  stm32f4xx_hal_rcc.o(.text.HAL_RCC_GetSysClockFreq)
    HAL_RCC_OscConfig                        0x08001f21   Thumb Code   884  stm32f4xx_hal_rcc.o(.text.HAL_RCC_OscConfig)
    HAL_SPI_Init                             0x08002295   Thumb Code   180  stm32f4xx_hal_spi.o(.text.HAL_SPI_Init)
    HAL_SPI_MspInit                          0x08002349   Thumb Code   162  spi.o(.text.HAL_SPI_MspInit)
    HAL_SPI_TransmitReceive                  0x080023ed   Thumb Code   792  stm32f4xx_hal_spi.o(.text.HAL_SPI_TransmitReceive)
    HAL_TIMEx_BreakCallback                  0x08002705   Thumb Code     2  stm32f4xx_hal_tim_ex.o(.text.HAL_TIMEx_BreakCallback)
    HAL_TIMEx_CommutCallback                 0x08002709   Thumb Code     2  stm32f4xx_hal_tim_ex.o(.text.HAL_TIMEx_CommutCallback)
    HAL_TIMEx_ConfigBreakDeadTime            0x0800270d   Thumb Code    76  stm32f4xx_hal_tim_ex.o(.text.HAL_TIMEx_ConfigBreakDeadTime)
    HAL_TIMEx_MasterConfigSynchronization    0x08002759   Thumb Code   182  stm32f4xx_hal_tim_ex.o(.text.HAL_TIMEx_MasterConfigSynchronization)
    HAL_TIM_Base_Init                        0x08002811   Thumb Code    90  stm32f4xx_hal_tim.o(.text.HAL_TIM_Base_Init)
    HAL_TIM_Base_MspInit                     0x0800286d   Thumb Code    94  tim.o(.text.HAL_TIM_Base_MspInit)
    HAL_TIM_Base_Start_IT                    0x080028cd   Thumb Code   170  stm32f4xx_hal_tim.o(.text.HAL_TIM_Base_Start_IT)
    HAL_TIM_ConfigClockSource                0x08002979   Thumb Code   412  stm32f4xx_hal_tim.o(.text.HAL_TIM_ConfigClockSource)
    HAL_TIM_IC_CaptureCallback               0x08002b15   Thumb Code     2  stm32f4xx_hal_tim.o(.text.HAL_TIM_IC_CaptureCallback)
    HAL_TIM_IRQHandler                       0x08002b19   Thumb Code   368  stm32f4xx_hal_tim.o(.text.HAL_TIM_IRQHandler)
    HAL_TIM_OC_DelayElapsedCallback          0x08002c89   Thumb Code     2  stm32f4xx_hal_tim.o(.text.HAL_TIM_OC_DelayElapsedCallback)
    HAL_TIM_PWM_ConfigChannel                0x08002c8d   Thumb Code   546  stm32f4xx_hal_tim.o(.text.HAL_TIM_PWM_ConfigChannel)
    HAL_TIM_PWM_Init                         0x08002eb1   Thumb Code    90  stm32f4xx_hal_tim.o(.text.HAL_TIM_PWM_Init)
    HAL_TIM_PWM_MspInit                      0x08002f0d   Thumb Code     2  stm32f4xx_hal_tim.o(.text.HAL_TIM_PWM_MspInit)
    HAL_TIM_PWM_PulseFinishedCallback        0x08002f11   Thumb Code     2  stm32f4xx_hal_tim.o(.text.HAL_TIM_PWM_PulseFinishedCallback)
    HAL_TIM_PeriodElapsedCallback            0x08002f15   Thumb Code    14  main.o(.text.HAL_TIM_PeriodElapsedCallback)
    HAL_TIM_TriggerCallback                  0x08002f25   Thumb Code     2  stm32f4xx_hal_tim.o(.text.HAL_TIM_TriggerCallback)
    HAL_UARTEx_RxEventCallback               0x08002f29   Thumb Code    20  bsp.o(.text.HAL_UARTEx_RxEventCallback)
    HAL_UART_ErrorCallback                   0x08002f3d   Thumb Code     2  stm32f4xx_hal_uart.o(.text.HAL_UART_ErrorCallback)
    HAL_UART_IRQHandler                      0x08002f41   Thumb Code  1380  stm32f4xx_hal_uart.o(.text.HAL_UART_IRQHandler)
    HAL_UART_Init                            0x080034a5   Thumb Code    94  stm32f4xx_hal_uart.o(.text.HAL_UART_Init)
    HAL_UART_MspInit                         0x08003505   Thumb Code   724  usart.o(.text.HAL_UART_MspInit)
    HAL_UART_RxCpltCallback                  0x080037d9   Thumb Code     2  stm32f4xx_hal_uart.o(.text.HAL_UART_RxCpltCallback)
    HAL_UART_Transmit_DMA                    0x080037dd   Thumb Code   200  stm32f4xx_hal_uart.o(.text.HAL_UART_Transmit_DMA)
    HAL_UART_TxCpltCallback                  0x080038a5   Thumb Code     2  stm32f4xx_hal_uart.o(.text.HAL_UART_TxCpltCallback)
    HAL_UART_TxHalfCpltCallback              0x080038a9   Thumb Code     2  stm32f4xx_hal_uart.o(.text.HAL_UART_TxHalfCpltCallback)
    HardFault_Handler                        0x080038ad   Thumb Code     2  stm32f4xx_it.o(.text.HardFault_Handler)
    Heat_Power_Ctl                           0x080038b1   Thumb Code    14  bsp_tim.o(.text.Heat_Power_Ctl)
    INS_Task                                 0x080038c1   Thumb Code  3850  ins_task.o(.text.INS_Task)
    KalmanFilterCalc                         0x080047cd   Thumb Code    86  filter.o(.text.KalmanFilterCalc)
    Key_B                                    0x08004825   Thumb Code   210  bsp_rc.o(.text.Key_B)
    Key_E                                    0x080048f9   Thumb Code   188  bsp_rc.o(.text.Key_E)
    Key_F                                    0x080049b5   Thumb Code   174  bsp_rc.o(.text.Key_F)
    Key_Q                                    0x08004a65   Thumb Code   174  bsp_rc.o(.text.Key_Q)
    Key_R                                    0x08004b15   Thumb Code   164  bsp_rc.o(.text.Key_R)
    Key_SHIFT                                0x08004bb9   Thumb Code   166  bsp_rc.o(.text.Key_SHIFT)
    Key_mouse_l                              0x08004c61   Thumb Code   222  bsp_rc.o(.text.Key_mouse_l)
    Key_mouse_r                              0x08004d41   Thumb Code   222  bsp_rc.o(.text.Key_mouse_r)
    MX_CAN1_Init                             0x08004e21   Thumb Code    72  can.o(.text.MX_CAN1_Init)
    MX_CAN2_Init                             0x08004e69   Thumb Code    72  can.o(.text.MX_CAN2_Init)
    MX_DMA_Init                              0x08004eb1   Thumb Code   140  dma.o(.text.MX_DMA_Init)
    MX_FREERTOS_Init                         0x08004f3d   Thumb Code   444  freertos.o(.text.MX_FREERTOS_Init)
    MX_GPIO_Init                             0x080050f9   Thumb Code   346  gpio.o(.text.MX_GPIO_Init)
    MX_I2C3_Init                             0x08005255   Thumb Code    66  i2c.o(.text.MX_I2C3_Init)
    MX_SPI1_Init                             0x08005299   Thumb Code    76  spi.o(.text.MX_SPI1_Init)
    MX_TIM10_Init                            0x080052e5   Thumb Code   238  tim.o(.text.MX_TIM10_Init)
    MX_TIM1_Init                             0x080053d5   Thumb Code   422  tim.o(.text.MX_TIM1_Init)
    MX_USART1_UART_Init                      0x0800557d   Thumb Code    60  usart.o(.text.MX_USART1_UART_Init)
    MX_USART3_UART_Init                      0x080055b9   Thumb Code    64  usart.o(.text.MX_USART3_UART_Init)
    MX_USART6_UART_Init                      0x080055f9   Thumb Code    60  usart.o(.text.MX_USART6_UART_Init)
    MemManage_Handler                        0x08005635   Thumb Code     2  stm32f4xx_it.o(.text.MemManage_Handler)
    NMI_Handler                              0x08005639   Thumb Code     2  stm32f4xx_it.o(.text.NMI_Handler)
    PID_Init                                 0x0800563d   Thumb Code    88  pid.o(.text.PID_Init)
    PID_Init_ByParamArray                    0x08005695   Thumb Code    54  pid.o(.text.PID_Init_ByParamArray)
    PendSV_Handler                           0x08005721   Thumb Code   100  port.o(.text.PendSV_Handler)
    Remote_Control_RxEvent                   0x08005785   Thumb Code   528  bsp_rc.o(.text.Remote_Control_RxEvent)
    SVC_Handler                              0x08005a81   Thumb Code    36  port.o(.text.SVC_Handler)
    SYSTEMSTATE_TASK                         0x08005aa5   Thumb Code   118  systemstate_task.o(.text.SYSTEMSTATE_TASK)
    Shoot_Task                               0x08005b1d   Thumb Code  1856  shoot_task.o(.text.Shoot_Task)
    StartDefaultTask                         0x0800625d   Thumb Code     8  freertos.o(.text.StartDefaultTask)
    SysTick_Handler                          0x08006265   Thumb Code    46  port.o(.text.SysTick_Handler)
    SystemClock_Config                       0x08006295   Thumb Code   176  main.o(.text.SystemClock_Config)
    SystemInit                               0x08006345   Thumb Code    18  system_stm32f4xx.o(.text.SystemInit)
    TIM2_IRQHandler                          0x08006359   Thumb Code    12  stm32f4xx_it.o(.text.TIM2_IRQHandler)
    TIM_Base_SetConfig                       0x08006365   Thumb Code   316  stm32f4xx_hal_tim.o(.text.TIM_Base_SetConfig)
    USART3_IRQHandler                        0x080068d1   Thumb Code    12  stm32f4xx_it.o(.text.USART3_IRQHandler)
    UsageFault_Handler                       0x080068dd   Thumb Code     2  stm32f4xx_it.o(.text.UsageFault_Handler)
    VISION_TASK                              0x080068e1   Thumb Code   352  vision_task.o(.text.VISION_TASK)
    f_PID_Calculate                          0x08006a55   Thumb Code   384  pid.o(.text.f_PID_Calculate)
    get_DJI_Motor_Info                       0x08006bd5   Thumb Code   496  motor.o(.text.get_DJI_Motor_Info)
    main                                     0x08006dc5   Thumb Code    62  main.o(.text.main)
    osDelay                                  0x08006e05   Thumb Code    16  cmsis_os.o(.text.osDelay)
    osDelayUntil                             0x08006e15   Thumb Code    16  cmsis_os.o(.text.osDelayUntil)
    osKernelStart                            0x08006e25   Thumb Code    10  cmsis_os.o(.text.osKernelStart)
    osKernelSysTick                          0x08006e31   Thumb Code    16  cmsis_os.o(.text.osKernelSysTick)
    osThreadCreate                           0x08006e41   Thumb Code    92  cmsis_os.o(.text.osThreadCreate)
    pvPortMalloc                             0x080071a1   Thumb Code   522  heap_4.o(.text.pvPortMalloc)
    pxPortInitialiseStack                    0x080073ad   Thumb Code    40  port.o(.text.pxPortInitialiseStack)
    rc_ctrl_monitor                          0x080073d5   Thumb Code    42  bsp_rc.o(.text.rc_ctrl_monitor)
    uxListRemove                             0x08007401   Thumb Code    36  list.o(.text.uxListRemove)
    vApplicationGetIdleTaskMemory            0x08007425   Thumb Code    26  freertos.o(.text.vApplicationGetIdleTaskMemory)
    vListInitialise                          0x08007441   Thumb Code    22  list.o(.text.vListInitialise)
    vListInitialiseItem                      0x08007459   Thumb Code     6  list.o(.text.vListInitialiseItem)
    vListInsert                              0x08007461   Thumb Code    98  list.o(.text.vListInsert)
    vListInsertEnd                           0x080074c5   Thumb Code    28  list.o(.text.vListInsertEnd)
    vPortEnterCritical                       0x080074f5   Thumb Code    70  port.o(.text.vPortEnterCritical)
    vPortExitCritical                        0x0800753d   Thumb Code    46  port.o(.text.vPortExitCritical)
    vPortFree                                0x0800756d   Thumb Code   212  heap_4.o(.text.vPortFree)
    vPortSetupTimerInterrupt                 0x08007641   Thumb Code    52  port.o(.text.vPortSetupTimerInterrupt)
    vPortValidateInterruptPriority           0x08007675   Thumb Code    94  port.o(.text.vPortValidateInterruptPriority)
    vTaskDelay                               0x080076d5   Thumb Code   158  tasks.o(.text.vTaskDelay)
    vTaskDelayUntil                          0x08007775   Thumb Code   230  tasks.o(.text.vTaskDelayUntil)
    vTaskStartScheduler                      0x0800785d   Thumb Code   196  tasks.o(.text.vTaskStartScheduler)
    vTaskSuspendAll                          0x08007929   Thumb Code    16  tasks.o(.text.vTaskSuspendAll)
    vTaskSwitchContext                       0x08007939   Thumb Code   110  tasks.o(.text.vTaskSwitchContext)
    xPortStartScheduler                      0x080079a9   Thumb Code   388  port.o(.text.xPortStartScheduler)
    xTaskCreate                              0x08007b2d   Thumb Code    96  tasks.o(.text.xTaskCreate)
    xTaskCreateStatic                        0x08007b8d   Thumb Code   118  tasks.o(.text.xTaskCreateStatic)
    xTaskGetTickCount                        0x08007c05   Thumb Code    12  tasks.o(.text.xTaskGetTickCount)
    xTaskGetTickCountFromISR                 0x08007c11   Thumb Code    18  tasks.o(.text.xTaskGetTickCountFromISR)
    xTaskIncrementTick                       0x08007c25   Thumb Code   262  tasks.o(.text.xTaskIncrementTick)
    xTaskResumeAll                           0x08007d2d   Thumb Code   234  tasks.o(.text.xTaskResumeAll)
    _fp_init                                 0x08007e17   Thumb Code    26  fpinit.o(x$fpl$fpinit)
    __fplib_config_fpu_vfp                   0x08007e2f   Thumb Code     0  fpinit.o(x$fpl$fpinit)
    __fplib_config_pureend_doubles           0x08007e2f   Thumb Code     0  fpinit.o(x$fpl$fpinit)
    AHBPrescTable                            0x08007e84   Data          16  system_stm32f4xx.o(.rodata.AHBPrescTable)
    APBPrescTable                            0x08007e94   Data           8  system_stm32f4xx.o(.rodata.APBPrescTable)
    Region$$Table$$Base                      0x08008044   Number         0  anon$$obj.o(Region$$Table)
    Region$$Table$$Limit                     0x08008064   Number         0  anon$$obj.o(Region$$Table)
    head                                     0x20000000   Data           8  chassis_task.o(.data..L_MergedGlobals)
    Chassis_Ctrl                             0x20000008   Data          28  chassis_task.o(.data..L_MergedGlobals)
    ky                                       0x20000024   Data           4  gimbal_task.o(.data..L_MergedGlobals)
    kp                                       0x20000028   Data           4  gimbal_task.o(.data..L_MergedGlobals)
    Gimbal_Ctrl                              0x2000002c   Data          44  gimbal_task.o(.data..L_MergedGlobals)
    SHOOT_SPEED_16M_S                        0x20000058   Data           4  shoot_task.o(.data..L_MergedGlobals)
    SHOOT_SPEED_10M_S                        0x2000005c   Data           4  shoot_task.o(.data..L_MergedGlobals)
    RC_direction                             0x20000060   Data           4  shoot_task.o(.data..L_MergedGlobals)
    Key_direction                            0x20000064   Data           4  shoot_task.o(.data..L_MergedGlobals)
    wheel_PID_Param                          0x20000068   Data          24  shoot_task.o(.data..L_MergedGlobals)
    Shoot_Ctrl                               0x20000080   Data          36  shoot_task.o(.data..L_MergedGlobals)
    imu_temp_pid_para                        0x200000a4   Data          24  ins_task.o(.data..L_MergedGlobals)
    gyro_scale_factor                        0x200000bc   Data          36  ins_task.o(.data..L_MergedGlobals)
    accel_scale_factor                       0x200000e0   Data          36  ins_task.o(.data..L_MergedGlobals)
    uwTickFreq                               0x20000104   Data           1  stm32f4xx_hal.o(.data..L_MergedGlobals)
    uwTickPrio                               0x20000108   Data           4  stm32f4xx_hal.o(.data..L_MergedGlobals)
    CAN_TxMsg                                0x2000010c   Data         504  bsp_can.o(.data.CAN_TxMsg)
    DJI_Motor                                0x20000304   Data        1020  motor.o(.data.DJI_Motor)
    H                                        0x20000700   Data          32  bsp_can.o(.data.H)
    L                                        0x20000720   Data          32  bsp_can.o(.data.L)
    SystemCoreClock                          0x20000740   Data           4  system_stm32f4xx.o(.data.SystemCoreClock)
    trigger_PID_Param                        0x20000744   Data          96  shoot_task.o(.data.trigger_PID_Param)
    vision                                   0x200007a8   Data          44  vision_task.o(.data.vision)
    __libspace_start                         0x200007d8   Data          96  libspace.o(.bss)
    __temporary_stack_top$libspace           0x20000838   Data           0  libspace.o(.bss)
    rc_ctrl                                  0x2000084a   Data          26  bsp_rc.o(.bss..L_MergedGlobals)
    KF_Mouse_X_Speed                         0x20000864   Data          48  bsp_rc.o(.bss..L_MergedGlobals)
    vision_fire                              0x20000894   Data           1  vision.o(.bss..L_MergedGlobals)
    sum_check                                0x20000895   Data           1  vision.o(.bss..L_MergedGlobals)
    pit_unsigned                             0x20000898   Data           4  vision.o(.bss..L_MergedGlobals)
    yaw_unsigned                             0x2000089c   Data           4  vision.o(.bss..L_MergedGlobals)
    distance                                 0x200008a0   Data           4  vision.o(.bss..L_MergedGlobals)
    findtime                                 0x200008a4   Data           4  vision.o(.bss..L_MergedGlobals)
    pit_signed                               0x200008a8   Data           4  vision.o(.bss..L_MergedGlobals)
    yaw_signed                               0x200008ac   Data           4  vision.o(.bss..L_MergedGlobals)
    tx2                                      0x200008b0   Data          24  vision.o(.bss..L_MergedGlobals)
    defaultTaskHandle                        0x200008c8   Data           4  freertos.o(.bss..L_MergedGlobals)
    chassis_taskHandle                       0x200008cc   Data           4  freertos.o(.bss..L_MergedGlobals)
    gimbal_taskHandle                        0x200008d0   Data           4  freertos.o(.bss..L_MergedGlobals)
    shoot_taskHandle                         0x200008d4   Data           4  freertos.o(.bss..L_MergedGlobals)
    ins_taskHandle                           0x200008d8   Data           4  freertos.o(.bss..L_MergedGlobals)
    systemstate_tasHandle                    0x200008dc   Data           4  freertos.o(.bss..L_MergedGlobals)
    dbus_taskHandle                          0x200008e0   Data           4  freertos.o(.bss..L_MergedGlobals)
    vision_taskHandle                        0x200008e4   Data           4  freertos.o(.bss..L_MergedGlobals)
    pxCurrentTCB                             0x200008e8   Data           4  tasks.o(.bss..L_MergedGlobals)
    pit_motor_angle                          0x20000988   Data           4  gimbal_task.o(.bss..L_MergedGlobals.1)
    Vision_Flag                              0x2000098c   Data           4  gimbal_task.o(.bss..L_MergedGlobals.1)
    pit_add                                  0x20000990   Data           4  gimbal_task.o(.bss..L_MergedGlobals.1)
    KF_Gimbal_Pitch                          0x20000994   Data          36  gimbal_task.o(.bss..L_MergedGlobals.1)
    Shoot_speed_mode                         0x200009bc   Data           4  shoot_task.o(.bss..L_MergedGlobals.1)
    stuck_flag                               0x200009c0   Data           4  shoot_task.o(.bss..L_MergedGlobals.1)
    RC_shoot_flag                            0x200009c4   Data           4  shoot_task.o(.bss..L_MergedGlobals.1)
    Key_shoot_flag                           0x200009c8   Data           4  shoot_task.o(.bss..L_MergedGlobals.1)
    speed_tem                                0x200009cc   Data           4  shoot_task.o(.bss..L_MergedGlobals.1)
    stall_back_flag                          0x200009d0   Data           4  shoot_task.o(.bss..L_MergedGlobals.1)
    Trigger_time_num                         0x200009d4   Data           4  shoot_task.o(.bss..L_MergedGlobals.1)
    angle_Err1                               0x200009d8   Data           4  shoot_task.o(.bss..L_MergedGlobals.1)
    speed_Err                                0x200009dc   Data           4  shoot_task.o(.bss..L_MergedGlobals.1)
    Shoot                                    0x200009e4   Data          36  shoot_task.o(.bss..L_MergedGlobals.1)
    ist8310_data                             0x20000a0c   Data           4  ins_task.o(.bss..L_MergedGlobals.1)
    bmi088_data                              0x20000a58   Data          36  ins_task.o(.bss..L_MergedGlobals.1)
    KF_Mouse_Y_Speed                         0x20000a7c   Data          48  bsp_rc.o(.bss..L_MergedGlobals.1)
    INS_Info                                 0x20000b1c   Data          48  ins_task.o(.bss..L_MergedGlobals.2)
    CAN_RxInstance                           0x20000b8c   Data          40  bsp_can.o(.bss.CAN_RxInstance)
    INS_angle                                0x20001534   Data          12  ins_task.o(.bss.INS_angle)
    Key_Info                                 0x20001540   Data         108  bsp_rc.o(.bss.Key_Info)
    UART1_TX_BUF                             0x200015ac   Data          14  bsp_uart.o(.bss.UART1_TX_BUF)
    hcan1                                    0x200015bc   Data          40  can.o(.bss.hcan1)
    hcan2                                    0x200015e4   Data          40  can.o(.bss.hcan2)
    hdma_usart1_rx                           0x2000160c   Data          96  usart.o(.bss.hdma_usart1_rx)
    hdma_usart1_tx                           0x2000166c   Data          96  usart.o(.bss.hdma_usart1_tx)
    hdma_usart3_rx                           0x200016cc   Data          96  usart.o(.bss.hdma_usart3_rx)
    hdma_usart6_rx                           0x2000172c   Data          96  usart.o(.bss.hdma_usart6_rx)
    hdma_usart6_tx                           0x2000178c   Data          96  usart.o(.bss.hdma_usart6_tx)
    hi2c3                                    0x200017ec   Data          84  i2c.o(.bss.hi2c3)
    hspi1                                    0x20001840   Data          88  spi.o(.bss.hspi1)
    htim1                                    0x20001898   Data          72  tim.o(.bss.htim1)
    htim10                                   0x200018e0   Data          72  tim.o(.bss.htim10)
    htim2                                    0x20001928   Data          72  stm32f4xx_hal_timebase_tim.o(.bss.htim2)
    huart1                                   0x20001970   Data          68  usart.o(.bss.huart1)
    huart3                                   0x200019b4   Data          68  usart.o(.bss.huart3)
    huart6                                   0x200019f8   Data          68  usart.o(.bss.huart6)
    imu                                      0x20001a3c   Data          36  bmi088_driver.o(.bss.imu)
    imu_temp_pid                             0x20001a60   Data          80  ins_task.o(.bss.imu_temp_pid)
    key_KF                                   0x20001ab0   Data           4  vision_task.o(.bss.key_KF)
    mpu_data                                 0x20001ab4   Data          32  bmi088_driver.o(.bss.mpu_data)
    robot                                    0x20001b60   Data          20  systemstate_task.o(.bss.robot)
    uwTick                                   0x20005774   Data           4  stm32f4xx_hal.o(.bss.uwTick)



==============================================================================

Memory Map of the image

  Image Entry point : 0x08000189

  Load Region LR_IROM1 (Base: 0x08000000, Size: 0x00008840, Max: 0x00100000, ABSOLUTE, COMPRESSED[0x00008168])

    Execution Region ER_IROM1 (Exec base: 0x08000000, Load base: 0x08000000, Size: 0x00008064, Max: 0x00100000, ABSOLUTE)

    Exec Addr    Load Addr    Size         Type   Attr      Idx    E Section Name        Object

    0x08000000   0x08000000   0x00000188   Data   RO         1879    RESET               startup_stm32f407xx.o
    0x08000188   0x08000188   0x00000008   Code   RO         2605  * !!!main             c_w.l(__main.o)
    0x08000190   0x08000190   0x00000034   Code   RO         2897    !!!scatter          c_w.l(__scatter.o)
    0x080001c4   0x080001c4   0x0000005a   Code   RO         2895    !!dczerorl2         c_w.l(__dczerorl2.o)
    0x0800021e   0x0800021e   0x00000002   PAD
    0x08000220   0x08000220   0x0000001c   Code   RO         2899    !!handler_zi        c_w.l(__scatter_zi.o)
    0x0800023c   0x0800023c   0x00000002   Code   RO         2760    .ARM.Collect$$libinit$$00000000  c_w.l(libinit.o)
    0x0800023e   0x0800023e   0x00000004   Code   RO         2769    .ARM.Collect$$libinit$$00000001  c_w.l(libinit2.o)
    0x08000242   0x08000242   0x00000000   Code   RO         2772    .ARM.Collect$$libinit$$00000004  c_w.l(libinit2.o)
    0x08000242   0x08000242   0x00000000   Code   RO         2774    .ARM.Collect$$libinit$$00000006  c_w.l(libinit2.o)
    0x08000242   0x08000242   0x00000000   Code   RO         2777    .ARM.Collect$$libinit$$0000000C  c_w.l(libinit2.o)
    0x08000242   0x08000242   0x00000000   Code   RO         2779    .ARM.Collect$$libinit$$0000000E  c_w.l(libinit2.o)
    0x08000242   0x08000242   0x00000000   Code   RO         2781    .ARM.Collect$$libinit$$00000010  c_w.l(libinit2.o)
    0x08000242   0x08000242   0x00000000   Code   RO         2784    .ARM.Collect$$libinit$$00000013  c_w.l(libinit2.o)
    0x08000242   0x08000242   0x00000000   Code   RO         2786    .ARM.Collect$$libinit$$00000015  c_w.l(libinit2.o)
    0x08000242   0x08000242   0x00000000   Code   RO         2788    .ARM.Collect$$libinit$$00000017  c_w.l(libinit2.o)
    0x08000242   0x08000242   0x00000000   Code   RO         2790    .ARM.Collect$$libinit$$00000019  c_w.l(libinit2.o)
    0x08000242   0x08000242   0x00000000   Code   RO         2792    .ARM.Collect$$libinit$$0000001B  c_w.l(libinit2.o)
    0x08000242   0x08000242   0x00000000   Code   RO         2794    .ARM.Collect$$libinit$$0000001D  c_w.l(libinit2.o)
    0x08000242   0x08000242   0x00000000   Code   RO         2796    .ARM.Collect$$libinit$$0000001F  c_w.l(libinit2.o)
    0x08000242   0x08000242   0x00000000   Code   RO         2798    .ARM.Collect$$libinit$$00000021  c_w.l(libinit2.o)
    0x08000242   0x08000242   0x00000000   Code   RO         2800    .ARM.Collect$$libinit$$00000023  c_w.l(libinit2.o)
    0x08000242   0x08000242   0x00000000   Code   RO         2802    .ARM.Collect$$libinit$$00000025  c_w.l(libinit2.o)
    0x08000242   0x08000242   0x00000000   Code   RO         2804    .ARM.Collect$$libinit$$00000027  c_w.l(libinit2.o)
    0x08000242   0x08000242   0x00000000   Code   RO         2808    .ARM.Collect$$libinit$$0000002E  c_w.l(libinit2.o)
    0x08000242   0x08000242   0x00000000   Code   RO         2810    .ARM.Collect$$libinit$$00000030  c_w.l(libinit2.o)
    0x08000242   0x08000242   0x00000000   Code   RO         2812    .ARM.Collect$$libinit$$00000032  c_w.l(libinit2.o)
    0x08000242   0x08000242   0x00000000   Code   RO         2814    .ARM.Collect$$libinit$$00000034  c_w.l(libinit2.o)
    0x08000242   0x08000242   0x00000002   Code   RO         2815    .ARM.Collect$$libinit$$00000035  c_w.l(libinit2.o)
    0x08000244   0x08000244   0x00000002   Code   RO         2850    .ARM.Collect$$libshutdown$$00000000  c_w.l(libshutdown.o)
    0x08000246   0x08000246   0x00000000   Code   RO         2878    .ARM.Collect$$libshutdown$$00000002  c_w.l(libshutdown2.o)
    0x08000246   0x08000246   0x00000000   Code   RO         2880    .ARM.Collect$$libshutdown$$00000004  c_w.l(libshutdown2.o)
    0x08000246   0x08000246   0x00000000   Code   RO         2883    .ARM.Collect$$libshutdown$$00000007  c_w.l(libshutdown2.o)
    0x08000246   0x08000246   0x00000000   Code   RO         2886    .ARM.Collect$$libshutdown$$0000000A  c_w.l(libshutdown2.o)
    0x08000246   0x08000246   0x00000000   Code   RO         2888    .ARM.Collect$$libshutdown$$0000000C  c_w.l(libshutdown2.o)
    0x08000246   0x08000246   0x00000000   Code   RO         2891    .ARM.Collect$$libshutdown$$0000000F  c_w.l(libshutdown2.o)
    0x08000246   0x08000246   0x00000002   Code   RO         2892    .ARM.Collect$$libshutdown$$00000010  c_w.l(libshutdown2.o)
    0x08000248   0x08000248   0x00000000   Code   RO         2671    .ARM.Collect$$rtentry$$00000000  c_w.l(__rtentry.o)
    0x08000248   0x08000248   0x00000000   Code   RO         2721    .ARM.Collect$$rtentry$$00000002  c_w.l(__rtentry2.o)
    0x08000248   0x08000248   0x00000006   Code   RO         2733    .ARM.Collect$$rtentry$$00000004  c_w.l(__rtentry4.o)
    0x0800024e   0x0800024e   0x00000000   Code   RO         2723    .ARM.Collect$$rtentry$$00000009  c_w.l(__rtentry2.o)
    0x0800024e   0x0800024e   0x00000004   Code   RO         2724    .ARM.Collect$$rtentry$$0000000A  c_w.l(__rtentry2.o)
    0x08000252   0x08000252   0x00000000   Code   RO         2726    .ARM.Collect$$rtentry$$0000000C  c_w.l(__rtentry2.o)
    0x08000252   0x08000252   0x00000008   Code   RO         2727    .ARM.Collect$$rtentry$$0000000D  c_w.l(__rtentry2.o)
    0x0800025a   0x0800025a   0x00000002   Code   RO         2761    .ARM.Collect$$rtexit$$00000000  c_w.l(rtexit.o)
    0x0800025c   0x0800025c   0x00000000   Code   RO         2821    .ARM.Collect$$rtexit$$00000002  c_w.l(rtexit2.o)
    0x0800025c   0x0800025c   0x00000004   Code   RO         2822    .ARM.Collect$$rtexit$$00000003  c_w.l(rtexit2.o)
    0x08000260   0x08000260   0x00000006   Code   RO         2823    .ARM.Collect$$rtexit$$00000004  c_w.l(rtexit2.o)
    0x08000266   0x08000266   0x00000002   PAD
    0x08000268   0x08000268   0x00000040   Code   RO         1880    .text               startup_stm32f407xx.o
    0x080002a8   0x080002a8   0x000000f0   Code   RO         2593    .text               c_w.l(lludivv7m.o)
    0x08000398   0x08000398   0x00000006   Code   RO         2603    .text               c_w.l(heapauxi.o)
    0x0800039e   0x0800039e   0x00000002   PAD
    0x080003a0   0x080003a0   0x00000008   Code   RO         2744    .text               c_w.l(libspace.o)
    0x080003a8   0x080003a8   0x0000004a   Code   RO         2747    .text               c_w.l(sys_stackheap_outer.o)
    0x080003f2   0x080003f2   0x00000012   Code   RO         2749    .text               c_w.l(exit.o)
    0x08000404   0x08000404   0x0000000c   Code   RO         2816    .text               c_w.l(sys_exit.o)
    0x08000410   0x08000410   0x00000002   Code   RO         2839    .text               c_w.l(use_no_semi.o)
    0x08000412   0x08000412   0x00000000   Code   RO         2841    .text               c_w.l(indicate_semi.o)
    0x08000412   0x08000412   0x00000002   PAD
    0x08000414   0x08000414   0x0000000e   Code   RO          249    .text.BMI088_ACCEL_NS_H  bsp_bmi088.o
    0x08000422   0x08000422   0x00000002   PAD
    0x08000424   0x08000424   0x0000000e   Code   RO          247    .text.BMI088_ACCEL_NS_L  bsp_bmi088.o
    0x08000432   0x08000432   0x00000002   PAD
    0x08000434   0x08000434   0x00000010   Code   RO          253    .text.BMI088_GYRO_NS_H  bsp_bmi088.o
    0x08000444   0x08000444   0x00000010   Code   RO          251    .text.BMI088_GYRO_NS_L  bsp_bmi088.o
    0x08000454   0x08000454   0x00000034   Code   RO          255    .text.BMI088_Read_Write_Byte  bsp_bmi088.o
    0x08000488   0x08000488   0x000001f4   Code   RO          454    .text.BMI088_read   bmi088_driver.o
    0x0800067c   0x0800067c   0x00000002   Code   RO          672    .text.BusFault_Handler  stm32f4xx_it.o
    0x0800067e   0x0800067e   0x00000002   PAD
    0x08000680   0x08000680   0x0000000c   Code   RO          682    .text.CAN1_RX0_IRQHandler  stm32f4xx_it.o
    0x0800068c   0x0800068c   0x0000000c   Code   RO          694    .text.CAN2_RX0_IRQHandler  stm32f4xx_it.o
    0x08000698   0x08000698   0x00000118   Code   RO           94    .text.Chassis_Task  chassis_task.o
    0x080007b0   0x080007b0   0x0000000c   Code   RO          680    .text.DMA1_Stream1_IRQHandler  stm32f4xx_it.o
    0x080007bc   0x080007bc   0x0000000c   Code   RO          690    .text.DMA2_Stream1_IRQHandler  stm32f4xx_it.o
    0x080007c8   0x080007c8   0x0000000c   Code   RO          692    .text.DMA2_Stream2_IRQHandler  stm32f4xx_it.o
    0x080007d4   0x080007d4   0x0000000c   Code   RO          696    .text.DMA2_Stream6_IRQHandler  stm32f4xx_it.o
    0x080007e0   0x080007e0   0x0000000c   Code   RO          698    .text.DMA2_Stream7_IRQHandler  stm32f4xx_it.o
    0x080007ec   0x080007ec   0x0000011a   Code   RO          181    .text.Dbus_Task     dbus_task.o
    0x08000906   0x08000906   0x00000002   PAD
    0x08000908   0x08000908   0x00000002   Code   RO          676    .text.DebugMon_Handler  stm32f4xx_it.o
    0x0800090a   0x0800090a   0x00000002   PAD
    0x0800090c   0x0800090c   0x00000006   Code   RO          678    .text.EXTI4_IRQHandler  stm32f4xx_it.o
    0x08000912   0x08000912   0x00000002   PAD
    0x08000914   0x08000914   0x00000006   Code   RO          684    .text.EXTI9_5_IRQHandler  stm32f4xx_it.o
    0x0800091a   0x0800091a   0x00000002   PAD
    0x0800091c   0x0800091c   0x0000000a   Code   RO          505    .text.Error_Handler  main.o
    0x08000926   0x08000926   0x00000002   PAD
    0x08000928   0x08000928   0x000002d8   Code   RO          111    .text.Gimbal_Task   gimbal_task.o
    0x08000c00   0x08000c00   0x00000002   Code   RO          795    .text.HAL_CAN_ErrorCallback  stm32f4xx_hal_can.o
    0x08000c02   0x08000c02   0x00000002   PAD
    0x08000c04   0x08000c04   0x0000011e   Code   RO          761    .text.HAL_CAN_GetRxMessage  stm32f4xx_hal_can.o
    0x08000d22   0x08000d22   0x00000002   PAD
    0x08000d24   0x08000d24   0x0000025e   Code   RO          769    .text.HAL_CAN_IRQHandler  stm32f4xx_hal_can.o
    0x08000f82   0x08000f82   0x00000002   PAD
    0x08000f84   0x08000f84   0x000000f4   Code   RO          731    .text.HAL_CAN_Init  stm32f4xx_hal_can.o
    0x08001078   0x08001078   0x0000011e   Code   RO          566    .text.HAL_CAN_MspInit  can.o
    0x08001196   0x08001196   0x00000002   PAD
    0x08001198   0x08001198   0x00000002   Code   RO          783    .text.HAL_CAN_RxFifo0FullCallback  stm32f4xx_hal_can.o
    0x0800119a   0x0800119a   0x00000002   PAD
    0x0800119c   0x0800119c   0x00000098   Code   RO          277    .text.HAL_CAN_RxFifo0MsgPendingCallback  bsp_can.o
    0x08001234   0x08001234   0x00000002   Code   RO          787    .text.HAL_CAN_RxFifo1FullCallback  stm32f4xx_hal_can.o
    0x08001236   0x08001236   0x00000002   PAD
    0x08001238   0x08001238   0x00000002   Code   RO          789    .text.HAL_CAN_RxFifo1MsgPendingCallback  stm32f4xx_hal_can.o
    0x0800123a   0x0800123a   0x00000002   PAD
    0x0800123c   0x0800123c   0x00000002   Code   RO          791    .text.HAL_CAN_SleepCallback  stm32f4xx_hal_can.o
    0x0800123e   0x0800123e   0x00000002   PAD
    0x08001240   0x08001240   0x00000002   Code   RO          773    .text.HAL_CAN_TxMailbox0AbortCallback  stm32f4xx_hal_can.o
    0x08001242   0x08001242   0x00000002   PAD
    0x08001244   0x08001244   0x00000002   Code   RO          771    .text.HAL_CAN_TxMailbox0CompleteCallback  stm32f4xx_hal_can.o
    0x08001246   0x08001246   0x00000002   PAD
    0x08001248   0x08001248   0x00000002   Code   RO          777    .text.HAL_CAN_TxMailbox1AbortCallback  stm32f4xx_hal_can.o
    0x0800124a   0x0800124a   0x00000002   PAD
    0x0800124c   0x0800124c   0x00000002   Code   RO          775    .text.HAL_CAN_TxMailbox1CompleteCallback  stm32f4xx_hal_can.o
    0x0800124e   0x0800124e   0x00000002   PAD
    0x08001250   0x08001250   0x00000002   Code   RO          781    .text.HAL_CAN_TxMailbox2AbortCallback  stm32f4xx_hal_can.o
    0x08001252   0x08001252   0x00000002   PAD
    0x08001254   0x08001254   0x00000002   Code   RO          779    .text.HAL_CAN_TxMailbox2CompleteCallback  stm32f4xx_hal_can.o
    0x08001256   0x08001256   0x00000002   PAD
    0x08001258   0x08001258   0x00000002   Code   RO          793    .text.HAL_CAN_WakeUpFromRxMsgCallback  stm32f4xx_hal_can.o
    0x0800125a   0x0800125a   0x00000002   PAD
    0x0800125c   0x0800125c   0x0000008e   Code   RO          967    .text.HAL_DMA_Abort  stm32f4xx_hal_dma.o
    0x080012ea   0x080012ea   0x00000002   PAD
    0x080012ec   0x080012ec   0x00000024   Code   RO          969    .text.HAL_DMA_Abort_IT  stm32f4xx_hal_dma.o
    0x08001310   0x08001310   0x000001c0   Code   RO          973    .text.HAL_DMA_IRQHandler  stm32f4xx_hal_dma.o
    0x080014d0   0x080014d0   0x00000162   Code   RO          959    .text.HAL_DMA_Init  stm32f4xx_hal_dma.o
    0x08001632   0x08001632   0x00000002   PAD
    0x08001634   0x08001634   0x0000009e   Code   RO          965    .text.HAL_DMA_Start_IT  stm32f4xx_hal_dma.o
    0x080016d2   0x080016d2   0x00000002   PAD
    0x080016d4   0x080016d4   0x00000002   Code   RO          935    .text.HAL_GPIO_EXTI_Callback  stm32f4xx_hal_gpio.o
    0x080016d6   0x080016d6   0x00000002   PAD
    0x080016d8   0x080016d8   0x00000016   Code   RO          933    .text.HAL_GPIO_EXTI_IRQHandler  stm32f4xx_hal_gpio.o
    0x080016ee   0x080016ee   0x00000002   PAD
    0x080016f0   0x080016f0   0x000001a6   Code   RO          921    .text.HAL_GPIO_Init  stm32f4xx_hal_gpio.o
    0x08001896   0x08001896   0x00000002   PAD
    0x08001898   0x08001898   0x0000000a   Code   RO          927    .text.HAL_GPIO_WritePin  stm32f4xx_hal_gpio.o
    0x080018a2   0x080018a2   0x00000002   PAD
    0x080018a4   0x080018a4   0x0000000c   Code   RO         1112    .text.HAL_GetTick   stm32f4xx_hal.o
    0x080018b0   0x080018b0   0x00000176   Code   RO         1190    .text.HAL_I2C_Init  stm32f4xx_hal_i2c.o
    0x08001a26   0x08001a26   0x00000002   PAD
    0x08001a28   0x08001a28   0x000000aa   Code   RO          592    .text.HAL_I2C_MspInit  i2c.o
    0x08001ad2   0x08001ad2   0x00000002   PAD
    0x08001ad4   0x08001ad4   0x0000001a   Code   RO         1110    .text.HAL_IncTick   stm32f4xx_hal.o
    0x08001aee   0x08001aee   0x00000002   PAD
    0x08001af0   0x08001af0   0x00000036   Code   RO         1100    .text.HAL_Init      stm32f4xx_hal.o
    0x08001b26   0x08001b26   0x00000002   PAD
    0x08001b28   0x08001b28   0x000000b8   Code   RO          716    .text.HAL_InitTick  stm32f4xx_hal_timebase_tim.o
    0x08001be0   0x08001be0   0x00000042   Code   RO          707    .text.HAL_MspInit   stm32f4xx_hal_msp.o
    0x08001c22   0x08001c22   0x00000002   PAD
    0x08001c24   0x08001c24   0x00000026   Code   RO         1058    .text.HAL_NVIC_EnableIRQ  stm32f4xx_hal_cortex.o
    0x08001c4a   0x08001c4a   0x00000002   PAD
    0x08001c4c   0x08001c4c   0x00000056   Code   RO         1056    .text.HAL_NVIC_SetPriority  stm32f4xx_hal_cortex.o
    0x08001ca2   0x08001ca2   0x00000002   PAD
    0x08001ca4   0x08001ca4   0x00000020   Code   RO         1054    .text.HAL_NVIC_SetPriorityGrouping  stm32f4xx_hal_cortex.o
    0x08001cc4   0x08001cc4   0x00000160   Code   RO          815    .text.HAL_RCC_ClockConfig  stm32f4xx_hal_rcc.o
    0x08001e24   0x08001e24   0x0000003e   Code   RO          833    .text.HAL_RCC_GetClockConfig  stm32f4xx_hal_rcc.o
    0x08001e62   0x08001e62   0x00000002   PAD
    0x08001e64   0x08001e64   0x00000026   Code   RO          827    .text.HAL_RCC_GetPCLK1Freq  stm32f4xx_hal_rcc.o
    0x08001e8a   0x08001e8a   0x00000002   PAD
    0x08001e8c   0x08001e8c   0x00000026   Code   RO          829    .text.HAL_RCC_GetPCLK2Freq  stm32f4xx_hal_rcc.o
    0x08001eb2   0x08001eb2   0x00000002   PAD
    0x08001eb4   0x08001eb4   0x0000006a   Code   RO          817    .text.HAL_RCC_GetSysClockFreq  stm32f4xx_hal_rcc.o
    0x08001f1e   0x08001f1e   0x00000002   PAD
    0x08001f20   0x08001f20   0x00000374   Code   RO          813    .text.HAL_RCC_OscConfig  stm32f4xx_hal_rcc.o
    0x08002294   0x08002294   0x000000b4   Code   RO         1325    .text.HAL_SPI_Init  stm32f4xx_hal_spi.o
    0x08002348   0x08002348   0x000000a2   Code   RO          607    .text.HAL_SPI_MspInit  spi.o
    0x080023ea   0x080023ea   0x00000002   PAD
    0x080023ec   0x080023ec   0x00000318   Code   RO         1337    .text.HAL_SPI_TransmitReceive  stm32f4xx_hal_spi.o
    0x08002704   0x08002704   0x00000002   Code   RO         1744    .text.HAL_TIMEx_BreakCallback  stm32f4xx_hal_tim_ex.o
    0x08002706   0x08002706   0x00000002   PAD
    0x08002708   0x08002708   0x00000002   Code   RO         1740    .text.HAL_TIMEx_CommutCallback  stm32f4xx_hal_tim_ex.o
    0x0800270a   0x0800270a   0x00000002   PAD
    0x0800270c   0x0800270c   0x0000004c   Code   RO         1736    .text.HAL_TIMEx_ConfigBreakDeadTime  stm32f4xx_hal_tim_ex.o
    0x08002758   0x08002758   0x000000b6   Code   RO         1734    .text.HAL_TIMEx_MasterConfigSynchronization  stm32f4xx_hal_tim_ex.o
    0x0800280e   0x0800280e   0x00000002   PAD
    0x08002810   0x08002810   0x0000005a   Code   RO         1439    .text.HAL_TIM_Base_Init  stm32f4xx_hal_tim.o
    0x0800286a   0x0800286a   0x00000002   PAD
    0x0800286c   0x0800286c   0x0000005e   Code   RO          626    .text.HAL_TIM_Base_MspInit  tim.o
    0x080028ca   0x080028ca   0x00000002   PAD
    0x080028cc   0x080028cc   0x000000aa   Code   RO         1453    .text.HAL_TIM_Base_Start_IT  stm32f4xx_hal_tim.o
    0x08002976   0x08002976   0x00000002   PAD
    0x08002978   0x08002978   0x0000019c   Code   RO         1619    .text.HAL_TIM_ConfigClockSource  stm32f4xx_hal_tim.o
    0x08002b14   0x08002b14   0x00000002   Code   RO         1575    .text.HAL_TIM_IC_CaptureCallback  stm32f4xx_hal_tim.o
    0x08002b16   0x08002b16   0x00000002   PAD
    0x08002b18   0x08002b18   0x00000170   Code   RO         1573    .text.HAL_TIM_IRQHandler  stm32f4xx_hal_tim.o
    0x08002c88   0x08002c88   0x00000002   Code   RO         1577    .text.HAL_TIM_OC_DelayElapsedCallback  stm32f4xx_hal_tim.o
    0x08002c8a   0x08002c8a   0x00000002   PAD
    0x08002c8c   0x08002c8c   0x00000222   Code   RO         1593    .text.HAL_TIM_PWM_ConfigChannel  stm32f4xx_hal_tim.o
    0x08002eae   0x08002eae   0x00000002   PAD
    0x08002eb0   0x08002eb0   0x0000005a   Code   RO         1493    .text.HAL_TIM_PWM_Init  stm32f4xx_hal_tim.o
    0x08002f0a   0x08002f0a   0x00000002   PAD
    0x08002f0c   0x08002f0c   0x00000002   Code   RO         1495    .text.HAL_TIM_PWM_MspInit  stm32f4xx_hal_tim.o
    0x08002f0e   0x08002f0e   0x00000002   PAD
    0x08002f10   0x08002f10   0x00000002   Code   RO         1579    .text.HAL_TIM_PWM_PulseFinishedCallback  stm32f4xx_hal_tim.o
    0x08002f12   0x08002f12   0x00000002   PAD
    0x08002f14   0x08002f14   0x0000000e   Code   RO          507    .text.HAL_TIM_PeriodElapsedCallback  main.o
    0x08002f22   0x08002f22   0x00000002   PAD
    0x08002f24   0x08002f24   0x00000002   Code   RO         1583    .text.HAL_TIM_TriggerCallback  stm32f4xx_hal_tim.o
    0x08002f26   0x08002f26   0x00000002   PAD
    0x08002f28   0x08002f28   0x00000014   Code   RO          237    .text.HAL_UARTEx_RxEventCallback  bsp.o
    0x08002f3c   0x08002f3c   0x00000002   Code   RO         1840    .text.HAL_UART_ErrorCallback  stm32f4xx_hal_uart.o
    0x08002f3e   0x08002f3e   0x00000002   PAD
    0x08002f40   0x08002f40   0x00000564   Code   RO         1834    .text.HAL_UART_IRQHandler  stm32f4xx_hal_uart.o
    0x080034a4   0x080034a4   0x0000005e   Code   RO         1758    .text.HAL_UART_Init  stm32f4xx_hal_uart.o
    0x08003502   0x08003502   0x00000002   PAD
    0x08003504   0x08003504   0x000002d4   Code   RO          646    .text.HAL_UART_MspInit  usart.o
    0x080037d8   0x080037d8   0x00000002   Code   RO         1848    .text.HAL_UART_RxCpltCallback  stm32f4xx_hal_uart.o
    0x080037da   0x080037da   0x00000002   PAD
    0x080037dc   0x080037dc   0x000000c8   Code   RO         1784    .text.HAL_UART_Transmit_DMA  stm32f4xx_hal_uart.o
    0x080038a4   0x080038a4   0x00000002   Code   RO         1844    .text.HAL_UART_TxCpltCallback  stm32f4xx_hal_uart.o
    0x080038a6   0x080038a6   0x00000002   PAD
    0x080038a8   0x080038a8   0x00000002   Code   RO         1846    .text.HAL_UART_TxHalfCpltCallback  stm32f4xx_hal_uart.o
    0x080038aa   0x080038aa   0x00000002   PAD
    0x080038ac   0x080038ac   0x00000002   Code   RO          668    .text.HardFault_Handler  stm32f4xx_it.o
    0x080038ae   0x080038ae   0x00000002   PAD
    0x080038b0   0x080038b0   0x0000000e   Code   RO          407    .text.Heat_Power_Ctl  bsp_tim.o
    0x080038be   0x080038be   0x00000002   PAD
    0x080038c0   0x080038c0   0x00000f0a   Code   RO          150    .text.INS_Task      ins_task.o
    0x080047ca   0x080047ca   0x00000002   PAD
    0x080047cc   0x080047cc   0x00000056   Code   RO           48    .text.KalmanFilterCalc  filter.o
    0x08004822   0x08004822   0x00000002   PAD
    0x08004824   0x08004824   0x000000d2   Code   RO          375    .text.Key_B         bsp_rc.o
    0x080048f6   0x080048f6   0x00000002   PAD
    0x080048f8   0x080048f8   0x000000bc   Code   RO          359    .text.Key_E         bsp_rc.o
    0x080049b4   0x080049b4   0x000000ae   Code   RO          363    .text.Key_F         bsp_rc.o
    0x08004a62   0x08004a62   0x00000002   PAD
    0x08004a64   0x08004a64   0x000000ae   Code   RO          357    .text.Key_Q         bsp_rc.o
    0x08004b12   0x08004b12   0x00000002   PAD
    0x08004b14   0x08004b14   0x000000a4   Code   RO          361    .text.Key_R         bsp_rc.o
    0x08004bb8   0x08004bb8   0x000000a6   Code   RO          355    .text.Key_SHIFT     bsp_rc.o
    0x08004c5e   0x08004c5e   0x00000002   PAD
    0x08004c60   0x08004c60   0x000000de   Code   RO          377    .text.Key_mouse_l   bsp_rc.o
    0x08004d3e   0x08004d3e   0x00000002   PAD
    0x08004d40   0x08004d40   0x000000de   Code   RO          379    .text.Key_mouse_r   bsp_rc.o
    0x08004e1e   0x08004e1e   0x00000002   PAD
    0x08004e20   0x08004e20   0x00000048   Code   RO          562    .text.MX_CAN1_Init  can.o
    0x08004e68   0x08004e68   0x00000048   Code   RO          564    .text.MX_CAN2_Init  can.o
    0x08004eb0   0x08004eb0   0x0000008c   Code   RO          581    .text.MX_DMA_Init   dma.o
    0x08004f3c   0x08004f3c   0x000001bc   Code   RO          529    .text.MX_FREERTOS_Init  freertos.o
    0x080050f8   0x080050f8   0x0000015a   Code   RO          518    .text.MX_GPIO_Init  gpio.o
    0x08005252   0x08005252   0x00000002   PAD
    0x08005254   0x08005254   0x00000042   Code   RO          590    .text.MX_I2C3_Init  i2c.o
    0x08005296   0x08005296   0x00000002   PAD
    0x08005298   0x08005298   0x0000004c   Code   RO          605    .text.MX_SPI1_Init  spi.o
    0x080052e4   0x080052e4   0x000000ee   Code   RO          624    .text.MX_TIM10_Init  tim.o
    0x080053d2   0x080053d2   0x00000002   PAD
    0x080053d4   0x080053d4   0x000001a6   Code   RO          620    .text.MX_TIM1_Init  tim.o
    0x0800557a   0x0800557a   0x00000002   PAD
    0x0800557c   0x0800557c   0x0000003c   Code   RO          640    .text.MX_USART1_UART_Init  usart.o
    0x080055b8   0x080055b8   0x00000040   Code   RO          642    .text.MX_USART3_UART_Init  usart.o
    0x080055f8   0x080055f8   0x0000003c   Code   RO          644    .text.MX_USART6_UART_Init  usart.o
    0x08005634   0x08005634   0x00000002   Code   RO          670    .text.MemManage_Handler  stm32f4xx_it.o
    0x08005636   0x08005636   0x00000002   PAD
    0x08005638   0x08005638   0x00000002   Code   RO          666    .text.NMI_Handler   stm32f4xx_it.o
    0x0800563a   0x0800563a   0x00000002   PAD
    0x0800563c   0x0800563c   0x00000058   Code   RO           80    .text.PID_Init      pid.o
    0x08005694   0x08005694   0x00000036   Code   RO           74    .text.PID_Init_ByParamArray  pid.o
    0x080056ca   0x080056ca   0x00000002   PAD
    0x080056cc   0x080056cc   0x00000014   Code   RO           82    .text.PID_clear     pid.o
    0x080056e0   0x080056e0   0x0000003c   Code   RO           76    .text.PID_param_init  pid.o
    0x0800571c   0x0800571c   0x00000004   PAD
    0x08005720   0x08005720   0x00000064   Code   RO         2312    .text.PendSV_Handler  port.o
    0x08005784   0x08005784   0x00000210   Code   RO          339    .text.Remote_Control_RxEvent  bsp_rc.o
    0x08005994   0x08005994   0x000000e4   Code   RO         1429    .text.SPI_WaitFlagStateUntilTimeout  stm32f4xx_hal_spi.o
    0x08005a78   0x08005a78   0x00000008   PAD
    0x08005a80   0x08005a80   0x00000024   Code   RO         2296    .text.SVC_Handler   port.o
    0x08005aa4   0x08005aa4   0x00000076   Code   RO          167    .text.SYSTEMSTATE_TASK  systemstate_task.o
    0x08005b1a   0x08005b1a   0x00000002   PAD
    0x08005b1c   0x08005b1c   0x00000740   Code   RO          128    .text.Shoot_Task    shoot_task.o
    0x0800625c   0x0800625c   0x00000008   Code   RO          531    .text.StartDefaultTask  freertos.o
    0x08006264   0x08006264   0x0000002e   Code   RO         2314    .text.SysTick_Handler  port.o
    0x08006292   0x08006292   0x00000002   PAD
    0x08006294   0x08006294   0x000000b0   Code   RO          503    .text.SystemClock_Config  main.o
    0x08006344   0x08006344   0x00000012   Code   RO         1887    .text.SystemInit    system_stm32f4xx.o
    0x08006356   0x08006356   0x00000002   PAD
    0x08006358   0x08006358   0x0000000c   Code   RO          686    .text.TIM2_IRQHandler  stm32f4xx_it.o
    0x08006364   0x08006364   0x0000013c   Code   RO         1443    .text.TIM_Base_SetConfig  stm32f4xx_hal_tim.o
    0x080064a0   0x080064a0   0x0000000c   Code   RO         1838    .text.UART_DMAAbortOnError  stm32f4xx_hal_uart.o
    0x080064ac   0x080064ac   0x0000017c   Code   RO         1790    .text.UART_DMAError  stm32f4xx_hal_uart.o
    0x08006628   0x08006628   0x000000b0   Code   RO         1786    .text.UART_DMATransmitCplt  stm32f4xx_hal_uart.o
    0x080066d8   0x080066d8   0x00000006   Code   RO         1788    .text.UART_DMATxHalfCplt  stm32f4xx_hal_uart.o
    0x080066de   0x080066de   0x00000002   PAD
    0x080066e0   0x080066e0   0x000000fe   Code   RO         1836    .text.UART_Receive_IT  stm32f4xx_hal_uart.o
    0x080067de   0x080067de   0x00000002   PAD
    0x080067e0   0x080067e0   0x000000ee   Code   RO         1762    .text.UART_SetConfig  stm32f4xx_hal_uart.o
    0x080068ce   0x080068ce   0x00000002   PAD
    0x080068d0   0x080068d0   0x0000000c   Code   RO          688    .text.USART3_IRQHandler  stm32f4xx_it.o
    0x080068dc   0x080068dc   0x00000002   Code   RO          674    .text.UsageFault_Handler  stm32f4xx_it.o
    0x080068de   0x080068de   0x00000002   PAD
    0x080068e0   0x080068e0   0x00000160   Code   RO          190    .text.VISION_TASK   vision_task.o
    0x08006a40   0x08006a40   0x00000012   Code   RO           92    .text.chassis_Mode_Handoff  chassis_task.o
    0x08006a52   0x08006a52   0x00000002   PAD
    0x08006a54   0x08006a54   0x00000180   Code   RO           78    .text.f_PID_Calculate  pid.o
    0x08006bd4   0x08006bd4   0x000001f0   Code   RO          480    .text.get_DJI_Motor_Info  motor.o
    0x08006dc4   0x08006dc4   0x0000003e   Code   RO          501    .text.main          main.o
    0x08006e02   0x08006e02   0x00000002   PAD
    0x08006e04   0x08006e04   0x00000010   Code   RO         2174    .text.osDelay       cmsis_os.o
    0x08006e14   0x08006e14   0x00000010   Code   RO         2240    .text.osDelayUntil  cmsis_os.o
    0x08006e24   0x08006e24   0x0000000a   Code   RO         2156    .text.osKernelStart  cmsis_os.o
    0x08006e2e   0x08006e2e   0x00000002   PAD
    0x08006e30   0x08006e30   0x00000010   Code   RO         2160    .text.osKernelSysTick  cmsis_os.o
    0x08006e40   0x08006e40   0x0000005c   Code   RO         2162    .text.osThreadCreate  cmsis_os.o
    0x08006e9c   0x08006e9c   0x000000fc   Code   RO         2052    .text.prvAddNewTaskToReadyList  tasks.o
    0x08006f98   0x08006f98   0x00000086   Code   RO         2084    .text.prvIdleTask   tasks.o
    0x0800701e   0x0800701e   0x00000002   PAD
    0x08007020   0x08007020   0x00000118   Code   RO         2050    .text.prvInitialiseNewTask  tasks.o
    0x08007138   0x08007138   0x00000028   Code   RO         2304    .text.prvPortStartFirstTask  port.o
    0x08007160   0x08007160   0x0000003e   Code   RO         2294    .text.prvTaskExitError  port.o
    0x0800719e   0x0800719e   0x00000002   PAD
    0x080071a0   0x080071a0   0x0000020a   Code   RO         2270    .text.pvPortMalloc  heap_4.o
    0x080073aa   0x080073aa   0x00000002   PAD
    0x080073ac   0x080073ac   0x00000028   Code   RO         2292    .text.pxPortInitialiseStack  port.o
    0x080073d4   0x080073d4   0x0000002a   Code   RO          337    .text.rc_ctrl_monitor  bsp_rc.o
    0x080073fe   0x080073fe   0x00000002   PAD
    0x08007400   0x08007400   0x00000024   Code   RO         1939    .text.uxListRemove  list.o
    0x08007424   0x08007424   0x0000001a   Code   RO          527    .text.vApplicationGetIdleTaskMemory  freertos.o
    0x0800743e   0x0800743e   0x00000002   PAD
    0x08007440   0x08007440   0x00000016   Code   RO         1931    .text.vListInitialise  list.o
    0x08007456   0x08007456   0x00000002   PAD
    0x08007458   0x08007458   0x00000006   Code   RO         1933    .text.vListInitialiseItem  list.o
    0x0800745e   0x0800745e   0x00000002   PAD
    0x08007460   0x08007460   0x00000062   Code   RO         1937    .text.vListInsert   list.o
    0x080074c2   0x080074c2   0x00000002   PAD
    0x080074c4   0x080074c4   0x0000001c   Code   RO         1935    .text.vListInsertEnd  list.o
    0x080074e0   0x080074e0   0x00000014   Code   RO         2302    .text.vPortEnableVFP  port.o
    0x080074f4   0x080074f4   0x00000046   Code   RO         2308    .text.vPortEnterCritical  port.o
    0x0800753a   0x0800753a   0x00000002   PAD
    0x0800753c   0x0800753c   0x0000002e   Code   RO         2310    .text.vPortExitCritical  port.o
    0x0800756a   0x0800756a   0x00000002   PAD
    0x0800756c   0x0800756c   0x000000d4   Code   RO         2272    .text.vPortFree     heap_4.o
    0x08007640   0x08007640   0x00000034   Code   RO         2300    .text.vPortSetupTimerInterrupt  port.o
    0x08007674   0x08007674   0x0000005e   Code   RO         2316    .text.vPortValidateInterruptPriority  port.o
    0x080076d2   0x080076d2   0x00000002   PAD
    0x080076d4   0x080076d4   0x0000009e   Code   RO         2066    .text.vTaskDelay    tasks.o
    0x08007772   0x08007772   0x00000002   PAD
    0x08007774   0x08007774   0x000000e6   Code   RO         2058    .text.vTaskDelayUntil  tasks.o
    0x0800785a   0x0800785a   0x00000002   PAD
    0x0800785c   0x0800785c   0x000000cc   Code   RO         2082    .text.vTaskStartScheduler  tasks.o
    0x08007928   0x08007928   0x00000010   Code   RO         2060    .text.vTaskSuspendAll  tasks.o
    0x08007938   0x08007938   0x0000006e   Code   RO         2076    .text.vTaskSwitchContext  tasks.o
    0x080079a6   0x080079a6   0x00000002   PAD
    0x080079a8   0x080079a8   0x00000184   Code   RO         2298    .text.xPortStartScheduler  port.o
    0x08007b2c   0x08007b2c   0x00000060   Code   RO         2054    .text.xTaskCreate   tasks.o
    0x08007b8c   0x08007b8c   0x00000076   Code   RO         2048    .text.xTaskCreateStatic  tasks.o
    0x08007c02   0x08007c02   0x00000002   PAD
    0x08007c04   0x08007c04   0x0000000c   Code   RO         2090    .text.xTaskGetTickCount  tasks.o
    0x08007c10   0x08007c10   0x00000012   Code   RO         2092    .text.xTaskGetTickCountFromISR  tasks.o
    0x08007c22   0x08007c22   0x00000002   PAD
    0x08007c24   0x08007c24   0x00000106   Code   RO         2088    .text.xTaskIncrementTick  tasks.o
    0x08007d2a   0x08007d2a   0x00000002   PAD
    0x08007d2c   0x08007d2c   0x000000ea   Code   RO         2064    .text.xTaskResumeAll  tasks.o
    0x08007e16   0x08007e16   0x0000001a   Code   RO         2833    x$fpl$fpinit        fz_wm.l(fpinit.o)
    0x08007e30   0x08007e30   0x0000001c   Data   RO          551    .rodata..L__const.MX_FREERTOS_Init.os_thread_def_chassis_task  freertos.o
    0x08007e4c   0x08007e4c   0x0000001c   Data   RO          550    .rodata..L__const.MX_FREERTOS_Init.os_thread_def_defaultTask  freertos.o
    0x08007e68   0x08007e68   0x0000001c   Data   RO          552    .rodata..L__const.MX_FREERTOS_Init.os_thread_def_gimbal_task  freertos.o
    0x08007e84   0x08007e84   0x00000010   Data   RO         1892    .rodata.AHBPrescTable  system_stm32f4xx.o
    0x08007e94   0x08007e94   0x00000008   Data   RO         1893    .rodata.APBPrescTable  system_stm32f4xx.o
    0x08007e9c   0x08007e9c   0x00000140   Data   RO          155    .rodata.Eff         ins_task.o
    0x08007fdc   0x08007fdc   0x00000008   Data   RO          983    .rodata.cst8        stm32f4xx_hal_dma.o
    0x08007fe4   0x08007fe4   0x0000005f   Data   RO          549    .rodata.str1.1      freertos.o
    0x08008043   0x08008043   0x00000001   PAD
    0x08008044   0x08008044   0x00000020   Data   RO         2894    Region$$Table       anon$$obj.o


    Execution Region RW_IRAM1 (Exec base: 0x20000000, Load base: 0x08008068, Size: 0x00005fd0, Max: 0x0001c000, ABSOLUTE, COMPRESSED[0x00000100])

    Exec Addr    Load Addr    Size         Type   Attr      Idx    E Section Name        Object

    0x20000000   COMPRESSED   0x00000024   Data   RW          102    .data..L_MergedGlobals  chassis_task.o
    0x20000024   COMPRESSED   0x00000034   Data   RW          118    .data..L_MergedGlobals  gimbal_task.o
    0x20000058   COMPRESSED   0x0000004c   Data   RW          140    .data..L_MergedGlobals  shoot_task.o
    0x200000a4   COMPRESSED   0x00000060   Data   RW          156    .data..L_MergedGlobals  ins_task.o
    0x20000104   COMPRESSED   0x00000008   Data   RW         1155    .data..L_MergedGlobals  stm32f4xx_hal.o
    0x2000010c   COMPRESSED   0x000001f8   Data   RW          282    .data.CAN_TxMsg     bsp_can.o
    0x20000304   COMPRESSED   0x000003fc   Data   RW          482    .data.DJI_Motor     motor.o
    0x20000700   COMPRESSED   0x00000020   Data   RW          280    .data.H             bsp_can.o
    0x20000720   COMPRESSED   0x00000020   Data   RW          279    .data.L             bsp_can.o
    0x20000740   COMPRESSED   0x00000004   Data   RW         1891    .data.SystemCoreClock  system_stm32f4xx.o
    0x20000744   COMPRESSED   0x00000060   Data   RW          136    .data.trigger_PID_Param  shoot_task.o
    0x200007a4   COMPRESSED   0x00000004   Data   RW         2318    .data.uxCriticalNesting  port.o
    0x200007a8   COMPRESSED   0x0000002c   Data   RW          194    .data.vision        vision_task.o
    0x200007d4   COMPRESSED   0x00000004   PAD
    0x200007d8        -       0x00000060   Zero   RW         2745    .bss                c_w.l(libspace.o)
    0x20000838        -       0x0000005c   Zero   RW          384    .bss..L_MergedGlobals  bsp_rc.o
    0x20000894        -       0x00000034   Zero   RW          493    .bss..L_MergedGlobals  vision.o
    0x200008c8        -       0x00000020   Zero   RW          553    .bss..L_MergedGlobals  freertos.o
    0x200008e8        -       0x00000078   Zero   RW         2145    .bss..L_MergedGlobals  tasks.o
    0x20000960        -       0x00000020   Zero   RW         2283    .bss..L_MergedGlobals  heap_4.o
    0x20000980        -       0x00000008   Zero   RW         2319    .bss..L_MergedGlobals  port.o
    0x20000988        -       0x00000030   Zero   RW          119    .bss..L_MergedGlobals.1  gimbal_task.o
    0x200009b8        -       0x00000050   Zero   RW          141    .bss..L_MergedGlobals.1  shoot_task.o
    0x20000a08        -       0x00000074   Zero   RW          157    .bss..L_MergedGlobals.1  ins_task.o
    0x20000a7c        -       0x00000078   Zero   RW          385    .bss..L_MergedGlobals.1  bsp_rc.o
    0x20000af4        -       0x00000028   Zero   RW         2146    .bss..L_MergedGlobals.1  tasks.o
    0x20000b1c        -       0x00000070   Zero   RW          158    .bss..L_MergedGlobals.2  ins_task.o
    0x20000b8c        -       0x00000028   Zero   RW          281    .bss.CAN_RxInstance  bsp_can.o
    0x20000bb4        -       0x00000001   Zero   RW          101    .bss.Chassis_ctrl.stuck_signal  chassis_task.o
    0x20000bb5   COMPRESSED   0x00000003   PAD
    0x20000bb8        -       0x00000004   Zero   RW          572    .bss.HAL_RCC_CAN1_CLK_ENABLED  can.o
    0x20000bbc        -       0x00000978   Zero   RW          154    .bss.IMU_getValues.BMI088_FIFO  ins_task.o
    0x20001534        -       0x0000000c   Zero   RW          152    .bss.INS_angle      ins_task.o
    0x20001540        -       0x0000006c   Zero   RW          383    .bss.Key_Info       bsp_rc.o
    0x200015ac        -       0x0000000e   Zero   RW          423    .bss.UART1_TX_BUF   bsp_uart.o
    0x200015ba   COMPRESSED   0x00000002   PAD
    0x200015bc        -       0x00000028   Zero   RW          570    .bss.hcan1          can.o
    0x200015e4        -       0x00000028   Zero   RW          571    .bss.hcan2          can.o
    0x2000160c        -       0x00000060   Zero   RW          653    .bss.hdma_usart1_rx  usart.o
    0x2000166c        -       0x00000060   Zero   RW          654    .bss.hdma_usart1_tx  usart.o
    0x200016cc        -       0x00000060   Zero   RW          655    .bss.hdma_usart3_rx  usart.o
    0x2000172c        -       0x00000060   Zero   RW          656    .bss.hdma_usart6_rx  usart.o
    0x2000178c        -       0x00000060   Zero   RW          657    .bss.hdma_usart6_tx  usart.o
    0x200017ec        -       0x00000054   Zero   RW          596    .bss.hi2c3          i2c.o
    0x20001840        -       0x00000058   Zero   RW          611    .bss.hspi1          spi.o
    0x20001898        -       0x00000048   Zero   RW          630    .bss.htim1          tim.o
    0x200018e0        -       0x00000048   Zero   RW          631    .bss.htim10         tim.o
    0x20001928        -       0x00000048   Zero   RW          722    .bss.htim2          stm32f4xx_hal_timebase_tim.o
    0x20001970        -       0x00000044   Zero   RW          650    .bss.huart1         usart.o
    0x200019b4        -       0x00000044   Zero   RW          651    .bss.huart3         usart.o
    0x200019f8        -       0x00000044   Zero   RW          652    .bss.huart6         usart.o
    0x20001a3c        -       0x00000024   Zero   RW          457    .bss.imu            bmi088_driver.o
    0x20001a60        -       0x00000050   Zero   RW          153    .bss.imu_temp_pid   ins_task.o
    0x20001ab0        -       0x00000004   Zero   RW          198    .bss.key_KF         vision_task.o
    0x20001ab4        -       0x00000020   Zero   RW          456    .bss.mpu_data       bmi088_driver.o
    0x20001ad4        -       0x0000008c   Zero   RW         2144    .bss.pxReadyTasksLists  tasks.o
    0x20001b60        -       0x00000014   Zero   RW          171    .bss.robot          systemstate_task.o
    0x20001b74        -       0x00003c00   Zero   RW         2282    .bss.ucHeap         heap_4.o
    0x20005774        -       0x00000004   Zero   RW         1154    .bss.uwTick         stm32f4xx_hal.o
    0x20005778        -       0x00000200   Zero   RW          548    .bss.xIdleStack     freertos.o
    0x20005978        -       0x00000054   Zero   RW          547    .bss.xIdleTaskTCBBuffer  freertos.o
    0x200059cc   COMPRESSED   0x00000004   PAD
    0x200059d0        -       0x00000200   Zero   RW         1878    HEAP                startup_stm32f407xx.o
    0x20005bd0        -       0x00000400   Zero   RW         1877    STACK               startup_stm32f407xx.o


    Execution Region RW_IRAM2 (Exec base: 0x2001c000, Load base: 0x08008168, Size: 0x00000000, Max: 0x00004000, ABSOLUTE)

    **** No section assigned to this execution region ****


==============================================================================

Image component sizes


      Code (inc. data)   RO Data    RW Data    ZI Data      Debug   Object Name

       500          8          0          0         68       8885   bmi088_driver.o
        20          0          0          0          0       3444   bsp.o
       112          0          0          0          0       5306   bsp_bmi088.o
       152          0          0        568         40       6852   bsp_can.o
      2090          0          0          0        320      21023   bsp_rc.o
        14          0          0          0          0       1716   bsp_tim.o
         0          0          0          0         14       4108   bsp_uart.o
       430          0          0          0         84       6607   can.o
       298          8          0         36          1       6508   chassis_task.o
       150          0          0          0          0      25832   cmsis_os.o
       282          0          0          0          0       1015   dbus_task.o
       140          0          0          0          0       3503   dma.o
        86          0          0          0          0       1578   filter.o
       478        140        179          0        628       4926   freertos.o
       728         36          0         52         48       8553   gimbal_task.o
       346          0          0          0          0       4156   gpio.o
       734          0          0          0      15392       5600   heap_4.o
       236          0          0          0         84       5276   i2c.o
      3850         52        320         96       2744      10701   ins_task.o
       190          0          0          0          0       2326   list.o
       262          0          0          0          0       6138   main.o
       496         16          0       1020          0       6618   motor.o
       606          4          0          0          0       3463   pid.o
       994         16          0          4          8       4169   port.o
      1856         68          0        172         80       9692   shoot_task.o
       238          0          0          0         88       5117   spi.o
        64         26        392          0       1536        844   startup_stm32f407xx.o
        92          0          0          8          4       7291   stm32f4xx_hal.o
      1160          6          0          0          0      13829   stm32f4xx_hal_can.o
       156          0          0          0          0      10521   stm32f4xx_hal_cortex.o
      1138          6          8          0          0      10595   stm32f4xx_hal_dma.o
       456          0          0          0          0       5254   stm32f4xx_hal_gpio.o
       374          0          0          0          0      53691   stm32f4xx_hal_i2c.o
        66          0          0          0          0       3526   stm32f4xx_hal_msp.o
      1480          0          0          0          0       7357   stm32f4xx_hal_rcc.o
      1200          0          0          0          0      26045   stm32f4xx_hal_spi.o
      2002          4          0          0          0      55032   stm32f4xx_hal_tim.o
       262          0          0          0          0      21237   stm32f4xx_hal_tim_ex.o
       184          0          0          0         72       7259   stm32f4xx_hal_timebase_tim.o
      2748          0          0          0          0      31714   stm32f4xx_hal_uart.o
       132          0          0          0          0       8009   stm32f4xx_it.o
        18          0         24          4          0       2644   system_stm32f4xx.o
       118          0          0          0         20       4432   systemstate_task.o
      2124          8          0          0        300      29484   tasks.o
       754          0          0          0        144       7125   tim.o
       908          0          0          0        684       7957   usart.o
         0          0          0          0         52       1435   vision.o
       352         16          0         44          4       5050   vision_task.o

    ----------------------------------------------------------------------
     31298        414        956       2004      22428     493443   Object Totals
         0          0         32          0          0          0   (incl. Generated)
       222          0          1          0         13          0   (incl. Padding)

    ----------------------------------------------------------------------

      Code (inc. data)   RO Data    RW Data    ZI Data      Debug   Library Member Name

        90          0          0          0          0          0   __dczerorl2.o
         8          0          0          0          0         68   __main.o
         0          0          0          0          0          0   __rtentry.o
        12          0          0          0          0          0   __rtentry2.o
         6          0          0          0          0          0   __rtentry4.o
        52          8          0          0          0          0   __scatter.o
        28          0          0          0          0          0   __scatter_zi.o
        18          0          0          0          0         80   exit.o
         6          0          0          0          0        152   heapauxi.o
         0          0          0          0          0          0   indicate_semi.o
         2          0          0          0          0          0   libinit.o
         6          0          0          0          0          0   libinit2.o
         2          0          0          0          0          0   libshutdown.o
         2          0          0          0          0          0   libshutdown2.o
         8          4          0          0         96         68   libspace.o
       240          0          0          0          0        100   lludivv7m.o
         2          0          0          0          0          0   rtexit.o
        10          0          0          0          0          0   rtexit2.o
        12          4          0          0          0         68   sys_exit.o
        74          0          0          0          0         80   sys_stackheap_outer.o
         2          0          0          0          0         68   use_no_semi.o
        26          0          0          0          0        116   fpinit.o

    ----------------------------------------------------------------------
       614         16          0          0         96        800   Library Totals
         8          0          0          0          0          0   (incl. Padding)

    ----------------------------------------------------------------------

      Code (inc. data)   RO Data    RW Data    ZI Data      Debug   Library Name

       580         16          0          0         96        684   c_w.l
        26          0          0          0          0        116   fz_wm.l

    ----------------------------------------------------------------------
       614         16          0          0         96        800   Library Totals

    ----------------------------------------------------------------------

==============================================================================


      Code (inc. data)   RO Data    RW Data    ZI Data      Debug   

     31912        430        956       2004      22524     493155   Grand Totals
     31912        430        956        256      22524     493155   ELF Image Totals (compressed)
     31912        430        956        256          0          0   ROM Totals

==============================================================================

    Total RO  Size (Code + RO Data)                32868 (  32.10kB)
    Total RW  Size (RW Data + ZI Data)             24528 (  23.95kB)
    Total ROM Size (Code + RO Data + RW Data)      33124 (  32.35kB)

==============================================================================

